Copyright 1986-2022 Xilinx, Inc. All Rights Reserved. Copyright 2022-2024 Advanced Micro Devices, Inc. All Rights Reserved.
---------------------------------------------------------------------------------------------------------------------------------------------
| Tool Version : Vivado v.2024.1 (win64) Build 5076996 Wed May 22 18:37:14 MDT 2024
| Date         : Tue Sep 15 22:57:59 2026
| Host         : SRIKARVELA8715 running 64-bit major release  (build 9200)
| Command      : report_methodology -file C:/work/ptp-timestamping-unit/synth/reports/xc7z020clg400-1/post_route_methodology.rpt
| Design       : ptp_tsu_top
| Device       : xc7z020clg400-1
| Speed File   : -1
| Design State : Fully Routed
---------------------------------------------------------------------------------------------------------------------------------------------

Report Methodology

Table of Contents
-----------------
1. REPORT SUMMARY
2. REPORT DETAILS

1. REPORT SUMMARY
-----------------
            Netlist: ptp_tsu_top
          Floorplan: design_1
      Design limits: <entire design considered>
             Max violations: <unlimited>
             Violations found: 291
+-----------+----------+-------------------------------+------------+
| Rule      | Severity | Description                   | Violations |
+-----------+----------+-------------------------------+------------+
| TIMING-16 | Warning  | Large setup violation         | 108        |
| TIMING-18 | Warning  | Missing input or output delay | 183        |
+-----------+----------+-------------------------------+------------+

2. REPORT DETAILS
-----------------
TIMING-16#1 Warning
Large setup violation  
There is a large setup violation of -1.027 ns between u_clk/time_ns_reg[1]/C (clocked by net_clk) and u_clk/time_sec_reg[15]/D (clocked by net_clk). Large setup violations at the end of those stages might be difficult to fix during the post-placement implementation flow and could be the result of non-optimal XDC constraints or non-optimal design architecture
Related violations: <none>

TIMING-16#2 Warning
Large setup violation  
There is a large setup violation of -1.045 ns between u_hist/bin_mem_reg/CLKARDCLK (clocked by net_clk) and u_hist/bin_mem_reg/DIADI[6] (clocked by net_clk). Large setup violations at the end of those stages might be difficult to fix during the post-placement implementation flow and could be the result of non-optimal XDC constraints or non-optimal design architecture
Related violations: <none>

TIMING-16#3 Warning
Large setup violation  
There is a large setup violation of -1.053 ns between u_hist/bin_mem_reg/CLKARDCLK (clocked by net_clk) and u_hist/bin_mem_reg/DIADI[4] (clocked by net_clk). Large setup violations at the end of those stages might be difficult to fix during the post-placement implementation flow and could be the result of non-optimal XDC constraints or non-optimal design architecture
Related violations: <none>

TIMING-16#4 Warning
Large setup violation  
There is a large setup violation of -1.065 ns between u_hist/bin_mem_reg/CLKARDCLK (clocked by net_clk) and u_hist/bin_mem_reg/DIADI[3] (clocked by net_clk). Large setup violations at the end of those stages might be difficult to fix during the post-placement implementation flow and could be the result of non-optimal XDC constraints or non-optimal design architecture
Related violations: <none>

TIMING-16#5 Warning
Large setup violation  
There is a large setup violation of -1.108 ns between u_hist/bin_mem_reg/CLKARDCLK (clocked by net_clk) and u_hist/bin_mem_reg/DIADI[14] (clocked by net_clk). Large setup violations at the end of those stages might be difficult to fix during the post-placement implementation flow and could be the result of non-optimal XDC constraints or non-optimal design architecture
Related violations: <none>

TIMING-16#6 Warning
Large setup violation  
There is a large setup violation of -1.114 ns between u_clk/time_ns_reg[1]/C (clocked by net_clk) and u_clk/time_ns_reg[15]/D (clocked by net_clk). Large setup violations at the end of those stages might be difficult to fix during the post-placement implementation flow and could be the result of non-optimal XDC constraints or non-optimal design architecture
Related violations: <none>

TIMING-16#7 Warning
Large setup violation  
There is a large setup violation of -1.124 ns between u_hist/bin_mem_reg/CLKARDCLK (clocked by net_clk) and u_hist/bin_mem_reg/DIADI[2] (clocked by net_clk). Large setup violations at the end of those stages might be difficult to fix during the post-placement implementation flow and could be the result of non-optimal XDC constraints or non-optimal design architecture
Related violations: <none>

TIMING-16#8 Warning
Large setup violation  
There is a large setup violation of -1.144 ns between u_clk/time_ns_reg[1]/C (clocked by net_clk) and u_clk/time_sec_reg[13]/D (clocked by net_clk). Large setup violations at the end of those stages might be difficult to fix during the post-placement implementation flow and could be the result of non-optimal XDC constraints or non-optimal design architecture
Related violations: <none>

TIMING-16#9 Warning
Large setup violation  
There is a large setup violation of -1.163 ns between u_clk/time_ns_reg[1]/C (clocked by net_clk) and u_clk/time_sec_reg[29]/D (clocked by net_clk). Large setup violations at the end of those stages might be difficult to fix during the post-placement implementation flow and could be the result of non-optimal XDC constraints or non-optimal design architecture
Related violations: <none>

TIMING-16#10 Warning
Large setup violation  
There is a large setup violation of -1.167 ns between u_clk/time_ns_reg[1]/C (clocked by net_clk) and u_clk/time_sec_reg[18]/D (clocked by net_clk). Large setup violations at the end of those stages might be difficult to fix during the post-placement implementation flow and could be the result of non-optimal XDC constraints or non-optimal design architecture
Related violations: <none>

TIMING-16#11 Warning
Large setup violation  
There is a large setup violation of -1.178 ns between u_clk/time_ns_reg[1]/C (clocked by net_clk) and u_clk/time_sec_reg[21]/D (clocked by net_clk). Large setup violations at the end of those stages might be difficult to fix during the post-placement implementation flow and could be the result of non-optimal XDC constraints or non-optimal design architecture
Related violations: <none>

TIMING-16#12 Warning
Large setup violation  
There is a large setup violation of -1.183 ns between u_clk/time_ns_reg[1]/C (clocked by net_clk) and u_clk/time_ns_reg[25]/D (clocked by net_clk). Large setup violations at the end of those stages might be difficult to fix during the post-placement implementation flow and could be the result of non-optimal XDC constraints or non-optimal design architecture
Related violations: <none>

TIMING-16#13 Warning
Large setup violation  
There is a large setup violation of -1.219 ns between u_clk/time_ns_reg[1]/C (clocked by net_clk) and u_clk/time_ns_reg[22]/D (clocked by net_clk). Large setup violations at the end of those stages might be difficult to fix during the post-placement implementation flow and could be the result of non-optimal XDC constraints or non-optimal design architecture
Related violations: <none>

TIMING-16#14 Warning
Large setup violation  
There is a large setup violation of -1.225 ns between u_clk/time_ns_reg[1]/C (clocked by net_clk) and u_clk/time_sec_reg[24]/D (clocked by net_clk). Large setup violations at the end of those stages might be difficult to fix during the post-placement implementation flow and could be the result of non-optimal XDC constraints or non-optimal design architecture
Related violations: <none>

TIMING-16#15 Warning
Large setup violation  
There is a large setup violation of -1.225 ns between u_hist/bin_mem_reg/CLKARDCLK (clocked by net_clk) and u_hist/bin_mem_reg/DIADI[10] (clocked by net_clk). Large setup violations at the end of those stages might be difficult to fix during the post-placement implementation flow and could be the result of non-optimal XDC constraints or non-optimal design architecture
Related violations: <none>

TIMING-16#16 Warning
Large setup violation  
There is a large setup violation of -1.226 ns between u_clk/time_ns_reg[1]/C (clocked by net_clk) and u_clk/time_ns_reg[2]/D (clocked by net_clk). Large setup violations at the end of those stages might be difficult to fix during the post-placement implementation flow and could be the result of non-optimal XDC constraints or non-optimal design architecture
Related violations: <none>

TIMING-16#17 Warning
Large setup violation  
There is a large setup violation of -1.227 ns between u_clk/time_ns_reg[1]/C (clocked by net_clk) and u_clk/time_ns_reg[13]/D (clocked by net_clk). Large setup violations at the end of those stages might be difficult to fix during the post-placement implementation flow and could be the result of non-optimal XDC constraints or non-optimal design architecture
Related violations: <none>

TIMING-16#18 Warning
Large setup violation  
There is a large setup violation of -1.233 ns between u_clk/time_ns_reg[1]/C (clocked by net_clk) and u_clk/time_ns_reg[5]/D (clocked by net_clk). Large setup violations at the end of those stages might be difficult to fix during the post-placement implementation flow and could be the result of non-optimal XDC constraints or non-optimal design architecture
Related violations: <none>

TIMING-16#19 Warning
Large setup violation  
There is a large setup violation of -1.235 ns between u_clk/time_ns_reg[1]/C (clocked by net_clk) and u_clk/time_ns_reg[14]/D (clocked by net_clk). Large setup violations at the end of those stages might be difficult to fix during the post-placement implementation flow and could be the result of non-optimal XDC constraints or non-optimal design architecture
Related violations: <none>

TIMING-16#20 Warning
Large setup violation  
There is a large setup violation of -1.235 ns between u_hist/bin_mem_reg/CLKARDCLK (clocked by net_clk) and u_hist/bin_mem_reg/DIADI[13] (clocked by net_clk). Large setup violations at the end of those stages might be difficult to fix during the post-placement implementation flow and could be the result of non-optimal XDC constraints or non-optimal design architecture
Related violations: <none>

TIMING-16#21 Warning
Large setup violation  
There is a large setup violation of -1.237 ns between u_clk/time_ns_reg[1]/C (clocked by net_clk) and u_clk/time_ns_reg[20]/D (clocked by net_clk). Large setup violations at the end of those stages might be difficult to fix during the post-placement implementation flow and could be the result of non-optimal XDC constraints or non-optimal design architecture
Related violations: <none>

TIMING-16#22 Warning
Large setup violation  
There is a large setup violation of -1.239 ns between u_clk/time_ns_reg[1]/C (clocked by net_clk) and u_clk/time_ns_reg[26]/D (clocked by net_clk). Large setup violations at the end of those stages might be difficult to fix during the post-placement implementation flow and could be the result of non-optimal XDC constraints or non-optimal design architecture
Related violations: <none>

TIMING-16#23 Warning
Large setup violation  
There is a large setup violation of -1.243 ns between u_clk/time_ns_reg[1]/C (clocked by net_clk) and u_clk/time_sec_reg[35]/D (clocked by net_clk). Large setup violations at the end of those stages might be difficult to fix during the post-placement implementation flow and could be the result of non-optimal XDC constraints or non-optimal design architecture
Related violations: <none>

TIMING-16#24 Warning
Large setup violation  
There is a large setup violation of -1.249 ns between u_hist/bin_mem_reg/CLKARDCLK (clocked by net_clk) and u_hist/bin_mem_reg/DIBDI[2] (clocked by net_clk). Large setup violations at the end of those stages might be difficult to fix during the post-placement implementation flow and could be the result of non-optimal XDC constraints or non-optimal design architecture
Related violations: <none>

TIMING-16#25 Warning
Large setup violation  
There is a large setup violation of -1.259 ns between u_hist/bin_mem_reg/CLKARDCLK (clocked by net_clk) and u_hist/bin_mem_reg/DIADI[9] (clocked by net_clk). Large setup violations at the end of those stages might be difficult to fix during the post-placement implementation flow and could be the result of non-optimal XDC constraints or non-optimal design architecture
Related violations: <none>

TIMING-16#26 Warning
Large setup violation  
There is a large setup violation of -1.270 ns between u_clk/time_ns_reg[1]/C (clocked by net_clk) and u_clk/time_sec_reg[41]/D (clocked by net_clk). Large setup violations at the end of those stages might be difficult to fix during the post-placement implementation flow and could be the result of non-optimal XDC constraints or non-optimal design architecture
Related violations: <none>

TIMING-16#27 Warning
Large setup violation  
There is a large setup violation of -1.273 ns between u_hist/bin_mem_reg/CLKARDCLK (clocked by net_clk) and u_hist/bin_mem_reg/DIBDI[6] (clocked by net_clk). Large setup violations at the end of those stages might be difficult to fix during the post-placement implementation flow and could be the result of non-optimal XDC constraints or non-optimal design architecture
Related violations: <none>

TIMING-16#28 Warning
Large setup violation  
There is a large setup violation of -1.277 ns between u_clk/time_ns_reg[1]/C (clocked by net_clk) and u_clk/time_sec_reg[32]/D (clocked by net_clk). Large setup violations at the end of those stages might be difficult to fix during the post-placement implementation flow and could be the result of non-optimal XDC constraints or non-optimal design architecture
Related violations: <none>

TIMING-16#29 Warning
Large setup violation  
There is a large setup violation of -1.286 ns between u_clk/time_ns_reg[1]/C (clocked by net_clk) and u_clk/time_sec_reg[22]/D (clocked by net_clk). Large setup violations at the end of those stages might be difficult to fix during the post-placement implementation flow and could be the result of non-optimal XDC constraints or non-optimal design architecture
Related violations: <none>

TIMING-16#30 Warning
Large setup violation  
There is a large setup violation of -1.290 ns between u_clk/time_ns_reg[1]/C (clocked by net_clk) and u_clk/time_ns_reg[18]/D (clocked by net_clk). Large setup violations at the end of those stages might be difficult to fix during the post-placement implementation flow and could be the result of non-optimal XDC constraints or non-optimal design architecture
Related violations: <none>

TIMING-16#31 Warning
Large setup violation  
There is a large setup violation of -1.298 ns between u_clk/time_ns_reg[1]/C (clocked by net_clk) and u_clk/time_ns_reg[17]/D (clocked by net_clk). Large setup violations at the end of those stages might be difficult to fix during the post-placement implementation flow and could be the result of non-optimal XDC constraints or non-optimal design architecture
Related violations: <none>

TIMING-16#32 Warning
Large setup violation  
There is a large setup violation of -1.299 ns between u_clk/time_ns_reg[1]/C (clocked by net_clk) and u_clk/time_ns_reg[30]/D (clocked by net_clk). Large setup violations at the end of those stages might be difficult to fix during the post-placement implementation flow and could be the result of non-optimal XDC constraints or non-optimal design architecture
Related violations: <none>

TIMING-16#33 Warning
Large setup violation  
There is a large setup violation of -1.302 ns between u_clk/time_ns_reg[1]/C (clocked by net_clk) and u_clk/time_ns_reg[16]/D (clocked by net_clk). Large setup violations at the end of those stages might be difficult to fix during the post-placement implementation flow and could be the result of non-optimal XDC constraints or non-optimal design architecture
Related violations: <none>

TIMING-16#34 Warning
Large setup violation  
There is a large setup violation of -1.304 ns between u_clk/time_ns_reg[1]/C (clocked by net_clk) and u_clk/time_sec_reg[23]/D (clocked by net_clk). Large setup violations at the end of those stages might be difficult to fix during the post-placement implementation flow and could be the result of non-optimal XDC constraints or non-optimal design architecture
Related violations: <none>

TIMING-16#35 Warning
Large setup violation  
There is a large setup violation of -1.305 ns between u_clk/time_ns_reg[1]/C (clocked by net_clk) and u_clk/time_ns_reg[8]/D (clocked by net_clk). Large setup violations at the end of those stages might be difficult to fix during the post-placement implementation flow and could be the result of non-optimal XDC constraints or non-optimal design architecture
Related violations: <none>

TIMING-16#36 Warning
Large setup violation  
There is a large setup violation of -1.307 ns between u_clk/time_ns_reg[1]/C (clocked by net_clk) and u_clk/time_sec_reg[36]/D (clocked by net_clk). Large setup violations at the end of those stages might be difficult to fix during the post-placement implementation flow and could be the result of non-optimal XDC constraints or non-optimal design architecture
Related violations: <none>

TIMING-16#37 Warning
Large setup violation  
There is a large setup violation of -1.309 ns between u_hist/bin_mem_reg/CLKARDCLK (clocked by net_clk) and u_hist/bin_mem_reg/DIADI[8] (clocked by net_clk). Large setup violations at the end of those stages might be difficult to fix during the post-placement implementation flow and could be the result of non-optimal XDC constraints or non-optimal design architecture
Related violations: <none>

TIMING-16#38 Warning
Large setup violation  
There is a large setup violation of -1.311 ns between u_hist/bin_mem_reg/CLKARDCLK (clocked by net_clk) and u_hist/bin_mem_reg/DIADI[5] (clocked by net_clk). Large setup violations at the end of those stages might be difficult to fix during the post-placement implementation flow and could be the result of non-optimal XDC constraints or non-optimal design architecture
Related violations: <none>

TIMING-16#39 Warning
Large setup violation  
There is a large setup violation of -1.312 ns between u_clk/time_ns_reg[1]/C (clocked by net_clk) and u_clk/time_ns_reg[23]/D (clocked by net_clk). Large setup violations at the end of those stages might be difficult to fix during the post-placement implementation flow and could be the result of non-optimal XDC constraints or non-optimal design architecture
Related violations: <none>

TIMING-16#40 Warning
Large setup violation  
There is a large setup violation of -1.315 ns between u_clk/time_ns_reg[1]/C (clocked by net_clk) and u_clk/time_ns_reg[12]/D (clocked by net_clk). Large setup violations at the end of those stages might be difficult to fix during the post-placement implementation flow and could be the result of non-optimal XDC constraints or non-optimal design architecture
Related violations: <none>

TIMING-16#41 Warning
Large setup violation  
There is a large setup violation of -1.315 ns between u_hist/bin_mem_reg/CLKARDCLK (clocked by net_clk) and u_hist/bin_mem_reg/DIBDI[7] (clocked by net_clk). Large setup violations at the end of those stages might be difficult to fix during the post-placement implementation flow and could be the result of non-optimal XDC constraints or non-optimal design architecture
Related violations: <none>

TIMING-16#42 Warning
Large setup violation  
There is a large setup violation of -1.318 ns between u_clk/time_ns_reg[1]/C (clocked by net_clk) and u_clk/time_ns_reg[29]/D (clocked by net_clk). Large setup violations at the end of those stages might be difficult to fix during the post-placement implementation flow and could be the result of non-optimal XDC constraints or non-optimal design architecture
Related violations: <none>

TIMING-16#43 Warning
Large setup violation  
There is a large setup violation of -1.318 ns between u_clk/time_ns_reg[1]/C (clocked by net_clk) and u_clk/time_sec_reg[37]/D (clocked by net_clk). Large setup violations at the end of those stages might be difficult to fix during the post-placement implementation flow and could be the result of non-optimal XDC constraints or non-optimal design architecture
Related violations: <none>

TIMING-16#44 Warning
Large setup violation  
There is a large setup violation of -1.320 ns between u_hist/bin_mem_reg/CLKARDCLK (clocked by net_clk) and u_hist/bin_mem_reg/DIADI[7] (clocked by net_clk). Large setup violations at the end of those stages might be difficult to fix during the post-placement implementation flow and could be the result of non-optimal XDC constraints or non-optimal design architecture
Related violations: <none>

TIMING-16#45 Warning
Large setup violation  
There is a large setup violation of -1.325 ns between u_clk/time_ns_reg[1]/C (clocked by net_clk) and u_clk/time_sec_reg[19]/D (clocked by net_clk). Large setup violations at the end of those stages might be difficult to fix during the post-placement implementation flow and could be the result of non-optimal XDC constraints or non-optimal design architecture
Related violations: <none>

TIMING-16#46 Warning
Large setup violation  
There is a large setup violation of -1.329 ns between u_hist/bin_mem_reg/CLKARDCLK (clocked by net_clk) and u_hist/bin_mem_reg/DIBDI[0] (clocked by net_clk). Large setup violations at the end of those stages might be difficult to fix during the post-placement implementation flow and could be the result of non-optimal XDC constraints or non-optimal design architecture
Related violations: <none>

TIMING-16#47 Warning
Large setup violation  
There is a large setup violation of -1.337 ns between u_clk/time_ns_reg[1]/C (clocked by net_clk) and u_clk/time_ns_reg[4]/D (clocked by net_clk). Large setup violations at the end of those stages might be difficult to fix during the post-placement implementation flow and could be the result of non-optimal XDC constraints or non-optimal design architecture
Related violations: <none>

TIMING-16#48 Warning
Large setup violation  
There is a large setup violation of -1.339 ns between u_clk/time_ns_reg[1]/C (clocked by net_clk) and u_clk/time_ns_reg[19]/D (clocked by net_clk). Large setup violations at the end of those stages might be difficult to fix during the post-placement implementation flow and could be the result of non-optimal XDC constraints or non-optimal design architecture
Related violations: <none>

TIMING-16#49 Warning
Large setup violation  
There is a large setup violation of -1.346 ns between u_hist/bin_mem_reg/CLKARDCLK (clocked by net_clk) and u_hist/bin_mem_reg/DIBDI[4] (clocked by net_clk). Large setup violations at the end of those stages might be difficult to fix during the post-placement implementation flow and could be the result of non-optimal XDC constraints or non-optimal design architecture
Related violations: <none>

TIMING-16#50 Warning
Large setup violation  
There is a large setup violation of -1.350 ns between u_hist/bin_mem_reg/CLKARDCLK (clocked by net_clk) and u_hist/bin_mem_reg/DIADI[15] (clocked by net_clk). Large setup violations at the end of those stages might be difficult to fix during the post-placement implementation flow and could be the result of non-optimal XDC constraints or non-optimal design architecture
Related violations: <none>

TIMING-16#51 Warning
Large setup violation  
There is a large setup violation of -1.351 ns between u_hist/bin_mem_reg/CLKARDCLK (clocked by net_clk) and u_hist/bin_mem_reg/DIBDI[3] (clocked by net_clk). Large setup violations at the end of those stages might be difficult to fix during the post-placement implementation flow and could be the result of non-optimal XDC constraints or non-optimal design architecture
Related violations: <none>

TIMING-16#52 Warning
Large setup violation  
There is a large setup violation of -1.360 ns between u_hist/bin_mem_reg/CLKARDCLK (clocked by net_clk) and u_hist/bin_mem_reg/DIADI[11] (clocked by net_clk). Large setup violations at the end of those stages might be difficult to fix during the post-placement implementation flow and could be the result of non-optimal XDC constraints or non-optimal design architecture
Related violations: <none>

TIMING-16#53 Warning
Large setup violation  
There is a large setup violation of -1.361 ns between u_clk/time_ns_reg[1]/C (clocked by net_clk) and u_clk/time_ns_reg[10]/D (clocked by net_clk). Large setup violations at the end of those stages might be difficult to fix during the post-placement implementation flow and could be the result of non-optimal XDC constraints or non-optimal design architecture
Related violations: <none>

TIMING-16#54 Warning
Large setup violation  
There is a large setup violation of -1.366 ns between u_clk/time_ns_reg[1]/C (clocked by net_clk) and u_clk/time_ns_reg[3]/D (clocked by net_clk). Large setup violations at the end of those stages might be difficult to fix during the post-placement implementation flow and could be the result of non-optimal XDC constraints or non-optimal design architecture
Related violations: <none>

TIMING-16#55 Warning
Large setup violation  
There is a large setup violation of -1.368 ns between u_clk/time_ns_reg[1]/C (clocked by net_clk) and u_clk/time_ns_reg[6]/D (clocked by net_clk). Large setup violations at the end of those stages might be difficult to fix during the post-placement implementation flow and could be the result of non-optimal XDC constraints or non-optimal design architecture
Related violations: <none>

TIMING-16#56 Warning
Large setup violation  
There is a large setup violation of -1.369 ns between u_clk/time_ns_reg[1]/C (clocked by net_clk) and u_clk/time_sec_reg[0]/D (clocked by net_clk). Large setup violations at the end of those stages might be difficult to fix during the post-placement implementation flow and could be the result of non-optimal XDC constraints or non-optimal design architecture
Related violations: <none>

TIMING-16#57 Warning
Large setup violation  
There is a large setup violation of -1.373 ns between u_clk/time_ns_reg[1]/C (clocked by net_clk) and u_clk/time_sec_reg[30]/D (clocked by net_clk). Large setup violations at the end of those stages might be difficult to fix during the post-placement implementation flow and could be the result of non-optimal XDC constraints or non-optimal design architecture
Related violations: <none>

TIMING-16#58 Warning
Large setup violation  
There is a large setup violation of -1.391 ns between u_clk/time_ns_reg[1]/C (clocked by net_clk) and u_clk/time_ns_reg[9]/D (clocked by net_clk). Large setup violations at the end of those stages might be difficult to fix during the post-placement implementation flow and could be the result of non-optimal XDC constraints or non-optimal design architecture
Related violations: <none>

TIMING-16#59 Warning
Large setup violation  
There is a large setup violation of -1.399 ns between u_clk/time_ns_reg[1]/C (clocked by net_clk) and u_clk/time_sec_reg[9]/D (clocked by net_clk). Large setup violations at the end of those stages might be difficult to fix during the post-placement implementation flow and could be the result of non-optimal XDC constraints or non-optimal design architecture
Related violations: <none>

TIMING-16#60 Warning
Large setup violation  
There is a large setup violation of -1.405 ns between u_hist/bin_mem_reg/CLKARDCLK (clocked by net_clk) and u_hist/bin_mem_reg/DIBDI[5] (clocked by net_clk). Large setup violations at the end of those stages might be difficult to fix during the post-placement implementation flow and could be the result of non-optimal XDC constraints or non-optimal design architecture
Related violations: <none>

TIMING-16#61 Warning
Large setup violation  
There is a large setup violation of -1.409 ns between u_clk/time_ns_reg[1]/C (clocked by net_clk) and u_clk/time_ns_reg[7]/D (clocked by net_clk). Large setup violations at the end of those stages might be difficult to fix during the post-placement implementation flow and could be the result of non-optimal XDC constraints or non-optimal design architecture
Related violations: <none>

TIMING-16#62 Warning
Large setup violation  
There is a large setup violation of -1.411 ns between u_clk/time_ns_reg[1]/C (clocked by net_clk) and u_clk/time_sec_reg[46]/D (clocked by net_clk). Large setup violations at the end of those stages might be difficult to fix during the post-placement implementation flow and could be the result of non-optimal XDC constraints or non-optimal design architecture
Related violations: <none>

TIMING-16#63 Warning
Large setup violation  
There is a large setup violation of -1.416 ns between u_clk/time_ns_reg[1]/C (clocked by net_clk) and u_clk/time_ns_reg[1]/D (clocked by net_clk). Large setup violations at the end of those stages might be difficult to fix during the post-placement implementation flow and could be the result of non-optimal XDC constraints or non-optimal design architecture
Related violations: <none>

TIMING-16#64 Warning
Large setup violation  
There is a large setup violation of -1.416 ns between u_clk/time_ns_reg[1]/C (clocked by net_clk) and u_clk/time_sec_reg[33]/D (clocked by net_clk). Large setup violations at the end of those stages might be difficult to fix during the post-placement implementation flow and could be the result of non-optimal XDC constraints or non-optimal design architecture
Related violations: <none>

TIMING-16#65 Warning
Large setup violation  
There is a large setup violation of -1.427 ns between u_hist/bin_mem_reg/CLKARDCLK (clocked by net_clk) and u_hist/bin_mem_reg/DIBDI[12] (clocked by net_clk). Large setup violations at the end of those stages might be difficult to fix during the post-placement implementation flow and could be the result of non-optimal XDC constraints or non-optimal design architecture
Related violations: <none>

TIMING-16#66 Warning
Large setup violation  
There is a large setup violation of -1.429 ns between u_hist/bin_mem_reg/CLKARDCLK (clocked by net_clk) and u_hist/bin_mem_reg/DIBDI[1] (clocked by net_clk). Large setup violations at the end of those stages might be difficult to fix during the post-placement implementation flow and could be the result of non-optimal XDC constraints or non-optimal design architecture
Related violations: <none>

TIMING-16#67 Warning
Large setup violation  
There is a large setup violation of -1.436 ns between u_clk/time_ns_reg[1]/C (clocked by net_clk) and u_clk/time_sec_reg[5]/D (clocked by net_clk). Large setup violations at the end of those stages might be difficult to fix during the post-placement implementation flow and could be the result of non-optimal XDC constraints or non-optimal design architecture
Related violations: <none>

TIMING-16#68 Warning
Large setup violation  
There is a large setup violation of -1.437 ns between u_hist/bin_mem_reg/CLKARDCLK (clocked by net_clk) and u_hist/bin_mem_reg/DIBDI[10] (clocked by net_clk). Large setup violations at the end of those stages might be difficult to fix during the post-placement implementation flow and could be the result of non-optimal XDC constraints or non-optimal design architecture
Related violations: <none>

TIMING-16#69 Warning
Large setup violation  
There is a large setup violation of -1.449 ns between u_clk/time_ns_reg[1]/C (clocked by net_clk) and u_clk/time_sec_reg[10]/D (clocked by net_clk). Large setup violations at the end of those stages might be difficult to fix during the post-placement implementation flow and could be the result of non-optimal XDC constraints or non-optimal design architecture
Related violations: <none>

TIMING-16#70 Warning
Large setup violation  
There is a large setup violation of -1.453 ns between u_hist/bin_mem_reg/CLKARDCLK (clocked by net_clk) and u_hist/bin_mem_reg/DIBDI[8] (clocked by net_clk). Large setup violations at the end of those stages might be difficult to fix during the post-placement implementation flow and could be the result of non-optimal XDC constraints or non-optimal design architecture
Related violations: <none>

TIMING-16#71 Warning
Large setup violation  
There is a large setup violation of -1.455 ns between u_clk/time_ns_reg[1]/C (clocked by net_clk) and u_clk/time_ns_reg[24]/D (clocked by net_clk). Large setup violations at the end of those stages might be difficult to fix during the post-placement implementation flow and could be the result of non-optimal XDC constraints or non-optimal design architecture
Related violations: <none>

TIMING-16#72 Warning
Large setup violation  
There is a large setup violation of -1.456 ns between u_clk/time_ns_reg[1]/C (clocked by net_clk) and u_clk/time_ns_reg[0]/D (clocked by net_clk). Large setup violations at the end of those stages might be difficult to fix during the post-placement implementation flow and could be the result of non-optimal XDC constraints or non-optimal design architecture
Related violations: <none>

TIMING-16#73 Warning
Large setup violation  
There is a large setup violation of -1.459 ns between u_clk/time_ns_reg[1]/C (clocked by net_clk) and u_clk/time_sec_reg[16]/D (clocked by net_clk). Large setup violations at the end of those stages might be difficult to fix during the post-placement implementation flow and could be the result of non-optimal XDC constraints or non-optimal design architecture
Related violations: <none>

TIMING-16#74 Warning
Large setup violation  
There is a large setup violation of -1.459 ns between u_clk/time_ns_reg[1]/C (clocked by net_clk) and u_clk/time_sec_reg[43]/D (clocked by net_clk). Large setup violations at the end of those stages might be difficult to fix during the post-placement implementation flow and could be the result of non-optimal XDC constraints or non-optimal design architecture
Related violations: <none>

TIMING-16#75 Warning
Large setup violation  
There is a large setup violation of -1.460 ns between u_clk/time_ns_reg[1]/C (clocked by net_clk) and u_clk/time_sec_reg[20]/D (clocked by net_clk). Large setup violations at the end of those stages might be difficult to fix during the post-placement implementation flow and could be the result of non-optimal XDC constraints or non-optimal design architecture
Related violations: <none>

TIMING-16#76 Warning
Large setup violation  
There is a large setup violation of -1.467 ns between u_clk/time_ns_reg[1]/C (clocked by net_clk) and u_clk/time_sec_reg[1]/D (clocked by net_clk). Large setup violations at the end of those stages might be difficult to fix during the post-placement implementation flow and could be the result of non-optimal XDC constraints or non-optimal design architecture
Related violations: <none>

TIMING-16#77 Warning
Large setup violation  
There is a large setup violation of -1.471 ns between u_clk/time_ns_reg[1]/C (clocked by net_clk) and u_clk/time_ns_reg[11]/D (clocked by net_clk). Large setup violations at the end of those stages might be difficult to fix during the post-placement implementation flow and could be the result of non-optimal XDC constraints or non-optimal design architecture
Related violations: <none>

TIMING-16#78 Warning
Large setup violation  
There is a large setup violation of -1.473 ns between u_clk/time_ns_reg[1]/C (clocked by net_clk) and u_clk/time_sec_reg[38]/D (clocked by net_clk). Large setup violations at the end of those stages might be difficult to fix during the post-placement implementation flow and could be the result of non-optimal XDC constraints or non-optimal design architecture
Related violations: <none>

TIMING-16#79 Warning
Large setup violation  
There is a large setup violation of -1.477 ns between u_clk/time_ns_reg[1]/C (clocked by net_clk) and u_clk/time_sec_reg[34]/D (clocked by net_clk). Large setup violations at the end of those stages might be difficult to fix during the post-placement implementation flow and could be the result of non-optimal XDC constraints or non-optimal design architecture
Related violations: <none>

TIMING-16#80 Warning
Large setup violation  
There is a large setup violation of -1.478 ns between u_clk/time_ns_reg[1]/C (clocked by net_clk) and u_clk/time_sec_reg[12]/D (clocked by net_clk). Large setup violations at the end of those stages might be difficult to fix during the post-placement implementation flow and could be the result of non-optimal XDC constraints or non-optimal design architecture
Related violations: <none>

TIMING-16#81 Warning
Large setup violation  
There is a large setup violation of -1.489 ns between u_clk/time_ns_reg[1]/C (clocked by net_clk) and u_clk/time_sec_reg[8]/D (clocked by net_clk). Large setup violations at the end of those stages might be difficult to fix during the post-placement implementation flow and could be the result of non-optimal XDC constraints or non-optimal design architecture
Related violations: <none>

TIMING-16#82 Warning
Large setup violation  
There is a large setup violation of -1.491 ns between u_clk/time_ns_reg[1]/C (clocked by net_clk) and u_clk/time_sec_reg[4]/D (clocked by net_clk). Large setup violations at the end of those stages might be difficult to fix during the post-placement implementation flow and could be the result of non-optimal XDC constraints or non-optimal design architecture
Related violations: <none>

TIMING-16#83 Warning
Large setup violation  
There is a large setup violation of -1.492 ns between u_clk/time_ns_reg[1]/C (clocked by net_clk) and u_clk/time_ns_reg[21]/D (clocked by net_clk). Large setup violations at the end of those stages might be difficult to fix during the post-placement implementation flow and could be the result of non-optimal XDC constraints or non-optimal design architecture
Related violations: <none>

TIMING-16#84 Warning
Large setup violation  
There is a large setup violation of -1.498 ns between u_clk/time_ns_reg[1]/C (clocked by net_clk) and u_clk/time_sec_reg[44]/D (clocked by net_clk). Large setup violations at the end of those stages might be difficult to fix during the post-placement implementation flow and could be the result of non-optimal XDC constraints or non-optimal design architecture
Related violations: <none>

TIMING-16#85 Warning
Large setup violation  
There is a large setup violation of -1.501 ns between u_clk/time_ns_reg[1]/C (clocked by net_clk) and u_clk/time_sec_reg[25]/D (clocked by net_clk). Large setup violations at the end of those stages might be difficult to fix during the post-placement implementation flow and could be the result of non-optimal XDC constraints or non-optimal design architecture
Related violations: <none>

TIMING-16#86 Warning
Large setup violation  
There is a large setup violation of -1.503 ns between u_clk/time_ns_reg[1]/C (clocked by net_clk) and u_clk/time_ns_reg[28]/D (clocked by net_clk). Large setup violations at the end of those stages might be difficult to fix during the post-placement implementation flow and could be the result of non-optimal XDC constraints or non-optimal design architecture
Related violations: <none>

TIMING-16#87 Warning
Large setup violation  
There is a large setup violation of -1.504 ns between u_clk/time_ns_reg[1]/C (clocked by net_clk) and u_clk/time_ns_reg[27]/D (clocked by net_clk). Large setup violations at the end of those stages might be difficult to fix during the post-placement implementation flow and could be the result of non-optimal XDC constraints or non-optimal design architecture
Related violations: <none>

TIMING-16#88 Warning
Large setup violation  
There is a large setup violation of -1.506 ns between u_clk/time_ns_reg[1]/C (clocked by net_clk) and u_clk/time_sec_reg[11]/D (clocked by net_clk). Large setup violations at the end of those stages might be difficult to fix during the post-placement implementation flow and could be the result of non-optimal XDC constraints or non-optimal design architecture
Related violations: <none>

TIMING-16#89 Warning
Large setup violation  
There is a large setup violation of -1.512 ns between u_clk/time_ns_reg[1]/C (clocked by net_clk) and u_clk/time_sec_reg[6]/D (clocked by net_clk). Large setup violations at the end of those stages might be difficult to fix during the post-placement implementation flow and could be the result of non-optimal XDC constraints or non-optimal design architecture
Related violations: <none>

TIMING-16#90 Warning
Large setup violation  
There is a large setup violation of -1.517 ns between u_clk/time_ns_reg[1]/C (clocked by net_clk) and u_clk/time_sec_reg[31]/D (clocked by net_clk). Large setup violations at the end of those stages might be difficult to fix during the post-placement implementation flow and could be the result of non-optimal XDC constraints or non-optimal design architecture
Related violations: <none>

TIMING-16#91 Warning
Large setup violation  
There is a large setup violation of -1.520 ns between u_clk/time_ns_reg[1]/C (clocked by net_clk) and u_clk/time_sec_reg[3]/D (clocked by net_clk). Large setup violations at the end of those stages might be difficult to fix during the post-placement implementation flow and could be the result of non-optimal XDC constraints or non-optimal design architecture
Related violations: <none>

TIMING-16#92 Warning
Large setup violation  
There is a large setup violation of -1.526 ns between u_clk/time_ns_reg[1]/C (clocked by net_clk) and u_clk/time_sec_reg[2]/D (clocked by net_clk). Large setup violations at the end of those stages might be difficult to fix during the post-placement implementation flow and could be the result of non-optimal XDC constraints or non-optimal design architecture
Related violations: <none>

TIMING-16#93 Warning
Large setup violation  
There is a large setup violation of -1.537 ns between u_clk/time_ns_reg[1]/C (clocked by net_clk) and u_clk/time_sec_reg[17]/D (clocked by net_clk). Large setup violations at the end of those stages might be difficult to fix during the post-placement implementation flow and could be the result of non-optimal XDC constraints or non-optimal design architecture
Related violations: <none>

TIMING-16#94 Warning
Large setup violation  
There is a large setup violation of -1.544 ns between u_hist/bin_mem_reg/CLKARDCLK (clocked by net_clk) and u_hist/bin_mem_reg/DIBDI[11] (clocked by net_clk). Large setup violations at the end of those stages might be difficult to fix during the post-placement implementation flow and could be the result of non-optimal XDC constraints or non-optimal design architecture
Related violations: <none>

TIMING-16#95 Warning
Large setup violation  
There is a large setup violation of -1.547 ns between u_hist/bin_mem_reg/CLKARDCLK (clocked by net_clk) and u_hist/bin_mem_reg/DIBDI[15] (clocked by net_clk). Large setup violations at the end of those stages might be difficult to fix during the post-placement implementation flow and could be the result of non-optimal XDC constraints or non-optimal design architecture
Related violations: <none>

TIMING-16#96 Warning
Large setup violation  
There is a large setup violation of -1.569 ns between u_clk/time_ns_reg[1]/C (clocked by net_clk) and u_clk/time_sec_reg[7]/D (clocked by net_clk). Large setup violations at the end of those stages might be difficult to fix during the post-placement implementation flow and could be the result of non-optimal XDC constraints or non-optimal design architecture
Related violations: <none>

TIMING-16#97 Warning
Large setup violation  
There is a large setup violation of -1.585 ns between u_hist/bin_mem_reg/CLKARDCLK (clocked by net_clk) and u_hist/bin_mem_reg/DIBDI[14] (clocked by net_clk). Large setup violations at the end of those stages might be difficult to fix during the post-placement implementation flow and could be the result of non-optimal XDC constraints or non-optimal design architecture
Related violations: <none>

TIMING-16#98 Warning
Large setup violation  
There is a large setup violation of -1.590 ns between u_clk/time_ns_reg[1]/C (clocked by net_clk) and u_clk/time_sec_reg[42]/D (clocked by net_clk). Large setup violations at the end of those stages might be difficult to fix during the post-placement implementation flow and could be the result of non-optimal XDC constraints or non-optimal design architecture
Related violations: <none>

TIMING-16#99 Warning
Large setup violation  
There is a large setup violation of -1.597 ns between u_clk/time_ns_reg[1]/C (clocked by net_clk) and u_clk/time_sec_reg[45]/D (clocked by net_clk). Large setup violations at the end of those stages might be difficult to fix during the post-placement implementation flow and could be the result of non-optimal XDC constraints or non-optimal design architecture
Related violations: <none>

TIMING-16#100 Warning
Large setup violation  
There is a large setup violation of -1.605 ns between u_clk/time_ns_reg[1]/C (clocked by net_clk) and u_clk/time_sec_reg[39]/D (clocked by net_clk). Large setup violations at the end of those stages might be difficult to fix during the post-placement implementation flow and could be the result of non-optimal XDC constraints or non-optimal design architecture
Related violations: <none>

TIMING-16#101 Warning
Large setup violation  
There is a large setup violation of -1.621 ns between u_hist/bin_mem_reg/CLKARDCLK (clocked by net_clk) and u_hist/bin_mem_reg/DIBDI[9] (clocked by net_clk). Large setup violations at the end of those stages might be difficult to fix during the post-placement implementation flow and could be the result of non-optimal XDC constraints or non-optimal design architecture
Related violations: <none>

TIMING-16#102 Warning
Large setup violation  
There is a large setup violation of -1.631 ns between u_clk/time_ns_reg[1]/C (clocked by net_clk) and u_clk/time_sec_reg[14]/D (clocked by net_clk). Large setup violations at the end of those stages might be difficult to fix during the post-placement implementation flow and could be the result of non-optimal XDC constraints or non-optimal design architecture
Related violations: <none>

TIMING-16#103 Warning
Large setup violation  
There is a large setup violation of -1.645 ns between u_clk/time_ns_reg[1]/C (clocked by net_clk) and u_clk/time_sec_reg[28]/D (clocked by net_clk). Large setup violations at the end of those stages might be difficult to fix during the post-placement implementation flow and could be the result of non-optimal XDC constraints or non-optimal design architecture
Related violations: <none>

TIMING-16#104 Warning
Large setup violation  
There is a large setup violation of -1.646 ns between u_clk/time_ns_reg[1]/C (clocked by net_clk) and u_clk/time_sec_reg[27]/D (clocked by net_clk). Large setup violations at the end of those stages might be difficult to fix during the post-placement implementation flow and could be the result of non-optimal XDC constraints or non-optimal design architecture
Related violations: <none>

TIMING-16#105 Warning
Large setup violation  
There is a large setup violation of -1.684 ns between u_hist/bin_mem_reg/CLKARDCLK (clocked by net_clk) and u_hist/bin_mem_reg/DIBDI[13] (clocked by net_clk). Large setup violations at the end of those stages might be difficult to fix during the post-placement implementation flow and could be the result of non-optimal XDC constraints or non-optimal design architecture
Related violations: <none>

TIMING-16#106 Warning
Large setup violation  
There is a large setup violation of -1.698 ns between u_clk/time_ns_reg[1]/C (clocked by net_clk) and u_clk/time_sec_reg[47]/D (clocked by net_clk). Large setup violations at the end of those stages might be difficult to fix during the post-placement implementation flow and could be the result of non-optimal XDC constraints or non-optimal design architecture
Related violations: <none>

TIMING-16#107 Warning
Large setup violation  
There is a large setup violation of -1.701 ns between u_clk/time_ns_reg[1]/C (clocked by net_clk) and u_clk/time_sec_reg[26]/D (clocked by net_clk). Large setup violations at the end of those stages might be difficult to fix during the post-placement implementation flow and could be the result of non-optimal XDC constraints or non-optimal design architecture
Related violations: <none>

TIMING-16#108 Warning
Large setup violation  
There is a large setup violation of -1.701 ns between u_clk/time_ns_reg[1]/C (clocked by net_clk) and u_clk/time_sec_reg[40]/D (clocked by net_clk). Large setup violations at the end of those stages might be difficult to fix during the post-placement implementation flow and could be the result of non-optimal XDC constraints or non-optimal design architecture
Related violations: <none>

TIMING-18#1 Warning
Missing input or output delay  
An input delay is missing on aresetn relative to the rising and/or falling clock edge(s) of aclk.
Related violations: <none>

TIMING-18#2 Warning
Missing input or output delay  
An input delay is missing on event_in relative to the rising and/or falling clock edge(s) of net_clk.
Related violations: <none>

TIMING-18#3 Warning
Missing input or output delay  
An input delay is missing on event_out relative to the rising and/or falling clock edge(s) of net_clk.
Related violations: <none>

TIMING-18#4 Warning
Missing input or output delay  
An input delay is missing on net_rst_n relative to the rising and/or falling clock edge(s) of net_clk.
Related violations: <none>

TIMING-18#5 Warning
Missing input or output delay  
An input delay is missing on s_axi_araddr[0] relative to the rising and/or falling clock edge(s) of aclk.
Related violations: <none>

TIMING-18#6 Warning
Missing input or output delay  
An input delay is missing on s_axi_araddr[10] relative to the rising and/or falling clock edge(s) of aclk.
Related violations: <none>

TIMING-18#7 Warning
Missing input or output delay  
An input delay is missing on s_axi_araddr[11] relative to the rising and/or falling clock edge(s) of aclk.
Related violations: <none>

TIMING-18#8 Warning
Missing input or output delay  
An input delay is missing on s_axi_araddr[1] relative to the rising and/or falling clock edge(s) of aclk.
Related violations: <none>

TIMING-18#9 Warning
Missing input or output delay  
An input delay is missing on s_axi_araddr[2] relative to the rising and/or falling clock edge(s) of aclk.
Related violations: <none>

TIMING-18#10 Warning
Missing input or output delay  
An input delay is missing on s_axi_araddr[3] relative to the rising and/or falling clock edge(s) of aclk.
Related violations: <none>

TIMING-18#11 Warning
Missing input or output delay  
An input delay is missing on s_axi_araddr[4] relative to the rising and/or falling clock edge(s) of aclk.
Related violations: <none>

TIMING-18#12 Warning
Missing input or output delay  
An input delay is missing on s_axi_araddr[5] relative to the rising and/or falling clock edge(s) of aclk.
Related violations: <none>

TIMING-18#13 Warning
Missing input or output delay  
An input delay is missing on s_axi_araddr[6] relative to the rising and/or falling clock edge(s) of aclk.
Related violations: <none>

TIMING-18#14 Warning
Missing input or output delay  
An input delay is missing on s_axi_araddr[7] relative to the rising and/or falling clock edge(s) of aclk.
Related violations: <none>

TIMING-18#15 Warning
Missing input or output delay  
An input delay is missing on s_axi_araddr[8] relative to the rising and/or falling clock edge(s) of aclk.
Related violations: <none>

TIMING-18#16 Warning
Missing input or output delay  
An input delay is missing on s_axi_araddr[9] relative to the rising and/or falling clock edge(s) of aclk.
Related violations: <none>

TIMING-18#17 Warning
Missing input or output delay  
An input delay is missing on s_axi_arvalid relative to the rising and/or falling clock edge(s) of aclk.
Related violations: <none>

TIMING-18#18 Warning
Missing input or output delay  
An input delay is missing on s_axi_awaddr[0] relative to the rising and/or falling clock edge(s) of aclk.
Related violations: <none>

TIMING-18#19 Warning
Missing input or output delay  
An input delay is missing on s_axi_awaddr[10] relative to the rising and/or falling clock edge(s) of aclk.
Related violations: <none>

TIMING-18#20 Warning
Missing input or output delay  
An input delay is missing on s_axi_awaddr[11] relative to the rising and/or falling clock edge(s) of aclk.
Related violations: <none>

TIMING-18#21 Warning
Missing input or output delay  
An input delay is missing on s_axi_awaddr[1] relative to the rising and/or falling clock edge(s) of aclk.
Related violations: <none>

TIMING-18#22 Warning
Missing input or output delay  
An input delay is missing on s_axi_awaddr[2] relative to the rising and/or falling clock edge(s) of aclk.
Related violations: <none>

TIMING-18#23 Warning
Missing input or output delay  
An input delay is missing on s_axi_awaddr[3] relative to the rising and/or falling clock edge(s) of aclk.
Related violations: <none>

TIMING-18#24 Warning
Missing input or output delay  
An input delay is missing on s_axi_awaddr[4] relative to the rising and/or falling clock edge(s) of aclk.
Related violations: <none>

TIMING-18#25 Warning
Missing input or output delay  
An input delay is missing on s_axi_awaddr[5] relative to the rising and/or falling clock edge(s) of aclk.
Related violations: <none>

TIMING-18#26 Warning
Missing input or output delay  
An input delay is missing on s_axi_awaddr[6] relative to the rising and/or falling clock edge(s) of aclk.
Related violations: <none>

TIMING-18#27 Warning
Missing input or output delay  
An input delay is missing on s_axi_awaddr[7] relative to the rising and/or falling clock edge(s) of aclk.
Related violations: <none>

TIMING-18#28 Warning
Missing input or output delay  
An input delay is missing on s_axi_awaddr[8] relative to the rising and/or falling clock edge(s) of aclk.
Related violations: <none>

TIMING-18#29 Warning
Missing input or output delay  
An input delay is missing on s_axi_awaddr[9] relative to the rising and/or falling clock edge(s) of aclk.
Related violations: <none>

TIMING-18#30 Warning
Missing input or output delay  
An input delay is missing on s_axi_awvalid relative to the rising and/or falling clock edge(s) of aclk.
Related violations: <none>

TIMING-18#31 Warning
Missing input or output delay  
An input delay is missing on s_axi_bready relative to the rising and/or falling clock edge(s) of aclk.
Related violations: <none>

TIMING-18#32 Warning
Missing input or output delay  
An input delay is missing on s_axi_rready relative to the rising and/or falling clock edge(s) of aclk.
Related violations: <none>

TIMING-18#33 Warning
Missing input or output delay  
An input delay is missing on s_axi_wdata[0] relative to the rising and/or falling clock edge(s) of aclk.
Related violations: <none>

TIMING-18#34 Warning
Missing input or output delay  
An input delay is missing on s_axi_wdata[10] relative to the rising and/or falling clock edge(s) of aclk.
Related violations: <none>

TIMING-18#35 Warning
Missing input or output delay  
An input delay is missing on s_axi_wdata[11] relative to the rising and/or falling clock edge(s) of aclk.
Related violations: <none>

TIMING-18#36 Warning
Missing input or output delay  
An input delay is missing on s_axi_wdata[12] relative to the rising and/or falling clock edge(s) of aclk.
Related violations: <none>

TIMING-18#37 Warning
Missing input or output delay  
An input delay is missing on s_axi_wdata[13] relative to the rising and/or falling clock edge(s) of aclk.
Related violations: <none>

TIMING-18#38 Warning
Missing input or output delay  
An input delay is missing on s_axi_wdata[14] relative to the rising and/or falling clock edge(s) of aclk.
Related violations: <none>

TIMING-18#39 Warning
Missing input or output delay  
An input delay is missing on s_axi_wdata[15] relative to the rising and/or falling clock edge(s) of aclk.
Related violations: <none>

TIMING-18#40 Warning
Missing input or output delay  
An input delay is missing on s_axi_wdata[16] relative to the rising and/or falling clock edge(s) of aclk.
Related violations: <none>

TIMING-18#41 Warning
Missing input or output delay  
An input delay is missing on s_axi_wdata[17] relative to the rising and/or falling clock edge(s) of aclk.
Related violations: <none>

TIMING-18#42 Warning
Missing input or output delay  
An input delay is missing on s_axi_wdata[18] relative to the rising and/or falling clock edge(s) of aclk.
Related violations: <none>

TIMING-18#43 Warning
Missing input or output delay  
An input delay is missing on s_axi_wdata[19] relative to the rising and/or falling clock edge(s) of aclk.
Related violations: <none>

TIMING-18#44 Warning
Missing input or output delay  
An input delay is missing on s_axi_wdata[1] relative to the rising and/or falling clock edge(s) of aclk.
Related violations: <none>

TIMING-18#45 Warning
Missing input or output delay  
An input delay is missing on s_axi_wdata[20] relative to the rising and/or falling clock edge(s) of aclk.
Related violations: <none>

TIMING-18#46 Warning
Missing input or output delay  
An input delay is missing on s_axi_wdata[21] relative to the rising and/or falling clock edge(s) of aclk.
Related violations: <none>

TIMING-18#47 Warning
Missing input or output delay  
An input delay is missing on s_axi_wdata[22] relative to the rising and/or falling clock edge(s) of aclk.
Related violations: <none>

TIMING-18#48 Warning
Missing input or output delay  
An input delay is missing on s_axi_wdata[23] relative to the rising and/or falling clock edge(s) of aclk.
Related violations: <none>

TIMING-18#49 Warning
Missing input or output delay  
An input delay is missing on s_axi_wdata[24] relative to the rising and/or falling clock edge(s) of aclk.
Related violations: <none>

TIMING-18#50 Warning
Missing input or output delay  
An input delay is missing on s_axi_wdata[25] relative to the rising and/or falling clock edge(s) of aclk.
Related violations: <none>

TIMING-18#51 Warning
Missing input or output delay  
An input delay is missing on s_axi_wdata[26] relative to the rising and/or falling clock edge(s) of aclk.
Related violations: <none>

TIMING-18#52 Warning
Missing input or output delay  
An input delay is missing on s_axi_wdata[27] relative to the rising and/or falling clock edge(s) of aclk.
Related violations: <none>

TIMING-18#53 Warning
Missing input or output delay  
An input delay is missing on s_axi_wdata[28] relative to the rising and/or falling clock edge(s) of aclk.
Related violations: <none>

TIMING-18#54 Warning
Missing input or output delay  
An input delay is missing on s_axi_wdata[29] relative to the rising and/or falling clock edge(s) of aclk.
Related violations: <none>

TIMING-18#55 Warning
Missing input or output delay  
An input delay is missing on s_axi_wdata[2] relative to the rising and/or falling clock edge(s) of aclk.
Related violations: <none>

TIMING-18#56 Warning
Missing input or output delay  
An input delay is missing on s_axi_wdata[30] relative to the rising and/or falling clock edge(s) of aclk.
Related violations: <none>

TIMING-18#57 Warning
Missing input or output delay  
An input delay is missing on s_axi_wdata[31] relative to the rising and/or falling clock edge(s) of aclk.
Related violations: <none>

TIMING-18#58 Warning
Missing input or output delay  
An input delay is missing on s_axi_wdata[3] relative to the rising and/or falling clock edge(s) of aclk.
Related violations: <none>

TIMING-18#59 Warning
Missing input or output delay  
An input delay is missing on s_axi_wdata[4] relative to the rising and/or falling clock edge(s) of aclk.
Related violations: <none>

TIMING-18#60 Warning
Missing input or output delay  
An input delay is missing on s_axi_wdata[5] relative to the rising and/or falling clock edge(s) of aclk.
Related violations: <none>

TIMING-18#61 Warning
Missing input or output delay  
An input delay is missing on s_axi_wdata[6] relative to the rising and/or falling clock edge(s) of aclk.
Related violations: <none>

TIMING-18#62 Warning
Missing input or output delay  
An input delay is missing on s_axi_wdata[7] relative to the rising and/or falling clock edge(s) of aclk.
Related violations: <none>

TIMING-18#63 Warning
Missing input or output delay  
An input delay is missing on s_axi_wdata[8] relative to the rising and/or falling clock edge(s) of aclk.
Related violations: <none>

TIMING-18#64 Warning
Missing input or output delay  
An input delay is missing on s_axi_wdata[9] relative to the rising and/or falling clock edge(s) of aclk.
Related violations: <none>

TIMING-18#65 Warning
Missing input or output delay  
An input delay is missing on s_axi_wvalid relative to the rising and/or falling clock edge(s) of aclk.
Related violations: <none>

TIMING-18#66 Warning
Missing input or output delay  
An output delay is missing on pps relative to the rising and/or falling clock edge(s) of net_clk.
Related violations: <none>

TIMING-18#67 Warning
Missing input or output delay  
An output delay is missing on s_axi_arready relative to the rising and/or falling clock edge(s) of aclk.
Related violations: <none>

TIMING-18#68 Warning
Missing input or output delay  
An output delay is missing on s_axi_awready relative to the rising and/or falling clock edge(s) of aclk.
Related violations: <none>

TIMING-18#69 Warning
Missing input or output delay  
An output delay is missing on s_axi_bvalid relative to the rising and/or falling clock edge(s) of aclk.
Related violations: <none>

TIMING-18#70 Warning
Missing input or output delay  
An output delay is missing on s_axi_rdata[0] relative to the rising and/or falling clock edge(s) of aclk.
Related violations: <none>

TIMING-18#71 Warning
Missing input or output delay  
An output delay is missing on s_axi_rdata[10] relative to the rising and/or falling clock edge(s) of aclk.
Related violations: <none>

TIMING-18#72 Warning
Missing input or output delay  
An output delay is missing on s_axi_rdata[11] relative to the rising and/or falling clock edge(s) of aclk.
Related violations: <none>

TIMING-18#73 Warning
Missing input or output delay  
An output delay is missing on s_axi_rdata[12] relative to the rising and/or falling clock edge(s) of aclk.
Related violations: <none>

TIMING-18#74 Warning
Missing input or output delay  
An output delay is missing on s_axi_rdata[13] relative to the rising and/or falling clock edge(s) of aclk.
Related violations: <none>

TIMING-18#75 Warning
Missing input or output delay  
An output delay is missing on s_axi_rdata[14] relative to the rising and/or falling clock edge(s) of aclk.
Related violations: <none>

TIMING-18#76 Warning
Missing input or output delay  
An output delay is missing on s_axi_rdata[15] relative to the rising and/or falling clock edge(s) of aclk.
Related violations: <none>

TIMING-18#77 Warning
Missing input or output delay  
An output delay is missing on s_axi_rdata[16] relative to the rising and/or falling clock edge(s) of aclk.
Related violations: <none>

TIMING-18#78 Warning
Missing input or output delay  
An output delay is missing on s_axi_rdata[17] relative to the rising and/or falling clock edge(s) of aclk.
Related violations: <none>

TIMING-18#79 Warning
Missing input or output delay  
An output delay is missing on s_axi_rdata[18] relative to the rising and/or falling clock edge(s) of aclk.
Related violations: <none>

TIMING-18#80 Warning
Missing input or output delay  
An output delay is missing on s_axi_rdata[19] relative to the rising and/or falling clock edge(s) of aclk.
Related violations: <none>

TIMING-18#81 Warning
Missing input or output delay  
An output delay is missing on s_axi_rdata[1] relative to the rising and/or falling clock edge(s) of aclk.
Related violations: <none>

TIMING-18#82 Warning
Missing input or output delay  
An output delay is missing on s_axi_rdata[20] relative to the rising and/or falling clock edge(s) of aclk.
Related violations: <none>

TIMING-18#83 Warning
Missing input or output delay  
An output delay is missing on s_axi_rdata[21] relative to the rising and/or falling clock edge(s) of aclk.
Related violations: <none>

TIMING-18#84 Warning
Missing input or output delay  
An output delay is missing on s_axi_rdata[22] relative to the rising and/or falling clock edge(s) of aclk.
Related violations: <none>

TIMING-18#85 Warning
Missing input or output delay  
An output delay is missing on s_axi_rdata[23] relative to the rising and/or falling clock edge(s) of aclk.
Related violations: <none>

TIMING-18#86 Warning
Missing input or output delay  
An output delay is missing on s_axi_rdata[24] relative to the rising and/or falling clock edge(s) of aclk.
Related violations: <none>

TIMING-18#87 Warning
Missing input or output delay  
An output delay is missing on s_axi_rdata[25] relative to the rising and/or falling clock edge(s) of aclk.
Related violations: <none>

TIMING-18#88 Warning
Missing input or output delay  
An output delay is missing on s_axi_rdata[26] relative to the rising and/or falling clock edge(s) of aclk.
Related violations: <none>

TIMING-18#89 Warning
Missing input or output delay  
An output delay is missing on s_axi_rdata[27] relative to the rising and/or falling clock edge(s) of aclk.
Related violations: <none>

TIMING-18#90 Warning
Missing input or output delay  
An output delay is missing on s_axi_rdata[28] relative to the rising and/or falling clock edge(s) of aclk.
Related violations: <none>

TIMING-18#91 Warning
Missing input or output delay  
An output delay is missing on s_axi_rdata[29] relative to the rising and/or falling clock edge(s) of aclk.
Related violations: <none>

TIMING-18#92 Warning
Missing input or output delay  
An output delay is missing on s_axi_rdata[2] relative to the rising and/or falling clock edge(s) of aclk.
Related violations: <none>

TIMING-18#93 Warning
Missing input or output delay  
An output delay is missing on s_axi_rdata[30] relative to the rising and/or falling clock edge(s) of aclk.
Related violations: <none>

TIMING-18#94 Warning
Missing input or output delay  
An output delay is missing on s_axi_rdata[31] relative to the rising and/or falling clock edge(s) of aclk.
Related violations: <none>

TIMING-18#95 Warning
Missing input or output delay  
An output delay is missing on s_axi_rdata[3] relative to the rising and/or falling clock edge(s) of aclk.
Related violations: <none>

TIMING-18#96 Warning
Missing input or output delay  
An output delay is missing on s_axi_rdata[4] relative to the rising and/or falling clock edge(s) of aclk.
Related violations: <none>

TIMING-18#97 Warning
Missing input or output delay  
An output delay is missing on s_axi_rdata[5] relative to the rising and/or falling clock edge(s) of aclk.
Related violations: <none>

TIMING-18#98 Warning
Missing input or output delay  
An output delay is missing on s_axi_rdata[6] relative to the rising and/or falling clock edge(s) of aclk.
Related violations: <none>

TIMING-18#99 Warning
Missing input or output delay  
An output delay is missing on s_axi_rdata[7] relative to the rising and/or falling clock edge(s) of aclk.
Related violations: <none>

TIMING-18#100 Warning
Missing input or output delay  
An output delay is missing on s_axi_rdata[8] relative to the rising and/or falling clock edge(s) of aclk.
Related violations: <none>

TIMING-18#101 Warning
Missing input or output delay  
An output delay is missing on s_axi_rdata[9] relative to the rising and/or falling clock edge(s) of aclk.
Related violations: <none>

TIMING-18#102 Warning
Missing input or output delay  
An output delay is missing on s_axi_rvalid relative to the rising and/or falling clock edge(s) of aclk.
Related violations: <none>

TIMING-18#103 Warning
Missing input or output delay  
An output delay is missing on s_axi_wready relative to the rising and/or falling clock edge(s) of aclk.
Related violations: <none>

TIMING-18#104 Warning
Missing input or output delay  
An output delay is missing on time_ns[0] relative to the rising and/or falling clock edge(s) of net_clk.
Related violations: <none>

TIMING-18#105 Warning
Missing input or output delay  
An output delay is missing on time_ns[10] relative to the rising and/or falling clock edge(s) of net_clk.
Related violations: <none>

TIMING-18#106 Warning
Missing input or output delay  
An output delay is missing on time_ns[11] relative to the rising and/or falling clock edge(s) of net_clk.
Related violations: <none>

TIMING-18#107 Warning
Missing input or output delay  
An output delay is missing on time_ns[12] relative to the rising and/or falling clock edge(s) of net_clk.
Related violations: <none>

TIMING-18#108 Warning
Missing input or output delay  
An output delay is missing on time_ns[13] relative to the rising and/or falling clock edge(s) of net_clk.
Related violations: <none>

TIMING-18#109 Warning
Missing input or output delay  
An output delay is missing on time_ns[14] relative to the rising and/or falling clock edge(s) of net_clk.
Related violations: <none>

TIMING-18#110 Warning
Missing input or output delay  
An output delay is missing on time_ns[15] relative to the rising and/or falling clock edge(s) of net_clk.
Related violations: <none>

TIMING-18#111 Warning
Missing input or output delay  
An output delay is missing on time_ns[16] relative to the rising and/or falling clock edge(s) of net_clk.
Related violations: <none>

TIMING-18#112 Warning
Missing input or output delay  
An output delay is missing on time_ns[17] relative to the rising and/or falling clock edge(s) of net_clk.
Related violations: <none>

TIMING-18#113 Warning
Missing input or output delay  
An output delay is missing on time_ns[18] relative to the rising and/or falling clock edge(s) of net_clk.
Related violations: <none>

TIMING-18#114 Warning
Missing input or output delay  
An output delay is missing on time_ns[19] relative to the rising and/or falling clock edge(s) of net_clk.
Related violations: <none>

TIMING-18#115 Warning
Missing input or output delay  
An output delay is missing on time_ns[1] relative to the rising and/or falling clock edge(s) of net_clk.
Related violations: <none>

TIMING-18#116 Warning
Missing input or output delay  
An output delay is missing on time_ns[20] relative to the rising and/or falling clock edge(s) of net_clk.
Related violations: <none>

TIMING-18#117 Warning
Missing input or output delay  
An output delay is missing on time_ns[21] relative to the rising and/or falling clock edge(s) of net_clk.
Related violations: <none>

TIMING-18#118 Warning
Missing input or output delay  
An output delay is missing on time_ns[22] relative to the rising and/or falling clock edge(s) of net_clk.
Related violations: <none>

TIMING-18#119 Warning
Missing input or output delay  
An output delay is missing on time_ns[23] relative to the rising and/or falling clock edge(s) of net_clk.
Related violations: <none>

TIMING-18#120 Warning
Missing input or output delay  
An output delay is missing on time_ns[24] relative to the rising and/or falling clock edge(s) of net_clk.
Related violations: <none>

TIMING-18#121 Warning
Missing input or output delay  
An output delay is missing on time_ns[25] relative to the rising and/or falling clock edge(s) of net_clk.
Related violations: <none>

TIMING-18#122 Warning
Missing input or output delay  
An output delay is missing on time_ns[26] relative to the rising and/or falling clock edge(s) of net_clk.
Related violations: <none>

TIMING-18#123 Warning
Missing input or output delay  
An output delay is missing on time_ns[27] relative to the rising and/or falling clock edge(s) of net_clk.
Related violations: <none>

TIMING-18#124 Warning
Missing input or output delay  
An output delay is missing on time_ns[28] relative to the rising and/or falling clock edge(s) of net_clk.
Related violations: <none>

TIMING-18#125 Warning
Missing input or output delay  
An output delay is missing on time_ns[29] relative to the rising and/or falling clock edge(s) of net_clk.
Related violations: <none>

TIMING-18#126 Warning
Missing input or output delay  
An output delay is missing on time_ns[2] relative to the rising and/or falling clock edge(s) of net_clk.
Related violations: <none>

TIMING-18#127 Warning
Missing input or output delay  
An output delay is missing on time_ns[30] relative to the rising and/or falling clock edge(s) of net_clk.
Related violations: <none>

TIMING-18#128 Warning
Missing input or output delay  
An output delay is missing on time_ns[31] relative to the rising and/or falling clock edge(s) of net_clk.
Related violations: <none>

TIMING-18#129 Warning
Missing input or output delay  
An output delay is missing on time_ns[3] relative to the rising and/or falling clock edge(s) of net_clk.
Related violations: <none>

TIMING-18#130 Warning
Missing input or output delay  
An output delay is missing on time_ns[4] relative to the rising and/or falling clock edge(s) of net_clk.
Related violations: <none>

TIMING-18#131 Warning
Missing input or output delay  
An output delay is missing on time_ns[5] relative to the rising and/or falling clock edge(s) of net_clk.
Related violations: <none>

TIMING-18#132 Warning
Missing input or output delay  
An output delay is missing on time_ns[6] relative to the rising and/or falling clock edge(s) of net_clk.
Related violations: <none>

TIMING-18#133 Warning
Missing input or output delay  
An output delay is missing on time_ns[7] relative to the rising and/or falling clock edge(s) of net_clk.
Related violations: <none>

TIMING-18#134 Warning
Missing input or output delay  
An output delay is missing on time_ns[8] relative to the rising and/or falling clock edge(s) of net_clk.
Related violations: <none>

TIMING-18#135 Warning
Missing input or output delay  
An output delay is missing on time_ns[9] relative to the rising and/or falling clock edge(s) of net_clk.
Related violations: <none>

TIMING-18#136 Warning
Missing input or output delay  
An output delay is missing on time_sec[0] relative to the rising and/or falling clock edge(s) of net_clk.
Related violations: <none>

TIMING-18#137 Warning
Missing input or output delay  
An output delay is missing on time_sec[10] relative to the rising and/or falling clock edge(s) of net_clk.
Related violations: <none>

TIMING-18#138 Warning
Missing input or output delay  
An output delay is missing on time_sec[11] relative to the rising and/or falling clock edge(s) of net_clk.
Related violations: <none>

TIMING-18#139 Warning
Missing input or output delay  
An output delay is missing on time_sec[12] relative to the rising and/or falling clock edge(s) of net_clk.
Related violations: <none>

TIMING-18#140 Warning
Missing input or output delay  
An output delay is missing on time_sec[13] relative to the rising and/or falling clock edge(s) of net_clk.
Related violations: <none>

TIMING-18#141 Warning
Missing input or output delay  
An output delay is missing on time_sec[14] relative to the rising and/or falling clock edge(s) of net_clk.
Related violations: <none>

TIMING-18#142 Warning
Missing input or output delay  
An output delay is missing on time_sec[15] relative to the rising and/or falling clock edge(s) of net_clk.
Related violations: <none>

TIMING-18#143 Warning
Missing input or output delay  
An output delay is missing on time_sec[16] relative to the rising and/or falling clock edge(s) of net_clk.
Related violations: <none>

TIMING-18#144 Warning
Missing input or output delay  
An output delay is missing on time_sec[17] relative to the rising and/or falling clock edge(s) of net_clk.
Related violations: <none>

TIMING-18#145 Warning
Missing input or output delay  
An output delay is missing on time_sec[18] relative to the rising and/or falling clock edge(s) of net_clk.
Related violations: <none>

TIMING-18#146 Warning
Missing input or output delay  
An output delay is missing on time_sec[19] relative to the rising and/or falling clock edge(s) of net_clk.
Related violations: <none>

TIMING-18#147 Warning
Missing input or output delay  
An output delay is missing on time_sec[1] relative to the rising and/or falling clock edge(s) of net_clk.
Related violations: <none>

TIMING-18#148 Warning
Missing input or output delay  
An output delay is missing on time_sec[20] relative to the rising and/or falling clock edge(s) of net_clk.
Related violations: <none>

TIMING-18#149 Warning
Missing input or output delay  
An output delay is missing on time_sec[21] relative to the rising and/or falling clock edge(s) of net_clk.
Related violations: <none>

TIMING-18#150 Warning
Missing input or output delay  
An output delay is missing on time_sec[22] relative to the rising and/or falling clock edge(s) of net_clk.
Related violations: <none>

TIMING-18#151 Warning
Missing input or output delay  
An output delay is missing on time_sec[23] relative to the rising and/or falling clock edge(s) of net_clk.
Related violations: <none>

TIMING-18#152 Warning
Missing input or output delay  
An output delay is missing on time_sec[24] relative to the rising and/or falling clock edge(s) of net_clk.
Related violations: <none>

TIMING-18#153 Warning
Missing input or output delay  
An output delay is missing on time_sec[25] relative to the rising and/or falling clock edge(s) of net_clk.
Related violations: <none>

TIMING-18#154 Warning
Missing input or output delay  
An output delay is missing on time_sec[26] relative to the rising and/or falling clock edge(s) of net_clk.
Related violations: <none>

TIMING-18#155 Warning
Missing input or output delay  
An output delay is missing on time_sec[27] relative to the rising and/or falling clock edge(s) of net_clk.
Related violations: <none>

TIMING-18#156 Warning
Missing input or output delay  
An output delay is missing on time_sec[28] relative to the rising and/or falling clock edge(s) of net_clk.
Related violations: <none>

TIMING-18#157 Warning
Missing input or output delay  
An output delay is missing on time_sec[29] relative to the rising and/or falling clock edge(s) of net_clk.
Related violations: <none>

TIMING-18#158 Warning
Missing input or output delay  
An output delay is missing on time_sec[2] relative to the rising and/or falling clock edge(s) of net_clk.
Related violations: <none>

TIMING-18#159 Warning
Missing input or output delay  
An output delay is missing on time_sec[30] relative to the rising and/or falling clock edge(s) of net_clk.
Related violations: <none>

TIMING-18#160 Warning
Missing input or output delay  
An output delay is missing on time_sec[31] relative to the rising and/or falling clock edge(s) of net_clk.
Related violations: <none>

TIMING-18#161 Warning
Missing input or output delay  
An output delay is missing on time_sec[32] relative to the rising and/or falling clock edge(s) of net_clk.
Related violations: <none>

TIMING-18#162 Warning
Missing input or output delay  
An output delay is missing on time_sec[33] relative to the rising and/or falling clock edge(s) of net_clk.
Related violations: <none>

TIMING-18#163 Warning
Missing input or output delay  
An output delay is missing on time_sec[34] relative to the rising and/or falling clock edge(s) of net_clk.
Related violations: <none>

TIMING-18#164 Warning
Missing input or output delay  
An output delay is missing on time_sec[35] relative to the rising and/or falling clock edge(s) of net_clk.
Related violations: <none>

TIMING-18#165 Warning
Missing input or output delay  
An output delay is missing on time_sec[36] relative to the rising and/or falling clock edge(s) of net_clk.
Related violations: <none>

TIMING-18#166 Warning
Missing input or output delay  
An output delay is missing on time_sec[37] relative to the rising and/or falling clock edge(s) of net_clk.
Related violations: <none>

TIMING-18#167 Warning
Missing input or output delay  
An output delay is missing on time_sec[38] relative to the rising and/or falling clock edge(s) of net_clk.
Related violations: <none>

TIMING-18#168 Warning
Missing input or output delay  
An output delay is missing on time_sec[39] relative to the rising and/or falling clock edge(s) of net_clk.
Related violations: <none>

TIMING-18#169 Warning
Missing input or output delay  
An output delay is missing on time_sec[3] relative to the rising and/or falling clock edge(s) of net_clk.
Related violations: <none>

TIMING-18#170 Warning
Missing input or output delay  
An output delay is missing on time_sec[40] relative to the rising and/or falling clock edge(s) of net_clk.
Related violations: <none>

TIMING-18#171 Warning
Missing input or output delay  
An output delay is missing on time_sec[41] relative to the rising and/or falling clock edge(s) of net_clk.
Related violations: <none>

TIMING-18#172 Warning
Missing input or output delay  
An output delay is missing on time_sec[42] relative to the rising and/or falling clock edge(s) of net_clk.
Related violations: <none>

TIMING-18#173 Warning
Missing input or output delay  
An output delay is missing on time_sec[43] relative to the rising and/or falling clock edge(s) of net_clk.
Related violations: <none>

TIMING-18#174 Warning
Missing input or output delay  
An output delay is missing on time_sec[44] relative to the rising and/or falling clock edge(s) of net_clk.
Related violations: <none>

TIMING-18#175 Warning
Missing input or output delay  
An output delay is missing on time_sec[45] relative to the rising and/or falling clock edge(s) of net_clk.
Related violations: <none>

TIMING-18#176 Warning
Missing input or output delay  
An output delay is missing on time_sec[46] relative to the rising and/or falling clock edge(s) of net_clk.
Related violations: <none>

TIMING-18#177 Warning
Missing input or output delay  
An output delay is missing on time_sec[47] relative to the rising and/or falling clock edge(s) of net_clk.
Related violations: <none>

TIMING-18#178 Warning
Missing input or output delay  
An output delay is missing on time_sec[4] relative to the rising and/or falling clock edge(s) of net_clk.
Related violations: <none>

TIMING-18#179 Warning
Missing input or output delay  
An output delay is missing on time_sec[5] relative to the rising and/or falling clock edge(s) of net_clk.
Related violations: <none>

TIMING-18#180 Warning
Missing input or output delay  
An output delay is missing on time_sec[6] relative to the rising and/or falling clock edge(s) of net_clk.
Related violations: <none>

TIMING-18#181 Warning
Missing input or output delay  
An output delay is missing on time_sec[7] relative to the rising and/or falling clock edge(s) of net_clk.
Related violations: <none>

TIMING-18#182 Warning
Missing input or output delay  
An output delay is missing on time_sec[8] relative to the rising and/or falling clock edge(s) of net_clk.
Related violations: <none>

TIMING-18#183 Warning
Missing input or output delay  
An output delay is missing on time_sec[9] relative to the rising and/or falling clock edge(s) of net_clk.
Related violations: <none>


