Copyright 1986-2022 Xilinx, Inc. All Rights Reserved. Copyright 2022-2024 Advanced Micro Devices, Inc. All Rights Reserved.
--------------------------------------------------------------------------------------------------------------------------------------------------------------------------
| Tool Version : Vivado v.2024.1 (win64) Build 5076996 Wed May 22 18:37:14 MDT 2024
| Date         : Tue Sep 15 22:54:47 2026
| Host         : SRIKARVELA8715 running 64-bit major release  (build 9200)
| Command      : report_utilization -hierarchical -hierarchical_depth 2 -file C:/work/ptp-timestamping-unit/synth/reports/xc7z020clg400-1/post_synth_utilization_hier.rpt
| Design       : ptp_tsu_top
| Device       : xc7z020clg400-1
| Speed File   : -1
| Design State : Synthesized
--------------------------------------------------------------------------------------------------------------------------------------------------------------------------

Utilization Design Information

Table of Contents
-----------------
1. Utilization by Hierarchy

1. Utilization by Hierarchy
---------------------------

+-----------------+-------------------+------------+------------+---------+------+------+--------+--------+------------+
|     Instance    |       Module      | Total LUTs | Logic LUTs | LUTRAMs | SRLs |  FFs | RAMB36 | RAMB18 | DSP Blocks |
+-----------------+-------------------+------------+------------+---------+------+------+--------+--------+------------+
| ptp_tsu_top     |             (top) |       1401 |       1289 |     112 |    0 | 1451 |      0 |      1 |          0 |
|   (ptp_tsu_top) |             (top) |          0 |          0 |       0 |    0 |    0 |      0 |      0 |          0 |
|   u_axi         |     axi_lite_regs |         95 |         95 |       0 |    0 |  210 |      0 |      0 |          0 |
|   u_bridge      |    cdc_bus_bridge |        256 |        256 |       0 |    0 |  164 |      0 |      0 |          0 |
|   u_cap_in      |    ptp_ts_capture |         78 |         22 |      56 |    0 |   27 |      0 |      0 |          0 |
|     (u_cap_in)  |    ptp_ts_capture |          1 |          1 |       0 |    0 |   17 |      0 |      0 |          0 |
|     u_fifo      |       sync_fifo_1 |         77 |         21 |      56 |    0 |   10 |      0 |      0 |          0 |
|   u_cap_out     |  ptp_ts_capture_0 |        161 |        105 |      56 |    0 |   27 |      0 |      0 |          0 |
|     (u_cap_out) |  ptp_ts_capture_0 |          1 |          1 |       0 |    0 |   17 |      0 |      0 |          0 |
|     u_fifo      |         sync_fifo |        160 |        104 |      56 |    0 |   10 |      0 |      0 |          0 |
|   u_clk         |    ptp_clock_core |        319 |        319 |       0 |    0 |  153 |      0 |      0 |          0 |
|   u_hist        |  ptp_latency_hist |        314 |        314 |       0 |    0 |  480 |      0 |      1 |          0 |
|   u_regs        |      ptp_net_regs |        172 |        172 |       0 |    0 |  221 |      0 |      0 |          0 |
|   u_snap        | ptp_time_snapshot |          6 |          6 |       0 |    0 |  169 |      0 |      0 |          0 |
+-----------------+-------------------+------------+------------+---------+------+------+--------+--------+------------+


