Copyright 1986-2022 Xilinx, Inc. All Rights Reserved. Copyright 2022-2024 Advanced Micro Devices, Inc. All Rights Reserved.
--------------------------------------------------------------------------------------------------------------------------------------------------------------------------
| Tool Version : Vivado v.2024.1 (win64) Build 5076996 Wed May 22 18:37:14 MDT 2024
| Date         : Tue Sep 15 23:01:12 2026
| Host         : SRIKARVELA8715 running 64-bit major release  (build 9200)
| Command      : report_timing -delay_type max -max_paths 10 -sort_by group -file C:/work/ptp-timestamping-unit/synth/reports/xc7z020clg400-3/post_synth_timing_paths.rpt
| Design       : ptp_tsu_top
| Device       : 7z020-clg400
| Speed File   : -3  PRODUCTION 1.12 2019-11-22
| Design State : Synthesized
--------------------------------------------------------------------------------------------------------------------------------------------------------------------------

Timing Report

Slack (VIOLATED) :        -0.705ns  (required time - arrival time)
  Source:                 u_hist/bin_mem_reg/CLKARDCLK
                            (rising edge-triggered cell RAMB18E1 clocked by net_clk  {rise@0.000ns fall@3.200ns period=6.400ns})
  Destination:            u_hist/bin_mem_reg/DIBDI[15]
                            (rising edge-triggered cell RAMB18E1 clocked by net_clk  {rise@0.000ns fall@3.200ns period=6.400ns})
  Path Group:             net_clk
  Path Type:              Setup (Max at Slow Process Corner)
  Requirement:            6.400ns  (net_clk rise@6.400ns - net_clk rise@0.000ns)
  Data Path Delay:        6.837ns  (logic 3.540ns (51.774%)  route 3.297ns (48.226%))
  Logic Levels:           12  (CARRY4=8 LUT2=1 LUT3=1 LUT5=1 LUT6=1)
  Clock Path Skew:        -0.035ns (DCD - SCD + CPR)
    Destination Clock Delay (DCD):    0.669ns = ( 7.069 - 6.400 ) 
    Source Clock Delay      (SCD):    0.704ns
    Clock Pessimism Removal (CPR):    0.000ns
  Clock Uncertainty:      0.035ns  ((TSJ^2 + TIJ^2)^1/2 + DJ) / 2 + PE
    Total System Jitter     (TSJ):    0.071ns
    Total Input Jitter      (TIJ):    0.000ns
    Discrete Jitter          (DJ):    0.000ns
    Phase Error              (PE):    0.000ns

    Location             Delay type                Incr(ns)  Path(ns)    Netlist Resource(s)
  -------------------------------------------------------------------    -------------------
                         (clock net_clk rise edge)    0.000     0.000 r  
                                                      0.000     0.000 r  net_clk (IN)
                         net (fo=1291, unset)         0.704     0.704    u_hist/net_clk
                         RAMB18E1                                     r  u_hist/bin_mem_reg/CLKARDCLK
  -------------------------------------------------------------------    -------------------
                         RAMB18E1 (Prop_ramb18e1_CLKARDCLK_DOADO[10])
                                                      1.846     2.550 f  u_hist/bin_mem_reg/DOADO[10]
                         net (fo=3, unplaced)         0.571     3.121    u_hist/ra_data[10]
                         LUT3 (Prop_lut3_I0_O)        0.097     3.218 r  u_hist/last_data[3]_i_13/O
                         net (fo=1, unplaced)         0.840     4.058    u_hist/last_data[3]_i_13_n_0
                         LUT5 (Prop_lut5_I0_O)        0.097     4.155 r  u_hist/last_data[3]_i_8/O
                         net (fo=1, unplaced)         0.840     4.995    u_hist/last_data[3]_i_8_n_0
                         LUT6 (Prop_lut6_I1_O)        0.097     5.092 r  u_hist/last_data[3]_i_6/O
                         net (fo=1, unplaced)         0.000     5.092    u_hist/last_data[3]_i_6_n_0
                         CARRY4 (Prop_carry4_S[0]_CO[3])
                                                      0.379     5.471 r  u_hist/last_data_reg[3]_i_1/CO[3]
                         net (fo=1, unplaced)         0.007     5.478    u_hist/last_data_reg[3]_i_1_n_0
                         CARRY4 (Prop_carry4_CI_CO[3])
                                                      0.092     5.570 r  u_hist/last_data_reg[7]_i_1/CO[3]
                         net (fo=1, unplaced)         0.000     5.570    u_hist/last_data_reg[7]_i_1_n_0
                         CARRY4 (Prop_carry4_CI_CO[3])
                                                      0.092     5.662 r  u_hist/last_data_reg[11]_i_1/CO[3]
                         net (fo=1, unplaced)         0.000     5.662    u_hist/last_data_reg[11]_i_1_n_0
                         CARRY4 (Prop_carry4_CI_CO[3])
                                                      0.092     5.754 r  u_hist/last_data_reg[15]_i_1/CO[3]
                         net (fo=1, unplaced)         0.000     5.754    u_hist/last_data_reg[15]_i_1_n_0
                         CARRY4 (Prop_carry4_CI_CO[3])
                                                      0.092     5.846 r  u_hist/last_data_reg[19]_i_1/CO[3]
                         net (fo=1, unplaced)         0.000     5.846    u_hist/last_data_reg[19]_i_1_n_0
                         CARRY4 (Prop_carry4_CI_CO[3])
                                                      0.092     5.938 r  u_hist/last_data_reg[23]_i_1/CO[3]
                         net (fo=1, unplaced)         0.000     5.938    u_hist/last_data_reg[23]_i_1_n_0
                         CARRY4 (Prop_carry4_CI_CO[3])
                                                      0.092     6.030 r  u_hist/last_data_reg[27]_i_1/CO[3]
                         net (fo=1, unplaced)         0.000     6.030    u_hist/last_data_reg[27]_i_1_n_0
                         CARRY4 (Prop_carry4_CI_O[3])
                                                      0.250     6.280 r  u_hist/last_data_reg[31]_i_2/O[3]
                         net (fo=2, unplaced)         0.468     6.748    u_hist/new_val[31]
                         LUT2 (Prop_lut2_I0_O)        0.222     6.970 r  u_hist/bin_mem_reg_i_31/O
                         net (fo=1, unplaced)         0.571     7.541    u_hist/wdata[31]
                         RAMB18E1                                     r  u_hist/bin_mem_reg/DIBDI[15]
  -------------------------------------------------------------------    -------------------

                         (clock net_clk rise edge)    6.400     6.400 r  
                                                      0.000     6.400 r  net_clk (IN)
                         net (fo=1291, unset)         0.669     7.069    u_hist/net_clk
                         RAMB18E1                                     r  u_hist/bin_mem_reg/CLKBWRCLK
                         clock pessimism              0.000     7.069    
                         clock uncertainty           -0.035     7.033    
                         RAMB18E1 (Setup_ramb18e1_CLKBWRCLK_DIBDI[15])
                                                     -0.197     6.836    u_hist/bin_mem_reg
  -------------------------------------------------------------------
                         required time                          6.836    
                         arrival time                          -7.541    
  -------------------------------------------------------------------
                         slack                                 -0.705    

Slack (VIOLATED) :        -0.613ns  (required time - arrival time)
  Source:                 u_hist/bin_mem_reg/CLKARDCLK
                            (rising edge-triggered cell RAMB18E1 clocked by net_clk  {rise@0.000ns fall@3.200ns period=6.400ns})
  Destination:            u_hist/bin_mem_reg/DIBDI[11]
                            (rising edge-triggered cell RAMB18E1 clocked by net_clk  {rise@0.000ns fall@3.200ns period=6.400ns})
  Path Group:             net_clk
  Path Type:              Setup (Max at Slow Process Corner)
  Requirement:            6.400ns  (net_clk rise@6.400ns - net_clk rise@0.000ns)
  Data Path Delay:        6.745ns  (logic 3.448ns (51.116%)  route 3.297ns (48.884%))
  Logic Levels:           11  (CARRY4=7 LUT2=1 LUT3=1 LUT5=1 LUT6=1)
  Clock Path Skew:        -0.035ns (DCD - SCD + CPR)
    Destination Clock Delay (DCD):    0.669ns = ( 7.069 - 6.400 ) 
    Source Clock Delay      (SCD):    0.704ns
    Clock Pessimism Removal (CPR):    0.000ns
  Clock Uncertainty:      0.035ns  ((TSJ^2 + TIJ^2)^1/2 + DJ) / 2 + PE
    Total System Jitter     (TSJ):    0.071ns
    Total Input Jitter      (TIJ):    0.000ns
    Discrete Jitter          (DJ):    0.000ns
    Phase Error              (PE):    0.000ns

    Location             Delay type                Incr(ns)  Path(ns)    Netlist Resource(s)
  -------------------------------------------------------------------    -------------------
                         (clock net_clk rise edge)    0.000     0.000 r  
                                                      0.000     0.000 r  net_clk (IN)
                         net (fo=1291, unset)         0.704     0.704    u_hist/net_clk
                         RAMB18E1                                     r  u_hist/bin_mem_reg/CLKARDCLK
  -------------------------------------------------------------------    -------------------
                         RAMB18E1 (Prop_ramb18e1_CLKARDCLK_DOADO[10])
                                                      1.846     2.550 f  u_hist/bin_mem_reg/DOADO[10]
                         net (fo=3, unplaced)         0.571     3.121    u_hist/ra_data[10]
                         LUT3 (Prop_lut3_I0_O)        0.097     3.218 r  u_hist/last_data[3]_i_13/O
                         net (fo=1, unplaced)         0.840     4.058    u_hist/last_data[3]_i_13_n_0
                         LUT5 (Prop_lut5_I0_O)        0.097     4.155 r  u_hist/last_data[3]_i_8/O
                         net (fo=1, unplaced)         0.840     4.995    u_hist/last_data[3]_i_8_n_0
                         LUT6 (Prop_lut6_I1_O)        0.097     5.092 r  u_hist/last_data[3]_i_6/O
                         net (fo=1, unplaced)         0.000     5.092    u_hist/last_data[3]_i_6_n_0
                         CARRY4 (Prop_carry4_S[0]_CO[3])
                                                      0.379     5.471 r  u_hist/last_data_reg[3]_i_1/CO[3]
                         net (fo=1, unplaced)         0.007     5.478    u_hist/last_data_reg[3]_i_1_n_0
                         CARRY4 (Prop_carry4_CI_CO[3])
                                                      0.092     5.570 r  u_hist/last_data_reg[7]_i_1/CO[3]
                         net (fo=1, unplaced)         0.000     5.570    u_hist/last_data_reg[7]_i_1_n_0
                         CARRY4 (Prop_carry4_CI_CO[3])
                                                      0.092     5.662 r  u_hist/last_data_reg[11]_i_1/CO[3]
                         net (fo=1, unplaced)         0.000     5.662    u_hist/last_data_reg[11]_i_1_n_0
                         CARRY4 (Prop_carry4_CI_CO[3])
                                                      0.092     5.754 r  u_hist/last_data_reg[15]_i_1/CO[3]
                         net (fo=1, unplaced)         0.000     5.754    u_hist/last_data_reg[15]_i_1_n_0
                         CARRY4 (Prop_carry4_CI_CO[3])
                                                      0.092     5.846 r  u_hist/last_data_reg[19]_i_1/CO[3]
                         net (fo=1, unplaced)         0.000     5.846    u_hist/last_data_reg[19]_i_1_n_0
                         CARRY4 (Prop_carry4_CI_CO[3])
                                                      0.092     5.938 r  u_hist/last_data_reg[23]_i_1/CO[3]
                         net (fo=1, unplaced)         0.000     5.938    u_hist/last_data_reg[23]_i_1_n_0
                         CARRY4 (Prop_carry4_CI_O[3])
                                                      0.250     6.188 r  u_hist/last_data_reg[27]_i_1/O[3]
                         net (fo=2, unplaced)         0.468     6.656    u_hist/new_val[27]
                         LUT2 (Prop_lut2_I0_O)        0.222     6.878 r  u_hist/bin_mem_reg_i_35/O
                         net (fo=1, unplaced)         0.571     7.449    u_hist/wdata[27]
                         RAMB18E1                                     r  u_hist/bin_mem_reg/DIBDI[11]
  -------------------------------------------------------------------    -------------------

                         (clock net_clk rise edge)    6.400     6.400 r  
                                                      0.000     6.400 r  net_clk (IN)
                         net (fo=1291, unset)         0.669     7.069    u_hist/net_clk
                         RAMB18E1                                     r  u_hist/bin_mem_reg/CLKBWRCLK
                         clock pessimism              0.000     7.069    
                         clock uncertainty           -0.035     7.033    
                         RAMB18E1 (Setup_ramb18e1_CLKBWRCLK_DIBDI[11])
                                                     -0.197     6.836    u_hist/bin_mem_reg
  -------------------------------------------------------------------
                         required time                          6.836    
                         arrival time                          -7.449    
  -------------------------------------------------------------------
                         slack                                 -0.613    

Slack (VIOLATED) :        -0.521ns  (required time - arrival time)
  Source:                 u_hist/bin_mem_reg/CLKARDCLK
                            (rising edge-triggered cell RAMB18E1 clocked by net_clk  {rise@0.000ns fall@3.200ns period=6.400ns})
  Destination:            u_hist/bin_mem_reg/DIBDI[7]
                            (rising edge-triggered cell RAMB18E1 clocked by net_clk  {rise@0.000ns fall@3.200ns period=6.400ns})
  Path Group:             net_clk
  Path Type:              Setup (Max at Slow Process Corner)
  Requirement:            6.400ns  (net_clk rise@6.400ns - net_clk rise@0.000ns)
  Data Path Delay:        6.653ns  (logic 3.356ns (50.440%)  route 3.297ns (49.560%))
  Logic Levels:           10  (CARRY4=6 LUT2=1 LUT3=1 LUT5=1 LUT6=1)
  Clock Path Skew:        -0.035ns (DCD - SCD + CPR)
    Destination Clock Delay (DCD):    0.669ns = ( 7.069 - 6.400 ) 
    Source Clock Delay      (SCD):    0.704ns
    Clock Pessimism Removal (CPR):    0.000ns
  Clock Uncertainty:      0.035ns  ((TSJ^2 + TIJ^2)^1/2 + DJ) / 2 + PE
    Total System Jitter     (TSJ):    0.071ns
    Total Input Jitter      (TIJ):    0.000ns
    Discrete Jitter          (DJ):    0.000ns
    Phase Error              (PE):    0.000ns

    Location             Delay type                Incr(ns)  Path(ns)    Netlist Resource(s)
  -------------------------------------------------------------------    -------------------
                         (clock net_clk rise edge)    0.000     0.000 r  
                                                      0.000     0.000 r  net_clk (IN)
                         net (fo=1291, unset)         0.704     0.704    u_hist/net_clk
                         RAMB18E1                                     r  u_hist/bin_mem_reg/CLKARDCLK
  -------------------------------------------------------------------    -------------------
                         RAMB18E1 (Prop_ramb18e1_CLKARDCLK_DOADO[10])
                                                      1.846     2.550 f  u_hist/bin_mem_reg/DOADO[10]
                         net (fo=3, unplaced)         0.571     3.121    u_hist/ra_data[10]
                         LUT3 (Prop_lut3_I0_O)        0.097     3.218 r  u_hist/last_data[3]_i_13/O
                         net (fo=1, unplaced)         0.840     4.058    u_hist/last_data[3]_i_13_n_0
                         LUT5 (Prop_lut5_I0_O)        0.097     4.155 r  u_hist/last_data[3]_i_8/O
                         net (fo=1, unplaced)         0.840     4.995    u_hist/last_data[3]_i_8_n_0
                         LUT6 (Prop_lut6_I1_O)        0.097     5.092 r  u_hist/last_data[3]_i_6/O
                         net (fo=1, unplaced)         0.000     5.092    u_hist/last_data[3]_i_6_n_0
                         CARRY4 (Prop_carry4_S[0]_CO[3])
                                                      0.379     5.471 r  u_hist/last_data_reg[3]_i_1/CO[3]
                         net (fo=1, unplaced)         0.007     5.478    u_hist/last_data_reg[3]_i_1_n_0
                         CARRY4 (Prop_carry4_CI_CO[3])
                                                      0.092     5.570 r  u_hist/last_data_reg[7]_i_1/CO[3]
                         net (fo=1, unplaced)         0.000     5.570    u_hist/last_data_reg[7]_i_1_n_0
                         CARRY4 (Prop_carry4_CI_CO[3])
                                                      0.092     5.662 r  u_hist/last_data_reg[11]_i_1/CO[3]
                         net (fo=1, unplaced)         0.000     5.662    u_hist/last_data_reg[11]_i_1_n_0
                         CARRY4 (Prop_carry4_CI_CO[3])
                                                      0.092     5.754 r  u_hist/last_data_reg[15]_i_1/CO[3]
                         net (fo=1, unplaced)         0.000     5.754    u_hist/last_data_reg[15]_i_1_n_0
                         CARRY4 (Prop_carry4_CI_CO[3])
                                                      0.092     5.846 r  u_hist/last_data_reg[19]_i_1/CO[3]
                         net (fo=1, unplaced)         0.000     5.846    u_hist/last_data_reg[19]_i_1_n_0
                         CARRY4 (Prop_carry4_CI_O[3])
                                                      0.250     6.096 r  u_hist/last_data_reg[23]_i_1/O[3]
                         net (fo=2, unplaced)         0.468     6.564    u_hist/new_val[23]
                         LUT2 (Prop_lut2_I0_O)        0.222     6.786 r  u_hist/bin_mem_reg_i_39/O
                         net (fo=1, unplaced)         0.571     7.357    u_hist/wdata[23]
                         RAMB18E1                                     r  u_hist/bin_mem_reg/DIBDI[7]
  -------------------------------------------------------------------    -------------------

                         (clock net_clk rise edge)    6.400     6.400 r  
                                                      0.000     6.400 r  net_clk (IN)
                         net (fo=1291, unset)         0.669     7.069    u_hist/net_clk
                         RAMB18E1                                     r  u_hist/bin_mem_reg/CLKBWRCLK
                         clock pessimism              0.000     7.069    
                         clock uncertainty           -0.035     7.033    
                         RAMB18E1 (Setup_ramb18e1_CLKBWRCLK_DIBDI[7])
                                                     -0.197     6.836    u_hist/bin_mem_reg
  -------------------------------------------------------------------
                         required time                          6.836    
                         arrival time                          -7.357    
  -------------------------------------------------------------------
                         slack                                 -0.521    

Slack (VIOLATED) :        -0.488ns  (required time - arrival time)
  Source:                 u_hist/bin_mem_reg/CLKARDCLK
                            (rising edge-triggered cell RAMB18E1 clocked by net_clk  {rise@0.000ns fall@3.200ns period=6.400ns})
  Destination:            u_hist/bin_mem_reg/DIBDI[14]
                            (rising edge-triggered cell RAMB18E1 clocked by net_clk  {rise@0.000ns fall@3.200ns period=6.400ns})
  Path Group:             net_clk
  Path Type:              Setup (Max at Slow Process Corner)
  Requirement:            6.400ns  (net_clk rise@6.400ns - net_clk rise@0.000ns)
  Data Path Delay:        6.620ns  (logic 3.478ns (52.534%)  route 3.142ns (47.466%))
  Logic Levels:           12  (CARRY4=8 LUT2=1 LUT3=1 LUT5=1 LUT6=1)
  Clock Path Skew:        -0.035ns (DCD - SCD + CPR)
    Destination Clock Delay (DCD):    0.669ns = ( 7.069 - 6.400 ) 
    Source Clock Delay      (SCD):    0.704ns
    Clock Pessimism Removal (CPR):    0.000ns
  Clock Uncertainty:      0.035ns  ((TSJ^2 + TIJ^2)^1/2 + DJ) / 2 + PE
    Total System Jitter     (TSJ):    0.071ns
    Total Input Jitter      (TIJ):    0.000ns
    Discrete Jitter          (DJ):    0.000ns
    Phase Error              (PE):    0.000ns

    Location             Delay type                Incr(ns)  Path(ns)    Netlist Resource(s)
  -------------------------------------------------------------------    -------------------
                         (clock net_clk rise edge)    0.000     0.000 r  
                                                      0.000     0.000 r  net_clk (IN)
                         net (fo=1291, unset)         0.704     0.704    u_hist/net_clk
                         RAMB18E1                                     r  u_hist/bin_mem_reg/CLKARDCLK
  -------------------------------------------------------------------    -------------------
                         RAMB18E1 (Prop_ramb18e1_CLKARDCLK_DOADO[10])
                                                      1.846     2.550 f  u_hist/bin_mem_reg/DOADO[10]
                         net (fo=3, unplaced)         0.571     3.121    u_hist/ra_data[10]
                         LUT3 (Prop_lut3_I0_O)        0.097     3.218 r  u_hist/last_data[3]_i_13/O
                         net (fo=1, unplaced)         0.840     4.058    u_hist/last_data[3]_i_13_n_0
                         LUT5 (Prop_lut5_I0_O)        0.097     4.155 r  u_hist/last_data[3]_i_8/O
                         net (fo=1, unplaced)         0.840     4.995    u_hist/last_data[3]_i_8_n_0
                         LUT6 (Prop_lut6_I1_O)        0.097     5.092 r  u_hist/last_data[3]_i_6/O
                         net (fo=1, unplaced)         0.000     5.092    u_hist/last_data[3]_i_6_n_0
                         CARRY4 (Prop_carry4_S[0]_CO[3])
                                                      0.379     5.471 r  u_hist/last_data_reg[3]_i_1/CO[3]
                         net (fo=1, unplaced)         0.007     5.478    u_hist/last_data_reg[3]_i_1_n_0
                         CARRY4 (Prop_carry4_CI_CO[3])
                                                      0.092     5.570 r  u_hist/last_data_reg[7]_i_1/CO[3]
                         net (fo=1, unplaced)         0.000     5.570    u_hist/last_data_reg[7]_i_1_n_0
                         CARRY4 (Prop_carry4_CI_CO[3])
                                                      0.092     5.662 r  u_hist/last_data_reg[11]_i_1/CO[3]
                         net (fo=1, unplaced)         0.000     5.662    u_hist/last_data_reg[11]_i_1_n_0
                         CARRY4 (Prop_carry4_CI_CO[3])
                                                      0.092     5.754 r  u_hist/last_data_reg[15]_i_1/CO[3]
                         net (fo=1, unplaced)         0.000     5.754    u_hist/last_data_reg[15]_i_1_n_0
                         CARRY4 (Prop_carry4_CI_CO[3])
                                                      0.092     5.846 r  u_hist/last_data_reg[19]_i_1/CO[3]
                         net (fo=1, unplaced)         0.000     5.846    u_hist/last_data_reg[19]_i_1_n_0
                         CARRY4 (Prop_carry4_CI_CO[3])
                                                      0.092     5.938 r  u_hist/last_data_reg[23]_i_1/CO[3]
                         net (fo=1, unplaced)         0.000     5.938    u_hist/last_data_reg[23]_i_1_n_0
                         CARRY4 (Prop_carry4_CI_CO[3])
                                                      0.092     6.030 r  u_hist/last_data_reg[27]_i_1/CO[3]
                         net (fo=1, unplaced)         0.000     6.030    u_hist/last_data_reg[27]_i_1_n_0
                         CARRY4 (Prop_carry4_CI_O[2])
                                                      0.193     6.223 r  u_hist/last_data_reg[31]_i_2/O[2]
                         net (fo=2, unplaced)         0.313     6.536    u_hist/new_val[30]
                         LUT2 (Prop_lut2_I0_O)        0.217     6.753 r  u_hist/bin_mem_reg_i_32/O
                         net (fo=1, unplaced)         0.571     7.324    u_hist/wdata[30]
                         RAMB18E1                                     r  u_hist/bin_mem_reg/DIBDI[14]
  -------------------------------------------------------------------    -------------------

                         (clock net_clk rise edge)    6.400     6.400 r  
                                                      0.000     6.400 r  net_clk (IN)
                         net (fo=1291, unset)         0.669     7.069    u_hist/net_clk
                         RAMB18E1                                     r  u_hist/bin_mem_reg/CLKBWRCLK
                         clock pessimism              0.000     7.069    
                         clock uncertainty           -0.035     7.033    
                         RAMB18E1 (Setup_ramb18e1_CLKBWRCLK_DIBDI[14])
                                                     -0.197     6.836    u_hist/bin_mem_reg
  -------------------------------------------------------------------
                         required time                          6.836    
                         arrival time                          -7.324    
  -------------------------------------------------------------------
                         slack                                 -0.488    

Slack (VIOLATED) :        -0.432ns  (required time - arrival time)
  Source:                 u_hist/bin_mem_reg/CLKARDCLK
                            (rising edge-triggered cell RAMB18E1 clocked by net_clk  {rise@0.000ns fall@3.200ns period=6.400ns})
  Destination:            u_hist/bin_mem_reg/DIBDI[13]
                            (rising edge-triggered cell RAMB18E1 clocked by net_clk  {rise@0.000ns fall@3.200ns period=6.400ns})
  Path Group:             net_clk
  Path Type:              Setup (Max at Slow Process Corner)
  Requirement:            6.400ns  (net_clk rise@6.400ns - net_clk rise@0.000ns)
  Data Path Delay:        6.564ns  (logic 3.518ns (53.592%)  route 3.046ns (46.408%))
  Logic Levels:           12  (CARRY4=8 LUT2=1 LUT3=1 LUT5=1 LUT6=1)
  Clock Path Skew:        -0.035ns (DCD - SCD + CPR)
    Destination Clock Delay (DCD):    0.669ns = ( 7.069 - 6.400 ) 
    Source Clock Delay      (SCD):    0.704ns
    Clock Pessimism Removal (CPR):    0.000ns
  Clock Uncertainty:      0.035ns  ((TSJ^2 + TIJ^2)^1/2 + DJ) / 2 + PE
    Total System Jitter     (TSJ):    0.071ns
    Total Input Jitter      (TIJ):    0.000ns
    Discrete Jitter          (DJ):    0.000ns
    Phase Error              (PE):    0.000ns

    Location             Delay type                Incr(ns)  Path(ns)    Netlist Resource(s)
  -------------------------------------------------------------------    -------------------
                         (clock net_clk rise edge)    0.000     0.000 r  
                                                      0.000     0.000 r  net_clk (IN)
                         net (fo=1291, unset)         0.704     0.704    u_hist/net_clk
                         RAMB18E1                                     r  u_hist/bin_mem_reg/CLKARDCLK
  -------------------------------------------------------------------    -------------------
                         RAMB18E1 (Prop_ramb18e1_CLKARDCLK_DOADO[10])
                                                      1.846     2.550 f  u_hist/bin_mem_reg/DOADO[10]
                         net (fo=3, unplaced)         0.571     3.121    u_hist/ra_data[10]
                         LUT3 (Prop_lut3_I0_O)        0.097     3.218 r  u_hist/last_data[3]_i_13/O
                         net (fo=1, unplaced)         0.840     4.058    u_hist/last_data[3]_i_13_n_0
                         LUT5 (Prop_lut5_I0_O)        0.097     4.155 r  u_hist/last_data[3]_i_8/O
                         net (fo=1, unplaced)         0.840     4.995    u_hist/last_data[3]_i_8_n_0
                         LUT6 (Prop_lut6_I1_O)        0.097     5.092 r  u_hist/last_data[3]_i_6/O
                         net (fo=1, unplaced)         0.000     5.092    u_hist/last_data[3]_i_6_n_0
                         CARRY4 (Prop_carry4_S[0]_CO[3])
                                                      0.379     5.471 r  u_hist/last_data_reg[3]_i_1/CO[3]
                         net (fo=1, unplaced)         0.007     5.478    u_hist/last_data_reg[3]_i_1_n_0
                         CARRY4 (Prop_carry4_CI_CO[3])
                                                      0.092     5.570 r  u_hist/last_data_reg[7]_i_1/CO[3]
                         net (fo=1, unplaced)         0.000     5.570    u_hist/last_data_reg[7]_i_1_n_0
                         CARRY4 (Prop_carry4_CI_CO[3])
                                                      0.092     5.662 r  u_hist/last_data_reg[11]_i_1/CO[3]
                         net (fo=1, unplaced)         0.000     5.662    u_hist/last_data_reg[11]_i_1_n_0
                         CARRY4 (Prop_carry4_CI_CO[3])
                                                      0.092     5.754 r  u_hist/last_data_reg[15]_i_1/CO[3]
                         net (fo=1, unplaced)         0.000     5.754    u_hist/last_data_reg[15]_i_1_n_0
                         CARRY4 (Prop_carry4_CI_CO[3])
                                                      0.092     5.846 r  u_hist/last_data_reg[19]_i_1/CO[3]
                         net (fo=1, unplaced)         0.000     5.846    u_hist/last_data_reg[19]_i_1_n_0
                         CARRY4 (Prop_carry4_CI_CO[3])
                                                      0.092     5.938 r  u_hist/last_data_reg[23]_i_1/CO[3]
                         net (fo=1, unplaced)         0.000     5.938    u_hist/last_data_reg[23]_i_1_n_0
                         CARRY4 (Prop_carry4_CI_CO[3])
                                                      0.092     6.030 r  u_hist/last_data_reg[27]_i_1/CO[3]
                         net (fo=1, unplaced)         0.000     6.030    u_hist/last_data_reg[27]_i_1_n_0
                         CARRY4 (Prop_carry4_CI_O[1])
                                                      0.234     6.264 r  u_hist/last_data_reg[31]_i_2/O[1]
                         net (fo=2, unplaced)         0.217     6.481    u_hist/new_val[29]
                         LUT2 (Prop_lut2_I0_O)        0.216     6.697 r  u_hist/bin_mem_reg_i_33/O
                         net (fo=1, unplaced)         0.571     7.268    u_hist/wdata[29]
                         RAMB18E1                                     r  u_hist/bin_mem_reg/DIBDI[13]
  -------------------------------------------------------------------    -------------------

                         (clock net_clk rise edge)    6.400     6.400 r  
                                                      0.000     6.400 r  net_clk (IN)
                         net (fo=1291, unset)         0.669     7.069    u_hist/net_clk
                         RAMB18E1                                     r  u_hist/bin_mem_reg/CLKBWRCLK
                         clock pessimism              0.000     7.069    
                         clock uncertainty           -0.035     7.033    
                         RAMB18E1 (Setup_ramb18e1_CLKBWRCLK_DIBDI[13])
                                                     -0.197     6.836    u_hist/bin_mem_reg
  -------------------------------------------------------------------
                         required time                          6.836    
                         arrival time                          -7.268    
  -------------------------------------------------------------------
                         slack                                 -0.432    

Slack (VIOLATED) :        -0.429ns  (required time - arrival time)
  Source:                 u_hist/bin_mem_reg/CLKARDCLK
                            (rising edge-triggered cell RAMB18E1 clocked by net_clk  {rise@0.000ns fall@3.200ns period=6.400ns})
  Destination:            u_hist/bin_mem_reg/DIBDI[3]
                            (rising edge-triggered cell RAMB18E1 clocked by net_clk  {rise@0.000ns fall@3.200ns period=6.400ns})
  Path Group:             net_clk
  Path Type:              Setup (Max at Slow Process Corner)
  Requirement:            6.400ns  (net_clk rise@6.400ns - net_clk rise@0.000ns)
  Data Path Delay:        6.561ns  (logic 3.264ns (49.745%)  route 3.297ns (50.255%))
  Logic Levels:           9  (CARRY4=5 LUT2=1 LUT3=1 LUT5=1 LUT6=1)
  Clock Path Skew:        -0.035ns (DCD - SCD + CPR)
    Destination Clock Delay (DCD):    0.669ns = ( 7.069 - 6.400 ) 
    Source Clock Delay      (SCD):    0.704ns
    Clock Pessimism Removal (CPR):    0.000ns
  Clock Uncertainty:      0.035ns  ((TSJ^2 + TIJ^2)^1/2 + DJ) / 2 + PE
    Total System Jitter     (TSJ):    0.071ns
    Total Input Jitter      (TIJ):    0.000ns
    Discrete Jitter          (DJ):    0.000ns
    Phase Error              (PE):    0.000ns

    Location             Delay type                Incr(ns)  Path(ns)    Netlist Resource(s)
  -------------------------------------------------------------------    -------------------
                         (clock net_clk rise edge)    0.000     0.000 r  
                                                      0.000     0.000 r  net_clk (IN)
                         net (fo=1291, unset)         0.704     0.704    u_hist/net_clk
                         RAMB18E1                                     r  u_hist/bin_mem_reg/CLKARDCLK
  -------------------------------------------------------------------    -------------------
                         RAMB18E1 (Prop_ramb18e1_CLKARDCLK_DOADO[10])
                                                      1.846     2.550 f  u_hist/bin_mem_reg/DOADO[10]
                         net (fo=3, unplaced)         0.571     3.121    u_hist/ra_data[10]
                         LUT3 (Prop_lut3_I0_O)        0.097     3.218 r  u_hist/last_data[3]_i_13/O
                         net (fo=1, unplaced)         0.840     4.058    u_hist/last_data[3]_i_13_n_0
                         LUT5 (Prop_lut5_I0_O)        0.097     4.155 r  u_hist/last_data[3]_i_8/O
                         net (fo=1, unplaced)         0.840     4.995    u_hist/last_data[3]_i_8_n_0
                         LUT6 (Prop_lut6_I1_O)        0.097     5.092 r  u_hist/last_data[3]_i_6/O
                         net (fo=1, unplaced)         0.000     5.092    u_hist/last_data[3]_i_6_n_0
                         CARRY4 (Prop_carry4_S[0]_CO[3])
                                                      0.379     5.471 r  u_hist/last_data_reg[3]_i_1/CO[3]
                         net (fo=1, unplaced)         0.007     5.478    u_hist/last_data_reg[3]_i_1_n_0
                         CARRY4 (Prop_carry4_CI_CO[3])
                                                      0.092     5.570 r  u_hist/last_data_reg[7]_i_1/CO[3]
                         net (fo=1, unplaced)         0.000     5.570    u_hist/last_data_reg[7]_i_1_n_0
                         CARRY4 (Prop_carry4_CI_CO[3])
                                                      0.092     5.662 r  u_hist/last_data_reg[11]_i_1/CO[3]
                         net (fo=1, unplaced)         0.000     5.662    u_hist/last_data_reg[11]_i_1_n_0
                         CARRY4 (Prop_carry4_CI_CO[3])
                                                      0.092     5.754 r  u_hist/last_data_reg[15]_i_1/CO[3]
                         net (fo=1, unplaced)         0.000     5.754    u_hist/last_data_reg[15]_i_1_n_0
                         CARRY4 (Prop_carry4_CI_O[3])
                                                      0.250     6.004 r  u_hist/last_data_reg[19]_i_1/O[3]
                         net (fo=2, unplaced)         0.468     6.472    u_hist/new_val[19]
                         LUT2 (Prop_lut2_I0_O)        0.222     6.694 r  u_hist/bin_mem_reg_i_43/O
                         net (fo=1, unplaced)         0.571     7.265    u_hist/wdata[19]
                         RAMB18E1                                     r  u_hist/bin_mem_reg/DIBDI[3]
  -------------------------------------------------------------------    -------------------

                         (clock net_clk rise edge)    6.400     6.400 r  
                                                      0.000     6.400 r  net_clk (IN)
                         net (fo=1291, unset)         0.669     7.069    u_hist/net_clk
                         RAMB18E1                                     r  u_hist/bin_mem_reg/CLKBWRCLK
                         clock pessimism              0.000     7.069    
                         clock uncertainty           -0.035     7.033    
                         RAMB18E1 (Setup_ramb18e1_CLKBWRCLK_DIBDI[3])
                                                     -0.197     6.836    u_hist/bin_mem_reg
  -------------------------------------------------------------------
                         required time                          6.836    
                         arrival time                          -7.265    
  -------------------------------------------------------------------
                         slack                                 -0.429    

Slack (VIOLATED) :        -0.396ns  (required time - arrival time)
  Source:                 u_hist/bin_mem_reg/CLKARDCLK
                            (rising edge-triggered cell RAMB18E1 clocked by net_clk  {rise@0.000ns fall@3.200ns period=6.400ns})
  Destination:            u_hist/bin_mem_reg/DIBDI[10]
                            (rising edge-triggered cell RAMB18E1 clocked by net_clk  {rise@0.000ns fall@3.200ns period=6.400ns})
  Path Group:             net_clk
  Path Type:              Setup (Max at Slow Process Corner)
  Requirement:            6.400ns  (net_clk rise@6.400ns - net_clk rise@0.000ns)
  Data Path Delay:        6.528ns  (logic 3.386ns (51.865%)  route 3.142ns (48.135%))
  Logic Levels:           11  (CARRY4=7 LUT2=1 LUT3=1 LUT5=1 LUT6=1)
  Clock Path Skew:        -0.035ns (DCD - SCD + CPR)
    Destination Clock Delay (DCD):    0.669ns = ( 7.069 - 6.400 ) 
    Source Clock Delay      (SCD):    0.704ns
    Clock Pessimism Removal (CPR):    0.000ns
  Clock Uncertainty:      0.035ns  ((TSJ^2 + TIJ^2)^1/2 + DJ) / 2 + PE
    Total System Jitter     (TSJ):    0.071ns
    Total Input Jitter      (TIJ):    0.000ns
    Discrete Jitter          (DJ):    0.000ns
    Phase Error              (PE):    0.000ns

    Location             Delay type                Incr(ns)  Path(ns)    Netlist Resource(s)
  -------------------------------------------------------------------    -------------------
                         (clock net_clk rise edge)    0.000     0.000 r  
                                                      0.000     0.000 r  net_clk (IN)
                         net (fo=1291, unset)         0.704     0.704    u_hist/net_clk
                         RAMB18E1                                     r  u_hist/bin_mem_reg/CLKARDCLK
  -------------------------------------------------------------------    -------------------
                         RAMB18E1 (Prop_ramb18e1_CLKARDCLK_DOADO[10])
                                                      1.846     2.550 f  u_hist/bin_mem_reg/DOADO[10]
                         net (fo=3, unplaced)         0.571     3.121    u_hist/ra_data[10]
                         LUT3 (Prop_lut3_I0_O)        0.097     3.218 r  u_hist/last_data[3]_i_13/O
                         net (fo=1, unplaced)         0.840     4.058    u_hist/last_data[3]_i_13_n_0
                         LUT5 (Prop_lut5_I0_O)        0.097     4.155 r  u_hist/last_data[3]_i_8/O
                         net (fo=1, unplaced)         0.840     4.995    u_hist/last_data[3]_i_8_n_0
                         LUT6 (Prop_lut6_I1_O)        0.097     5.092 r  u_hist/last_data[3]_i_6/O
                         net (fo=1, unplaced)         0.000     5.092    u_hist/last_data[3]_i_6_n_0
                         CARRY4 (Prop_carry4_S[0]_CO[3])
                                                      0.379     5.471 r  u_hist/last_data_reg[3]_i_1/CO[3]
                         net (fo=1, unplaced)         0.007     5.478    u_hist/last_data_reg[3]_i_1_n_0
                         CARRY4 (Prop_carry4_CI_CO[3])
                                                      0.092     5.570 r  u_hist/last_data_reg[7]_i_1/CO[3]
                         net (fo=1, unplaced)         0.000     5.570    u_hist/last_data_reg[7]_i_1_n_0
                         CARRY4 (Prop_carry4_CI_CO[3])
                                                      0.092     5.662 r  u_hist/last_data_reg[11]_i_1/CO[3]
                         net (fo=1, unplaced)         0.000     5.662    u_hist/last_data_reg[11]_i_1_n_0
                         CARRY4 (Prop_carry4_CI_CO[3])
                                                      0.092     5.754 r  u_hist/last_data_reg[15]_i_1/CO[3]
                         net (fo=1, unplaced)         0.000     5.754    u_hist/last_data_reg[15]_i_1_n_0
                         CARRY4 (Prop_carry4_CI_CO[3])
                                                      0.092     5.846 r  u_hist/last_data_reg[19]_i_1/CO[3]
                         net (fo=1, unplaced)         0.000     5.846    u_hist/last_data_reg[19]_i_1_n_0
                         CARRY4 (Prop_carry4_CI_CO[3])
                                                      0.092     5.938 r  u_hist/last_data_reg[23]_i_1/CO[3]
                         net (fo=1, unplaced)         0.000     5.938    u_hist/last_data_reg[23]_i_1_n_0
                         CARRY4 (Prop_carry4_CI_O[2])
                                                      0.193     6.131 r  u_hist/last_data_reg[27]_i_1/O[2]
                         net (fo=2, unplaced)         0.313     6.444    u_hist/new_val[26]
                         LUT2 (Prop_lut2_I0_O)        0.217     6.661 r  u_hist/bin_mem_reg_i_36/O
                         net (fo=1, unplaced)         0.571     7.232    u_hist/wdata[26]
                         RAMB18E1                                     r  u_hist/bin_mem_reg/DIBDI[10]
  -------------------------------------------------------------------    -------------------

                         (clock net_clk rise edge)    6.400     6.400 r  
                                                      0.000     6.400 r  net_clk (IN)
                         net (fo=1291, unset)         0.669     7.069    u_hist/net_clk
                         RAMB18E1                                     r  u_hist/bin_mem_reg/CLKBWRCLK
                         clock pessimism              0.000     7.069    
                         clock uncertainty           -0.035     7.033    
                         RAMB18E1 (Setup_ramb18e1_CLKBWRCLK_DIBDI[10])
                                                     -0.197     6.836    u_hist/bin_mem_reg
  -------------------------------------------------------------------
                         required time                          6.836    
                         arrival time                          -7.232    
  -------------------------------------------------------------------
                         slack                                 -0.396    

Slack (VIOLATED) :        -0.360ns  (required time - arrival time)
  Source:                 u_hist/bin_mem_reg/CLKARDCLK
                            (rising edge-triggered cell RAMB18E1 clocked by net_clk  {rise@0.000ns fall@3.200ns period=6.400ns})
  Destination:            u_hist/bin_mem_reg/DIBDI[12]
                            (rising edge-triggered cell RAMB18E1 clocked by net_clk  {rise@0.000ns fall@3.200ns period=6.400ns})
  Path Group:             net_clk
  Path Type:              Setup (Max at Slow Process Corner)
  Requirement:            6.400ns  (net_clk rise@6.400ns - net_clk rise@0.000ns)
  Data Path Delay:        6.492ns  (logic 3.444ns (53.046%)  route 3.048ns (46.954%))
  Logic Levels:           12  (CARRY4=8 LUT2=1 LUT3=1 LUT5=1 LUT6=1)
  Clock Path Skew:        -0.035ns (DCD - SCD + CPR)
    Destination Clock Delay (DCD):    0.669ns = ( 7.069 - 6.400 ) 
    Source Clock Delay      (SCD):    0.704ns
    Clock Pessimism Removal (CPR):    0.000ns
  Clock Uncertainty:      0.035ns  ((TSJ^2 + TIJ^2)^1/2 + DJ) / 2 + PE
    Total System Jitter     (TSJ):    0.071ns
    Total Input Jitter      (TIJ):    0.000ns
    Discrete Jitter          (DJ):    0.000ns
    Phase Error              (PE):    0.000ns

    Location             Delay type                Incr(ns)  Path(ns)    Netlist Resource(s)
  -------------------------------------------------------------------    -------------------
                         (clock net_clk rise edge)    0.000     0.000 r  
                                                      0.000     0.000 r  net_clk (IN)
                         net (fo=1291, unset)         0.704     0.704    u_hist/net_clk
                         RAMB18E1                                     r  u_hist/bin_mem_reg/CLKARDCLK
  -------------------------------------------------------------------    -------------------
                         RAMB18E1 (Prop_ramb18e1_CLKARDCLK_DOADO[10])
                                                      1.846     2.550 f  u_hist/bin_mem_reg/DOADO[10]
                         net (fo=3, unplaced)         0.571     3.121    u_hist/ra_data[10]
                         LUT3 (Prop_lut3_I0_O)        0.097     3.218 r  u_hist/last_data[3]_i_13/O
                         net (fo=1, unplaced)         0.840     4.058    u_hist/last_data[3]_i_13_n_0
                         LUT5 (Prop_lut5_I0_O)        0.097     4.155 r  u_hist/last_data[3]_i_8/O
                         net (fo=1, unplaced)         0.840     4.995    u_hist/last_data[3]_i_8_n_0
                         LUT6 (Prop_lut6_I1_O)        0.097     5.092 r  u_hist/last_data[3]_i_6/O
                         net (fo=1, unplaced)         0.000     5.092    u_hist/last_data[3]_i_6_n_0
                         CARRY4 (Prop_carry4_S[0]_CO[3])
                                                      0.379     5.471 r  u_hist/last_data_reg[3]_i_1/CO[3]
                         net (fo=1, unplaced)         0.007     5.478    u_hist/last_data_reg[3]_i_1_n_0
                         CARRY4 (Prop_carry4_CI_CO[3])
                                                      0.092     5.570 r  u_hist/last_data_reg[7]_i_1/CO[3]
                         net (fo=1, unplaced)         0.000     5.570    u_hist/last_data_reg[7]_i_1_n_0
                         CARRY4 (Prop_carry4_CI_CO[3])
                                                      0.092     5.662 r  u_hist/last_data_reg[11]_i_1/CO[3]
                         net (fo=1, unplaced)         0.000     5.662    u_hist/last_data_reg[11]_i_1_n_0
                         CARRY4 (Prop_carry4_CI_CO[3])
                                                      0.092     5.754 r  u_hist/last_data_reg[15]_i_1/CO[3]
                         net (fo=1, unplaced)         0.000     5.754    u_hist/last_data_reg[15]_i_1_n_0
                         CARRY4 (Prop_carry4_CI_CO[3])
                                                      0.092     5.846 r  u_hist/last_data_reg[19]_i_1/CO[3]
                         net (fo=1, unplaced)         0.000     5.846    u_hist/last_data_reg[19]_i_1_n_0
                         CARRY4 (Prop_carry4_CI_CO[3])
                                                      0.092     5.938 r  u_hist/last_data_reg[23]_i_1/CO[3]
                         net (fo=1, unplaced)         0.000     5.938    u_hist/last_data_reg[23]_i_1_n_0
                         CARRY4 (Prop_carry4_CI_CO[3])
                                                      0.092     6.030 r  u_hist/last_data_reg[27]_i_1/CO[3]
                         net (fo=1, unplaced)         0.000     6.030    u_hist/last_data_reg[27]_i_1_n_0
                         CARRY4 (Prop_carry4_CI_O[0])
                                                      0.167     6.197 r  u_hist/last_data_reg[31]_i_2/O[0]
                         net (fo=2, unplaced)         0.219     6.416    u_hist/new_val[28]
                         LUT2 (Prop_lut2_I0_O)        0.209     6.625 r  u_hist/bin_mem_reg_i_34/O
                         net (fo=1, unplaced)         0.571     7.196    u_hist/wdata[28]
                         RAMB18E1                                     r  u_hist/bin_mem_reg/DIBDI[12]
  -------------------------------------------------------------------    -------------------

                         (clock net_clk rise edge)    6.400     6.400 r  
                                                      0.000     6.400 r  net_clk (IN)
                         net (fo=1291, unset)         0.669     7.069    u_hist/net_clk
                         RAMB18E1                                     r  u_hist/bin_mem_reg/CLKBWRCLK
                         clock pessimism              0.000     7.069    
                         clock uncertainty           -0.035     7.033    
                         RAMB18E1 (Setup_ramb18e1_CLKBWRCLK_DIBDI[12])
                                                     -0.197     6.836    u_hist/bin_mem_reg
  -------------------------------------------------------------------
                         required time                          6.836    
                         arrival time                          -7.196    
  -------------------------------------------------------------------
                         slack                                 -0.360    

Slack (VIOLATED) :        -0.340ns  (required time - arrival time)
  Source:                 u_hist/bin_mem_reg/CLKARDCLK
                            (rising edge-triggered cell RAMB18E1 clocked by net_clk  {rise@0.000ns fall@3.200ns period=6.400ns})
  Destination:            u_hist/bin_mem_reg/DIBDI[9]
                            (rising edge-triggered cell RAMB18E1 clocked by net_clk  {rise@0.000ns fall@3.200ns period=6.400ns})
  Path Group:             net_clk
  Path Type:              Setup (Max at Slow Process Corner)
  Requirement:            6.400ns  (net_clk rise@6.400ns - net_clk rise@0.000ns)
  Data Path Delay:        6.472ns  (logic 3.426ns (52.932%)  route 3.046ns (47.068%))
  Logic Levels:           11  (CARRY4=7 LUT2=1 LUT3=1 LUT5=1 LUT6=1)
  Clock Path Skew:        -0.035ns (DCD - SCD + CPR)
    Destination Clock Delay (DCD):    0.669ns = ( 7.069 - 6.400 ) 
    Source Clock Delay      (SCD):    0.704ns
    Clock Pessimism Removal (CPR):    0.000ns
  Clock Uncertainty:      0.035ns  ((TSJ^2 + TIJ^2)^1/2 + DJ) / 2 + PE
    Total System Jitter     (TSJ):    0.071ns
    Total Input Jitter      (TIJ):    0.000ns
    Discrete Jitter          (DJ):    0.000ns
    Phase Error              (PE):    0.000ns

    Location             Delay type                Incr(ns)  Path(ns)    Netlist Resource(s)
  -------------------------------------------------------------------    -------------------
                         (clock net_clk rise edge)    0.000     0.000 r  
                                                      0.000     0.000 r  net_clk (IN)
                         net (fo=1291, unset)         0.704     0.704    u_hist/net_clk
                         RAMB18E1                                     r  u_hist/bin_mem_reg/CLKARDCLK
  -------------------------------------------------------------------    -------------------
                         RAMB18E1 (Prop_ramb18e1_CLKARDCLK_DOADO[10])
                                                      1.846     2.550 f  u_hist/bin_mem_reg/DOADO[10]
                         net (fo=3, unplaced)         0.571     3.121    u_hist/ra_data[10]
                         LUT3 (Prop_lut3_I0_O)        0.097     3.218 r  u_hist/last_data[3]_i_13/O
                         net (fo=1, unplaced)         0.840     4.058    u_hist/last_data[3]_i_13_n_0
                         LUT5 (Prop_lut5_I0_O)        0.097     4.155 r  u_hist/last_data[3]_i_8/O
                         net (fo=1, unplaced)         0.840     4.995    u_hist/last_data[3]_i_8_n_0
                         LUT6 (Prop_lut6_I1_O)        0.097     5.092 r  u_hist/last_data[3]_i_6/O
                         net (fo=1, unplaced)         0.000     5.092    u_hist/last_data[3]_i_6_n_0
                         CARRY4 (Prop_carry4_S[0]_CO[3])
                                                      0.379     5.471 r  u_hist/last_data_reg[3]_i_1/CO[3]
                         net (fo=1, unplaced)         0.007     5.478    u_hist/last_data_reg[3]_i_1_n_0
                         CARRY4 (Prop_carry4_CI_CO[3])
                                                      0.092     5.570 r  u_hist/last_data_reg[7]_i_1/CO[3]
                         net (fo=1, unplaced)         0.000     5.570    u_hist/last_data_reg[7]_i_1_n_0
                         CARRY4 (Prop_carry4_CI_CO[3])
                                                      0.092     5.662 r  u_hist/last_data_reg[11]_i_1/CO[3]
                         net (fo=1, unplaced)         0.000     5.662    u_hist/last_data_reg[11]_i_1_n_0
                         CARRY4 (Prop_carry4_CI_CO[3])
                                                      0.092     5.754 r  u_hist/last_data_reg[15]_i_1/CO[3]
                         net (fo=1, unplaced)         0.000     5.754    u_hist/last_data_reg[15]_i_1_n_0
                         CARRY4 (Prop_carry4_CI_CO[3])
                                                      0.092     5.846 r  u_hist/last_data_reg[19]_i_1/CO[3]
                         net (fo=1, unplaced)         0.000     5.846    u_hist/last_data_reg[19]_i_1_n_0
                         CARRY4 (Prop_carry4_CI_CO[3])
                                                      0.092     5.938 r  u_hist/last_data_reg[23]_i_1/CO[3]
                         net (fo=1, unplaced)         0.000     5.938    u_hist/last_data_reg[23]_i_1_n_0
                         CARRY4 (Prop_carry4_CI_O[1])
                                                      0.234     6.172 r  u_hist/last_data_reg[27]_i_1/O[1]
                         net (fo=2, unplaced)         0.217     6.389    u_hist/new_val[25]
                         LUT2 (Prop_lut2_I0_O)        0.216     6.605 r  u_hist/bin_mem_reg_i_37/O
                         net (fo=1, unplaced)         0.571     7.176    u_hist/wdata[25]
                         RAMB18E1                                     r  u_hist/bin_mem_reg/DIBDI[9]
  -------------------------------------------------------------------    -------------------

                         (clock net_clk rise edge)    6.400     6.400 r  
                                                      0.000     6.400 r  net_clk (IN)
                         net (fo=1291, unset)         0.669     7.069    u_hist/net_clk
                         RAMB18E1                                     r  u_hist/bin_mem_reg/CLKBWRCLK
                         clock pessimism              0.000     7.069    
                         clock uncertainty           -0.035     7.033    
                         RAMB18E1 (Setup_ramb18e1_CLKBWRCLK_DIBDI[9])
                                                     -0.197     6.836    u_hist/bin_mem_reg
  -------------------------------------------------------------------
                         required time                          6.836    
                         arrival time                          -7.176    
  -------------------------------------------------------------------
                         slack                                 -0.340    

Slack (VIOLATED) :        -0.337ns  (required time - arrival time)
  Source:                 u_hist/bin_mem_reg/CLKARDCLK
                            (rising edge-triggered cell RAMB18E1 clocked by net_clk  {rise@0.000ns fall@3.200ns period=6.400ns})
  Destination:            u_hist/bin_mem_reg/DIADI[15]
                            (rising edge-triggered cell RAMB18E1 clocked by net_clk  {rise@0.000ns fall@3.200ns period=6.400ns})
  Path Group:             net_clk
  Path Type:              Setup (Max at Slow Process Corner)
  Requirement:            6.400ns  (net_clk rise@6.400ns - net_clk rise@0.000ns)
  Data Path Delay:        6.469ns  (logic 3.172ns (49.031%)  route 3.297ns (50.969%))
  Logic Levels:           8  (CARRY4=4 LUT2=1 LUT3=1 LUT5=1 LUT6=1)
  Clock Path Skew:        -0.035ns (DCD - SCD + CPR)
    Destination Clock Delay (DCD):    0.669ns = ( 7.069 - 6.400 ) 
    Source Clock Delay      (SCD):    0.704ns
    Clock Pessimism Removal (CPR):    0.000ns
  Clock Uncertainty:      0.035ns  ((TSJ^2 + TIJ^2)^1/2 + DJ) / 2 + PE
    Total System Jitter     (TSJ):    0.071ns
    Total Input Jitter      (TIJ):    0.000ns
    Discrete Jitter          (DJ):    0.000ns
    Phase Error              (PE):    0.000ns

    Location             Delay type                Incr(ns)  Path(ns)    Netlist Resource(s)
  -------------------------------------------------------------------    -------------------
                         (clock net_clk rise edge)    0.000     0.000 r  
                                                      0.000     0.000 r  net_clk (IN)
                         net (fo=1291, unset)         0.704     0.704    u_hist/net_clk
                         RAMB18E1                                     r  u_hist/bin_mem_reg/CLKARDCLK
  -------------------------------------------------------------------    -------------------
                         RAMB18E1 (Prop_ramb18e1_CLKARDCLK_DOADO[10])
                                                      1.846     2.550 f  u_hist/bin_mem_reg/DOADO[10]
                         net (fo=3, unplaced)         0.571     3.121    u_hist/ra_data[10]
                         LUT3 (Prop_lut3_I0_O)        0.097     3.218 r  u_hist/last_data[3]_i_13/O
                         net (fo=1, unplaced)         0.840     4.058    u_hist/last_data[3]_i_13_n_0
                         LUT5 (Prop_lut5_I0_O)        0.097     4.155 r  u_hist/last_data[3]_i_8/O
                         net (fo=1, unplaced)         0.840     4.995    u_hist/last_data[3]_i_8_n_0
                         LUT6 (Prop_lut6_I1_O)        0.097     5.092 r  u_hist/last_data[3]_i_6/O
                         net (fo=1, unplaced)         0.000     5.092    u_hist/last_data[3]_i_6_n_0
                         CARRY4 (Prop_carry4_S[0]_CO[3])
                                                      0.379     5.471 r  u_hist/last_data_reg[3]_i_1/CO[3]
                         net (fo=1, unplaced)         0.007     5.478    u_hist/last_data_reg[3]_i_1_n_0
                         CARRY4 (Prop_carry4_CI_CO[3])
                                                      0.092     5.570 r  u_hist/last_data_reg[7]_i_1/CO[3]
                         net (fo=1, unplaced)         0.000     5.570    u_hist/last_data_reg[7]_i_1_n_0
                         CARRY4 (Prop_carry4_CI_CO[3])
                                                      0.092     5.662 r  u_hist/last_data_reg[11]_i_1/CO[3]
                         net (fo=1, unplaced)         0.000     5.662    u_hist/last_data_reg[11]_i_1_n_0
                         CARRY4 (Prop_carry4_CI_O[3])
                                                      0.250     5.912 r  u_hist/last_data_reg[15]_i_1/O[3]
                         net (fo=2, unplaced)         0.468     6.380    u_hist/new_val[15]
                         LUT2 (Prop_lut2_I0_O)        0.222     6.602 r  u_hist/bin_mem_reg_i_15/O
                         net (fo=1, unplaced)         0.571     7.173    u_hist/wdata[15]
                         RAMB18E1                                     r  u_hist/bin_mem_reg/DIADI[15]
  -------------------------------------------------------------------    -------------------

                         (clock net_clk rise edge)    6.400     6.400 r  
                                                      0.000     6.400 r  net_clk (IN)
                         net (fo=1291, unset)         0.669     7.069    u_hist/net_clk
                         RAMB18E1                                     r  u_hist/bin_mem_reg/CLKBWRCLK
                         clock pessimism              0.000     7.069    
                         clock uncertainty           -0.035     7.033    
                         RAMB18E1 (Setup_ramb18e1_CLKBWRCLK_DIADI[15])
                                                     -0.197     6.836    u_hist/bin_mem_reg
  -------------------------------------------------------------------
                         required time                          6.836    
                         arrival time                          -7.173    
  -------------------------------------------------------------------
                         slack                                 -0.337    

Slack (MET) :             5.688ns  (required time - arrival time)
  Source:                 u_bridge/rdata_hold_reg[0]/C
                            (rising edge-triggered cell FDRE clocked by net_clk  {rise@0.000ns fall@3.200ns period=6.400ns})
  Destination:            u_bridge/m_rdata_reg[0]/D
                            (rising edge-triggered cell FDRE clocked by aclk  {rise@0.000ns fall@5.000ns period=10.000ns})
  Path Group:             aclk
  Path Type:              Setup (Max at Slow Process Corner)
  Requirement:            6.400ns  (MaxDelay Path 6.400ns)
  Data Path Delay:        0.611ns  (logic 0.393ns (64.321%)  route 0.218ns (35.679%))
  Logic Levels:           0  
  Timing Exception:       MaxDelay Path 6.400ns -datapath_only

    Location             Delay type                Incr(ns)  Path(ns)    Netlist Resource(s)
  -------------------------------------------------------------------    -------------------
                                                      0.000     0.000 r  u_bridge/rdata_hold_reg[0]/C
                         FDRE (Prop_fdre_C_Q)         0.393     0.393 r  u_bridge/rdata_hold_reg[0]/Q
                         net (fo=1, unplaced)         0.218     0.611    u_bridge/rdata_hold[0]
                         FDRE                                         r  u_bridge/m_rdata_reg[0]/D
  -------------------------------------------------------------------    -------------------

                         max delay                    6.400     6.400    
                         FDRE (Setup_fdre_C_D)       -0.101     6.299    u_bridge/m_rdata_reg[0]
  -------------------------------------------------------------------
                         required time                          6.299    
                         arrival time                          -0.611    
  -------------------------------------------------------------------
                         slack                                  5.688    

Slack (MET) :             5.688ns  (required time - arrival time)
  Source:                 u_bridge/rdata_hold_reg[10]/C
                            (rising edge-triggered cell FDRE clocked by net_clk  {rise@0.000ns fall@3.200ns period=6.400ns})
  Destination:            u_bridge/m_rdata_reg[10]/D
                            (rising edge-triggered cell FDRE clocked by aclk  {rise@0.000ns fall@5.000ns period=10.000ns})
  Path Group:             aclk
  Path Type:              Setup (Max at Slow Process Corner)
  Requirement:            6.400ns  (MaxDelay Path 6.400ns)
  Data Path Delay:        0.611ns  (logic 0.393ns (64.321%)  route 0.218ns (35.679%))
  Logic Levels:           0  
  Timing Exception:       MaxDelay Path 6.400ns -datapath_only

    Location             Delay type                Incr(ns)  Path(ns)    Netlist Resource(s)
  -------------------------------------------------------------------    -------------------
                                                      0.000     0.000 r  u_bridge/rdata_hold_reg[10]/C
                         FDRE (Prop_fdre_C_Q)         0.393     0.393 r  u_bridge/rdata_hold_reg[10]/Q
                         net (fo=1, unplaced)         0.218     0.611    u_bridge/rdata_hold[10]
                         FDRE                                         r  u_bridge/m_rdata_reg[10]/D
  -------------------------------------------------------------------    -------------------

                         max delay                    6.400     6.400    
                         FDRE (Setup_fdre_C_D)       -0.101     6.299    u_bridge/m_rdata_reg[10]
  -------------------------------------------------------------------
                         required time                          6.299    
                         arrival time                          -0.611    
  -------------------------------------------------------------------
                         slack                                  5.688    

Slack (MET) :             5.688ns  (required time - arrival time)
  Source:                 u_bridge/rdata_hold_reg[11]/C
                            (rising edge-triggered cell FDRE clocked by net_clk  {rise@0.000ns fall@3.200ns period=6.400ns})
  Destination:            u_bridge/m_rdata_reg[11]/D
                            (rising edge-triggered cell FDRE clocked by aclk  {rise@0.000ns fall@5.000ns period=10.000ns})
  Path Group:             aclk
  Path Type:              Setup (Max at Slow Process Corner)
  Requirement:            6.400ns  (MaxDelay Path 6.400ns)
  Data Path Delay:        0.611ns  (logic 0.393ns (64.321%)  route 0.218ns (35.679%))
  Logic Levels:           0  
  Timing Exception:       MaxDelay Path 6.400ns -datapath_only

    Location             Delay type                Incr(ns)  Path(ns)    Netlist Resource(s)
  -------------------------------------------------------------------    -------------------
                                                      0.000     0.000 r  u_bridge/rdata_hold_reg[11]/C
                         FDRE (Prop_fdre_C_Q)         0.393     0.393 r  u_bridge/rdata_hold_reg[11]/Q
                         net (fo=1, unplaced)         0.218     0.611    u_bridge/rdata_hold[11]
                         FDRE                                         r  u_bridge/m_rdata_reg[11]/D
  -------------------------------------------------------------------    -------------------

                         max delay                    6.400     6.400    
                         FDRE (Setup_fdre_C_D)       -0.101     6.299    u_bridge/m_rdata_reg[11]
  -------------------------------------------------------------------
                         required time                          6.299    
                         arrival time                          -0.611    
  -------------------------------------------------------------------
                         slack                                  5.688    

Slack (MET) :             5.688ns  (required time - arrival time)
  Source:                 u_bridge/rdata_hold_reg[12]/C
                            (rising edge-triggered cell FDRE clocked by net_clk  {rise@0.000ns fall@3.200ns period=6.400ns})
  Destination:            u_bridge/m_rdata_reg[12]/D
                            (rising edge-triggered cell FDRE clocked by aclk  {rise@0.000ns fall@5.000ns period=10.000ns})
  Path Group:             aclk
  Path Type:              Setup (Max at Slow Process Corner)
  Requirement:            6.400ns  (MaxDelay Path 6.400ns)
  Data Path Delay:        0.611ns  (logic 0.393ns (64.321%)  route 0.218ns (35.679%))
  Logic Levels:           0  
  Timing Exception:       MaxDelay Path 6.400ns -datapath_only

    Location             Delay type                Incr(ns)  Path(ns)    Netlist Resource(s)
  -------------------------------------------------------------------    -------------------
                                                      0.000     0.000 r  u_bridge/rdata_hold_reg[12]/C
                         FDRE (Prop_fdre_C_Q)         0.393     0.393 r  u_bridge/rdata_hold_reg[12]/Q
                         net (fo=1, unplaced)         0.218     0.611    u_bridge/rdata_hold[12]
                         FDRE                                         r  u_bridge/m_rdata_reg[12]/D
  -------------------------------------------------------------------    -------------------

                         max delay                    6.400     6.400    
                         FDRE (Setup_fdre_C_D)       -0.101     6.299    u_bridge/m_rdata_reg[12]
  -------------------------------------------------------------------
                         required time                          6.299    
                         arrival time                          -0.611    
  -------------------------------------------------------------------
                         slack                                  5.688    

Slack (MET) :             5.688ns  (required time - arrival time)
  Source:                 u_bridge/rdata_hold_reg[13]/C
                            (rising edge-triggered cell FDRE clocked by net_clk  {rise@0.000ns fall@3.200ns period=6.400ns})
  Destination:            u_bridge/m_rdata_reg[13]/D
                            (rising edge-triggered cell FDRE clocked by aclk  {rise@0.000ns fall@5.000ns period=10.000ns})
  Path Group:             aclk
  Path Type:              Setup (Max at Slow Process Corner)
  Requirement:            6.400ns  (MaxDelay Path 6.400ns)
  Data Path Delay:        0.611ns  (logic 0.393ns (64.321%)  route 0.218ns (35.679%))
  Logic Levels:           0  
  Timing Exception:       MaxDelay Path 6.400ns -datapath_only

    Location             Delay type                Incr(ns)  Path(ns)    Netlist Resource(s)
  -------------------------------------------------------------------    -------------------
                                                      0.000     0.000 r  u_bridge/rdata_hold_reg[13]/C
                         FDRE (Prop_fdre_C_Q)         0.393     0.393 r  u_bridge/rdata_hold_reg[13]/Q
                         net (fo=1, unplaced)         0.218     0.611    u_bridge/rdata_hold[13]
                         FDRE                                         r  u_bridge/m_rdata_reg[13]/D
  -------------------------------------------------------------------    -------------------

                         max delay                    6.400     6.400    
                         FDRE (Setup_fdre_C_D)       -0.101     6.299    u_bridge/m_rdata_reg[13]
  -------------------------------------------------------------------
                         required time                          6.299    
                         arrival time                          -0.611    
  -------------------------------------------------------------------
                         slack                                  5.688    

Slack (MET) :             5.688ns  (required time - arrival time)
  Source:                 u_bridge/rdata_hold_reg[14]/C
                            (rising edge-triggered cell FDRE clocked by net_clk  {rise@0.000ns fall@3.200ns period=6.400ns})
  Destination:            u_bridge/m_rdata_reg[14]/D
                            (rising edge-triggered cell FDRE clocked by aclk  {rise@0.000ns fall@5.000ns period=10.000ns})
  Path Group:             aclk
  Path Type:              Setup (Max at Slow Process Corner)
  Requirement:            6.400ns  (MaxDelay Path 6.400ns)
  Data Path Delay:        0.611ns  (logic 0.393ns (64.321%)  route 0.218ns (35.679%))
  Logic Levels:           0  
  Timing Exception:       MaxDelay Path 6.400ns -datapath_only

    Location             Delay type                Incr(ns)  Path(ns)    Netlist Resource(s)
  -------------------------------------------------------------------    -------------------
                                                      0.000     0.000 r  u_bridge/rdata_hold_reg[14]/C
                         FDRE (Prop_fdre_C_Q)         0.393     0.393 r  u_bridge/rdata_hold_reg[14]/Q
                         net (fo=1, unplaced)         0.218     0.611    u_bridge/rdata_hold[14]
                         FDRE                                         r  u_bridge/m_rdata_reg[14]/D
  -------------------------------------------------------------------    -------------------

                         max delay                    6.400     6.400    
                         FDRE (Setup_fdre_C_D)       -0.101     6.299    u_bridge/m_rdata_reg[14]
  -------------------------------------------------------------------
                         required time                          6.299    
                         arrival time                          -0.611    
  -------------------------------------------------------------------
                         slack                                  5.688    

Slack (MET) :             5.688ns  (required time - arrival time)
  Source:                 u_bridge/rdata_hold_reg[15]/C
                            (rising edge-triggered cell FDRE clocked by net_clk  {rise@0.000ns fall@3.200ns period=6.400ns})
  Destination:            u_bridge/m_rdata_reg[15]/D
                            (rising edge-triggered cell FDRE clocked by aclk  {rise@0.000ns fall@5.000ns period=10.000ns})
  Path Group:             aclk
  Path Type:              Setup (Max at Slow Process Corner)
  Requirement:            6.400ns  (MaxDelay Path 6.400ns)
  Data Path Delay:        0.611ns  (logic 0.393ns (64.321%)  route 0.218ns (35.679%))
  Logic Levels:           0  
  Timing Exception:       MaxDelay Path 6.400ns -datapath_only

    Location             Delay type                Incr(ns)  Path(ns)    Netlist Resource(s)
  -------------------------------------------------------------------    -------------------
                                                      0.000     0.000 r  u_bridge/rdata_hold_reg[15]/C
                         FDRE (Prop_fdre_C_Q)         0.393     0.393 r  u_bridge/rdata_hold_reg[15]/Q
                         net (fo=1, unplaced)         0.218     0.611    u_bridge/rdata_hold[15]
                         FDRE                                         r  u_bridge/m_rdata_reg[15]/D
  -------------------------------------------------------------------    -------------------

                         max delay                    6.400     6.400    
                         FDRE (Setup_fdre_C_D)       -0.101     6.299    u_bridge/m_rdata_reg[15]
  -------------------------------------------------------------------
                         required time                          6.299    
                         arrival time                          -0.611    
  -------------------------------------------------------------------
                         slack                                  5.688    

Slack (MET) :             5.688ns  (required time - arrival time)
  Source:                 u_bridge/rdata_hold_reg[16]/C
                            (rising edge-triggered cell FDRE clocked by net_clk  {rise@0.000ns fall@3.200ns period=6.400ns})
  Destination:            u_bridge/m_rdata_reg[16]/D
                            (rising edge-triggered cell FDRE clocked by aclk  {rise@0.000ns fall@5.000ns period=10.000ns})
  Path Group:             aclk
  Path Type:              Setup (Max at Slow Process Corner)
  Requirement:            6.400ns  (MaxDelay Path 6.400ns)
  Data Path Delay:        0.611ns  (logic 0.393ns (64.321%)  route 0.218ns (35.679%))
  Logic Levels:           0  
  Timing Exception:       MaxDelay Path 6.400ns -datapath_only

    Location             Delay type                Incr(ns)  Path(ns)    Netlist Resource(s)
  -------------------------------------------------------------------    -------------------
                                                      0.000     0.000 r  u_bridge/rdata_hold_reg[16]/C
                         FDRE (Prop_fdre_C_Q)         0.393     0.393 r  u_bridge/rdata_hold_reg[16]/Q
                         net (fo=1, unplaced)         0.218     0.611    u_bridge/rdata_hold[16]
                         FDRE                                         r  u_bridge/m_rdata_reg[16]/D
  -------------------------------------------------------------------    -------------------

                         max delay                    6.400     6.400    
                         FDRE (Setup_fdre_C_D)       -0.101     6.299    u_bridge/m_rdata_reg[16]
  -------------------------------------------------------------------
                         required time                          6.299    
                         arrival time                          -0.611    
  -------------------------------------------------------------------
                         slack                                  5.688    

Slack (MET) :             5.688ns  (required time - arrival time)
  Source:                 u_bridge/rdata_hold_reg[17]/C
                            (rising edge-triggered cell FDRE clocked by net_clk  {rise@0.000ns fall@3.200ns period=6.400ns})
  Destination:            u_bridge/m_rdata_reg[17]/D
                            (rising edge-triggered cell FDRE clocked by aclk  {rise@0.000ns fall@5.000ns period=10.000ns})
  Path Group:             aclk
  Path Type:              Setup (Max at Slow Process Corner)
  Requirement:            6.400ns  (MaxDelay Path 6.400ns)
  Data Path Delay:        0.611ns  (logic 0.393ns (64.321%)  route 0.218ns (35.679%))
  Logic Levels:           0  
  Timing Exception:       MaxDelay Path 6.400ns -datapath_only

    Location             Delay type                Incr(ns)  Path(ns)    Netlist Resource(s)
  -------------------------------------------------------------------    -------------------
                                                      0.000     0.000 r  u_bridge/rdata_hold_reg[17]/C
                         FDRE (Prop_fdre_C_Q)         0.393     0.393 r  u_bridge/rdata_hold_reg[17]/Q
                         net (fo=1, unplaced)         0.218     0.611    u_bridge/rdata_hold[17]
                         FDRE                                         r  u_bridge/m_rdata_reg[17]/D
  -------------------------------------------------------------------    -------------------

                         max delay                    6.400     6.400    
                         FDRE (Setup_fdre_C_D)       -0.101     6.299    u_bridge/m_rdata_reg[17]
  -------------------------------------------------------------------
                         required time                          6.299    
                         arrival time                          -0.611    
  -------------------------------------------------------------------
                         slack                                  5.688    

Slack (MET) :             5.688ns  (required time - arrival time)
  Source:                 u_bridge/rdata_hold_reg[18]/C
                            (rising edge-triggered cell FDRE clocked by net_clk  {rise@0.000ns fall@3.200ns period=6.400ns})
  Destination:            u_bridge/m_rdata_reg[18]/D
                            (rising edge-triggered cell FDRE clocked by aclk  {rise@0.000ns fall@5.000ns period=10.000ns})
  Path Group:             aclk
  Path Type:              Setup (Max at Slow Process Corner)
  Requirement:            6.400ns  (MaxDelay Path 6.400ns)
  Data Path Delay:        0.611ns  (logic 0.393ns (64.321%)  route 0.218ns (35.679%))
  Logic Levels:           0  
  Timing Exception:       MaxDelay Path 6.400ns -datapath_only

    Location             Delay type                Incr(ns)  Path(ns)    Netlist Resource(s)
  -------------------------------------------------------------------    -------------------
                                                      0.000     0.000 r  u_bridge/rdata_hold_reg[18]/C
                         FDRE (Prop_fdre_C_Q)         0.393     0.393 r  u_bridge/rdata_hold_reg[18]/Q
                         net (fo=1, unplaced)         0.218     0.611    u_bridge/rdata_hold[18]
                         FDRE                                         r  u_bridge/m_rdata_reg[18]/D
  -------------------------------------------------------------------    -------------------

                         max delay                    6.400     6.400    
                         FDRE (Setup_fdre_C_D)       -0.101     6.299    u_bridge/m_rdata_reg[18]
  -------------------------------------------------------------------
                         required time                          6.299    
                         arrival time                          -0.611    
  -------------------------------------------------------------------
                         slack                                  5.688    




