Copyright 1986-2022 Xilinx, Inc. All Rights Reserved. Copyright 2022-2024 Advanced Micro Devices, Inc. All Rights Reserved.
---------------------------------------------------------------------------------------------------------------------------------------------
| Tool Version : Vivado v.2024.1 (win64) Build 5076996 Wed May 22 18:37:14 MDT 2024
| Date         : Tue Sep 15 23:01:18 2026
| Host         : SRIKARVELA8715 running 64-bit major release  (build 9200)
| Command      : report_methodology -file C:/work/ptp-timestamping-unit/synth/reports/xc7z020clg400-3/post_synth_methodology.rpt
| Design       : ptp_tsu_top
| Device       : xc7z020clg400-3
| Speed File   : -3
| Design State : Synthesized
---------------------------------------------------------------------------------------------------------------------------------------------

Report Methodology

Table of Contents
-----------------
1. REPORT SUMMARY
2. REPORT DETAILS

1. REPORT SUMMARY
-----------------
            Netlist: ptp_tsu_top
          Floorplan: design_1
      Design limits: <entire design considered>
             Max violations: <unlimited>
             Violations found: 183
+-----------+----------+-------------------------------+------------+
| Rule      | Severity | Description                   | Violations |
+-----------+----------+-------------------------------+------------+
| TIMING-18 | Warning  | Missing input or output delay | 183        |
+-----------+----------+-------------------------------+------------+

2. REPORT DETAILS
-----------------
TIMING-18#1 Warning
Missing input or output delay  
An input delay is missing on aresetn relative to the rising and/or falling clock edge(s) of aclk.
Related violations: <none>

TIMING-18#2 Warning
Missing input or output delay  
An input delay is missing on event_in relative to the rising and/or falling clock edge(s) of net_clk.
Related violations: <none>

TIMING-18#3 Warning
Missing input or output delay  
An input delay is missing on event_out relative to the rising and/or falling clock edge(s) of net_clk.
Related violations: <none>

TIMING-18#4 Warning
Missing input or output delay  
An input delay is missing on net_rst_n relative to the rising and/or falling clock edge(s) of net_clk.
Related violations: <none>

TIMING-18#5 Warning
Missing input or output delay  
An input delay is missing on s_axi_araddr[0] relative to the rising and/or falling clock edge(s) of aclk.
Related violations: <none>

TIMING-18#6 Warning
Missing input or output delay  
An input delay is missing on s_axi_araddr[10] relative to the rising and/or falling clock edge(s) of aclk.
Related violations: <none>

TIMING-18#7 Warning
Missing input or output delay  
An input delay is missing on s_axi_araddr[11] relative to the rising and/or falling clock edge(s) of aclk.
Related violations: <none>

TIMING-18#8 Warning
Missing input or output delay  
An input delay is missing on s_axi_araddr[1] relative to the rising and/or falling clock edge(s) of aclk.
Related violations: <none>

TIMING-18#9 Warning
Missing input or output delay  
An input delay is missing on s_axi_araddr[2] relative to the rising and/or falling clock edge(s) of aclk.
Related violations: <none>

TIMING-18#10 Warning
Missing input or output delay  
An input delay is missing on s_axi_araddr[3] relative to the rising and/or falling clock edge(s) of aclk.
Related violations: <none>

TIMING-18#11 Warning
Missing input or output delay  
An input delay is missing on s_axi_araddr[4] relative to the rising and/or falling clock edge(s) of aclk.
Related violations: <none>

TIMING-18#12 Warning
Missing input or output delay  
An input delay is missing on s_axi_araddr[5] relative to the rising and/or falling clock edge(s) of aclk.
Related violations: <none>

TIMING-18#13 Warning
Missing input or output delay  
An input delay is missing on s_axi_araddr[6] relative to the rising and/or falling clock edge(s) of aclk.
Related violations: <none>

TIMING-18#14 Warning
Missing input or output delay  
An input delay is missing on s_axi_araddr[7] relative to the rising and/or falling clock edge(s) of aclk.
Related violations: <none>

TIMING-18#15 Warning
Missing input or output delay  
An input delay is missing on s_axi_araddr[8] relative to the rising and/or falling clock edge(s) of aclk.
Related violations: <none>

TIMING-18#16 Warning
Missing input or output delay  
An input delay is missing on s_axi_araddr[9] relative to the rising and/or falling clock edge(s) of aclk.
Related violations: <none>

TIMING-18#17 Warning
Missing input or output delay  
An input delay is missing on s_axi_arvalid relative to the rising and/or falling clock edge(s) of aclk.
Related violations: <none>

TIMING-18#18 Warning
Missing input or output delay  
An input delay is missing on s_axi_awaddr[0] relative to the rising and/or falling clock edge(s) of aclk.
Related violations: <none>

TIMING-18#19 Warning
Missing input or output delay  
An input delay is missing on s_axi_awaddr[10] relative to the rising and/or falling clock edge(s) of aclk.
Related violations: <none>

TIMING-18#20 Warning
Missing input or output delay  
An input delay is missing on s_axi_awaddr[11] relative to the rising and/or falling clock edge(s) of aclk.
Related violations: <none>

TIMING-18#21 Warning
Missing input or output delay  
An input delay is missing on s_axi_awaddr[1] relative to the rising and/or falling clock edge(s) of aclk.
Related violations: <none>

TIMING-18#22 Warning
Missing input or output delay  
An input delay is missing on s_axi_awaddr[2] relative to the rising and/or falling clock edge(s) of aclk.
Related violations: <none>

TIMING-18#23 Warning
Missing input or output delay  
An input delay is missing on s_axi_awaddr[3] relative to the rising and/or falling clock edge(s) of aclk.
Related violations: <none>

TIMING-18#24 Warning
Missing input or output delay  
An input delay is missing on s_axi_awaddr[4] relative to the rising and/or falling clock edge(s) of aclk.
Related violations: <none>

TIMING-18#25 Warning
Missing input or output delay  
An input delay is missing on s_axi_awaddr[5] relative to the rising and/or falling clock edge(s) of aclk.
Related violations: <none>

TIMING-18#26 Warning
Missing input or output delay  
An input delay is missing on s_axi_awaddr[6] relative to the rising and/or falling clock edge(s) of aclk.
Related violations: <none>

TIMING-18#27 Warning
Missing input or output delay  
An input delay is missing on s_axi_awaddr[7] relative to the rising and/or falling clock edge(s) of aclk.
Related violations: <none>

TIMING-18#28 Warning
Missing input or output delay  
An input delay is missing on s_axi_awaddr[8] relative to the rising and/or falling clock edge(s) of aclk.
Related violations: <none>

TIMING-18#29 Warning
Missing input or output delay  
An input delay is missing on s_axi_awaddr[9] relative to the rising and/or falling clock edge(s) of aclk.
Related violations: <none>

TIMING-18#30 Warning
Missing input or output delay  
An input delay is missing on s_axi_awvalid relative to the rising and/or falling clock edge(s) of aclk.
Related violations: <none>

TIMING-18#31 Warning
Missing input or output delay  
An input delay is missing on s_axi_bready relative to the rising and/or falling clock edge(s) of aclk.
Related violations: <none>

TIMING-18#32 Warning
Missing input or output delay  
An input delay is missing on s_axi_rready relative to the rising and/or falling clock edge(s) of aclk.
Related violations: <none>

TIMING-18#33 Warning
Missing input or output delay  
An input delay is missing on s_axi_wdata[0] relative to the rising and/or falling clock edge(s) of aclk.
Related violations: <none>

TIMING-18#34 Warning
Missing input or output delay  
An input delay is missing on s_axi_wdata[10] relative to the rising and/or falling clock edge(s) of aclk.
Related violations: <none>

TIMING-18#35 Warning
Missing input or output delay  
An input delay is missing on s_axi_wdata[11] relative to the rising and/or falling clock edge(s) of aclk.
Related violations: <none>

TIMING-18#36 Warning
Missing input or output delay  
An input delay is missing on s_axi_wdata[12] relative to the rising and/or falling clock edge(s) of aclk.
Related violations: <none>

TIMING-18#37 Warning
Missing input or output delay  
An input delay is missing on s_axi_wdata[13] relative to the rising and/or falling clock edge(s) of aclk.
Related violations: <none>

TIMING-18#38 Warning
Missing input or output delay  
An input delay is missing on s_axi_wdata[14] relative to the rising and/or falling clock edge(s) of aclk.
Related violations: <none>

TIMING-18#39 Warning
Missing input or output delay  
An input delay is missing on s_axi_wdata[15] relative to the rising and/or falling clock edge(s) of aclk.
Related violations: <none>

TIMING-18#40 Warning
Missing input or output delay  
An input delay is missing on s_axi_wdata[16] relative to the rising and/or falling clock edge(s) of aclk.
Related violations: <none>

TIMING-18#41 Warning
Missing input or output delay  
An input delay is missing on s_axi_wdata[17] relative to the rising and/or falling clock edge(s) of aclk.
Related violations: <none>

TIMING-18#42 Warning
Missing input or output delay  
An input delay is missing on s_axi_wdata[18] relative to the rising and/or falling clock edge(s) of aclk.
Related violations: <none>

TIMING-18#43 Warning
Missing input or output delay  
An input delay is missing on s_axi_wdata[19] relative to the rising and/or falling clock edge(s) of aclk.
Related violations: <none>

TIMING-18#44 Warning
Missing input or output delay  
An input delay is missing on s_axi_wdata[1] relative to the rising and/or falling clock edge(s) of aclk.
Related violations: <none>

TIMING-18#45 Warning
Missing input or output delay  
An input delay is missing on s_axi_wdata[20] relative to the rising and/or falling clock edge(s) of aclk.
Related violations: <none>

TIMING-18#46 Warning
Missing input or output delay  
An input delay is missing on s_axi_wdata[21] relative to the rising and/or falling clock edge(s) of aclk.
Related violations: <none>

TIMING-18#47 Warning
Missing input or output delay  
An input delay is missing on s_axi_wdata[22] relative to the rising and/or falling clock edge(s) of aclk.
Related violations: <none>

TIMING-18#48 Warning
Missing input or output delay  
An input delay is missing on s_axi_wdata[23] relative to the rising and/or falling clock edge(s) of aclk.
Related violations: <none>

TIMING-18#49 Warning
Missing input or output delay  
An input delay is missing on s_axi_wdata[24] relative to the rising and/or falling clock edge(s) of aclk.
Related violations: <none>

TIMING-18#50 Warning
Missing input or output delay  
An input delay is missing on s_axi_wdata[25] relative to the rising and/or falling clock edge(s) of aclk.
Related violations: <none>

TIMING-18#51 Warning
Missing input or output delay  
An input delay is missing on s_axi_wdata[26] relative to the rising and/or falling clock edge(s) of aclk.
Related violations: <none>

TIMING-18#52 Warning
Missing input or output delay  
An input delay is missing on s_axi_wdata[27] relative to the rising and/or falling clock edge(s) of aclk.
Related violations: <none>

TIMING-18#53 Warning
Missing input or output delay  
An input delay is missing on s_axi_wdata[28] relative to the rising and/or falling clock edge(s) of aclk.
Related violations: <none>

TIMING-18#54 Warning
Missing input or output delay  
An input delay is missing on s_axi_wdata[29] relative to the rising and/or falling clock edge(s) of aclk.
Related violations: <none>

TIMING-18#55 Warning
Missing input or output delay  
An input delay is missing on s_axi_wdata[2] relative to the rising and/or falling clock edge(s) of aclk.
Related violations: <none>

TIMING-18#56 Warning
Missing input or output delay  
An input delay is missing on s_axi_wdata[30] relative to the rising and/or falling clock edge(s) of aclk.
Related violations: <none>

TIMING-18#57 Warning
Missing input or output delay  
An input delay is missing on s_axi_wdata[31] relative to the rising and/or falling clock edge(s) of aclk.
Related violations: <none>

TIMING-18#58 Warning
Missing input or output delay  
An input delay is missing on s_axi_wdata[3] relative to the rising and/or falling clock edge(s) of aclk.
Related violations: <none>

TIMING-18#59 Warning
Missing input or output delay  
An input delay is missing on s_axi_wdata[4] relative to the rising and/or falling clock edge(s) of aclk.
Related violations: <none>

TIMING-18#60 Warning
Missing input or output delay  
An input delay is missing on s_axi_wdata[5] relative to the rising and/or falling clock edge(s) of aclk.
Related violations: <none>

TIMING-18#61 Warning
Missing input or output delay  
An input delay is missing on s_axi_wdata[6] relative to the rising and/or falling clock edge(s) of aclk.
Related violations: <none>

TIMING-18#62 Warning
Missing input or output delay  
An input delay is missing on s_axi_wdata[7] relative to the rising and/or falling clock edge(s) of aclk.
Related violations: <none>

TIMING-18#63 Warning
Missing input or output delay  
An input delay is missing on s_axi_wdata[8] relative to the rising and/or falling clock edge(s) of aclk.
Related violations: <none>

TIMING-18#64 Warning
Missing input or output delay  
An input delay is missing on s_axi_wdata[9] relative to the rising and/or falling clock edge(s) of aclk.
Related violations: <none>

TIMING-18#65 Warning
Missing input or output delay  
An input delay is missing on s_axi_wvalid relative to the rising and/or falling clock edge(s) of aclk.
Related violations: <none>

TIMING-18#66 Warning
Missing input or output delay  
An output delay is missing on pps relative to the rising and/or falling clock edge(s) of net_clk.
Related violations: <none>

TIMING-18#67 Warning
Missing input or output delay  
An output delay is missing on s_axi_arready relative to the rising and/or falling clock edge(s) of aclk.
Related violations: <none>

TIMING-18#68 Warning
Missing input or output delay  
An output delay is missing on s_axi_awready relative to the rising and/or falling clock edge(s) of aclk.
Related violations: <none>

TIMING-18#69 Warning
Missing input or output delay  
An output delay is missing on s_axi_bvalid relative to the rising and/or falling clock edge(s) of aclk.
Related violations: <none>

TIMING-18#70 Warning
Missing input or output delay  
An output delay is missing on s_axi_rdata[0] relative to the rising and/or falling clock edge(s) of aclk.
Related violations: <none>

TIMING-18#71 Warning
Missing input or output delay  
An output delay is missing on s_axi_rdata[10] relative to the rising and/or falling clock edge(s) of aclk.
Related violations: <none>

TIMING-18#72 Warning
Missing input or output delay  
An output delay is missing on s_axi_rdata[11] relative to the rising and/or falling clock edge(s) of aclk.
Related violations: <none>

TIMING-18#73 Warning
Missing input or output delay  
An output delay is missing on s_axi_rdata[12] relative to the rising and/or falling clock edge(s) of aclk.
Related violations: <none>

TIMING-18#74 Warning
Missing input or output delay  
An output delay is missing on s_axi_rdata[13] relative to the rising and/or falling clock edge(s) of aclk.
Related violations: <none>

TIMING-18#75 Warning
Missing input or output delay  
An output delay is missing on s_axi_rdata[14] relative to the rising and/or falling clock edge(s) of aclk.
Related violations: <none>

TIMING-18#76 Warning
Missing input or output delay  
An output delay is missing on s_axi_rdata[15] relative to the rising and/or falling clock edge(s) of aclk.
Related violations: <none>

TIMING-18#77 Warning
Missing input or output delay  
An output delay is missing on s_axi_rdata[16] relative to the rising and/or falling clock edge(s) of aclk.
Related violations: <none>

TIMING-18#78 Warning
Missing input or output delay  
An output delay is missing on s_axi_rdata[17] relative to the rising and/or falling clock edge(s) of aclk.
Related violations: <none>

TIMING-18#79 Warning
Missing input or output delay  
An output delay is missing on s_axi_rdata[18] relative to the rising and/or falling clock edge(s) of aclk.
Related violations: <none>

TIMING-18#80 Warning
Missing input or output delay  
An output delay is missing on s_axi_rdata[19] relative to the rising and/or falling clock edge(s) of aclk.
Related violations: <none>

TIMING-18#81 Warning
Missing input or output delay  
An output delay is missing on s_axi_rdata[1] relative to the rising and/or falling clock edge(s) of aclk.
Related violations: <none>

TIMING-18#82 Warning
Missing input or output delay  
An output delay is missing on s_axi_rdata[20] relative to the rising and/or falling clock edge(s) of aclk.
Related violations: <none>

TIMING-18#83 Warning
Missing input or output delay  
An output delay is missing on s_axi_rdata[21] relative to the rising and/or falling clock edge(s) of aclk.
Related violations: <none>

TIMING-18#84 Warning
Missing input or output delay  
An output delay is missing on s_axi_rdata[22] relative to the rising and/or falling clock edge(s) of aclk.
Related violations: <none>

TIMING-18#85 Warning
Missing input or output delay  
An output delay is missing on s_axi_rdata[23] relative to the rising and/or falling clock edge(s) of aclk.
Related violations: <none>

TIMING-18#86 Warning
Missing input or output delay  
An output delay is missing on s_axi_rdata[24] relative to the rising and/or falling clock edge(s) of aclk.
Related violations: <none>

TIMING-18#87 Warning
Missing input or output delay  
An output delay is missing on s_axi_rdata[25] relative to the rising and/or falling clock edge(s) of aclk.
Related violations: <none>

TIMING-18#88 Warning
Missing input or output delay  
An output delay is missing on s_axi_rdata[26] relative to the rising and/or falling clock edge(s) of aclk.
Related violations: <none>

TIMING-18#89 Warning
Missing input or output delay  
An output delay is missing on s_axi_rdata[27] relative to the rising and/or falling clock edge(s) of aclk.
Related violations: <none>

TIMING-18#90 Warning
Missing input or output delay  
An output delay is missing on s_axi_rdata[28] relative to the rising and/or falling clock edge(s) of aclk.
Related violations: <none>

TIMING-18#91 Warning
Missing input or output delay  
An output delay is missing on s_axi_rdata[29] relative to the rising and/or falling clock edge(s) of aclk.
Related violations: <none>

TIMING-18#92 Warning
Missing input or output delay  
An output delay is missing on s_axi_rdata[2] relative to the rising and/or falling clock edge(s) of aclk.
Related violations: <none>

TIMING-18#93 Warning
Missing input or output delay  
An output delay is missing on s_axi_rdata[30] relative to the rising and/or falling clock edge(s) of aclk.
Related violations: <none>

TIMING-18#94 Warning
Missing input or output delay  
An output delay is missing on s_axi_rdata[31] relative to the rising and/or falling clock edge(s) of aclk.
Related violations: <none>

TIMING-18#95 Warning
Missing input or output delay  
An output delay is missing on s_axi_rdata[3] relative to the rising and/or falling clock edge(s) of aclk.
Related violations: <none>

TIMING-18#96 Warning
Missing input or output delay  
An output delay is missing on s_axi_rdata[4] relative to the rising and/or falling clock edge(s) of aclk.
Related violations: <none>

TIMING-18#97 Warning
Missing input or output delay  
An output delay is missing on s_axi_rdata[5] relative to the rising and/or falling clock edge(s) of aclk.
Related violations: <none>

TIMING-18#98 Warning
Missing input or output delay  
An output delay is missing on s_axi_rdata[6] relative to the rising and/or falling clock edge(s) of aclk.
Related violations: <none>

TIMING-18#99 Warning
Missing input or output delay  
An output delay is missing on s_axi_rdata[7] relative to the rising and/or falling clock edge(s) of aclk.
Related violations: <none>

TIMING-18#100 Warning
Missing input or output delay  
An output delay is missing on s_axi_rdata[8] relative to the rising and/or falling clock edge(s) of aclk.
Related violations: <none>

TIMING-18#101 Warning
Missing input or output delay  
An output delay is missing on s_axi_rdata[9] relative to the rising and/or falling clock edge(s) of aclk.
Related violations: <none>

TIMING-18#102 Warning
Missing input or output delay  
An output delay is missing on s_axi_rvalid relative to the rising and/or falling clock edge(s) of aclk.
Related violations: <none>

TIMING-18#103 Warning
Missing input or output delay  
An output delay is missing on s_axi_wready relative to the rising and/or falling clock edge(s) of aclk.
Related violations: <none>

TIMING-18#104 Warning
Missing input or output delay  
An output delay is missing on time_ns[0] relative to the rising and/or falling clock edge(s) of net_clk.
Related violations: <none>

TIMING-18#105 Warning
Missing input or output delay  
An output delay is missing on time_ns[10] relative to the rising and/or falling clock edge(s) of net_clk.
Related violations: <none>

TIMING-18#106 Warning
Missing input or output delay  
An output delay is missing on time_ns[11] relative to the rising and/or falling clock edge(s) of net_clk.
Related violations: <none>

TIMING-18#107 Warning
Missing input or output delay  
An output delay is missing on time_ns[12] relative to the rising and/or falling clock edge(s) of net_clk.
Related violations: <none>

TIMING-18#108 Warning
Missing input or output delay  
An output delay is missing on time_ns[13] relative to the rising and/or falling clock edge(s) of net_clk.
Related violations: <none>

TIMING-18#109 Warning
Missing input or output delay  
An output delay is missing on time_ns[14] relative to the rising and/or falling clock edge(s) of net_clk.
Related violations: <none>

TIMING-18#110 Warning
Missing input or output delay  
An output delay is missing on time_ns[15] relative to the rising and/or falling clock edge(s) of net_clk.
Related violations: <none>

TIMING-18#111 Warning
Missing input or output delay  
An output delay is missing on time_ns[16] relative to the rising and/or falling clock edge(s) of net_clk.
Related violations: <none>

TIMING-18#112 Warning
Missing input or output delay  
An output delay is missing on time_ns[17] relative to the rising and/or falling clock edge(s) of net_clk.
Related violations: <none>

TIMING-18#113 Warning
Missing input or output delay  
An output delay is missing on time_ns[18] relative to the rising and/or falling clock edge(s) of net_clk.
Related violations: <none>

TIMING-18#114 Warning
Missing input or output delay  
An output delay is missing on time_ns[19] relative to the rising and/or falling clock edge(s) of net_clk.
Related violations: <none>

TIMING-18#115 Warning
Missing input or output delay  
An output delay is missing on time_ns[1] relative to the rising and/or falling clock edge(s) of net_clk.
Related violations: <none>

TIMING-18#116 Warning
Missing input or output delay  
An output delay is missing on time_ns[20] relative to the rising and/or falling clock edge(s) of net_clk.
Related violations: <none>

TIMING-18#117 Warning
Missing input or output delay  
An output delay is missing on time_ns[21] relative to the rising and/or falling clock edge(s) of net_clk.
Related violations: <none>

TIMING-18#118 Warning
Missing input or output delay  
An output delay is missing on time_ns[22] relative to the rising and/or falling clock edge(s) of net_clk.
Related violations: <none>

TIMING-18#119 Warning
Missing input or output delay  
An output delay is missing on time_ns[23] relative to the rising and/or falling clock edge(s) of net_clk.
Related violations: <none>

TIMING-18#120 Warning
Missing input or output delay  
An output delay is missing on time_ns[24] relative to the rising and/or falling clock edge(s) of net_clk.
Related violations: <none>

TIMING-18#121 Warning
Missing input or output delay  
An output delay is missing on time_ns[25] relative to the rising and/or falling clock edge(s) of net_clk.
Related violations: <none>

TIMING-18#122 Warning
Missing input or output delay  
An output delay is missing on time_ns[26] relative to the rising and/or falling clock edge(s) of net_clk.
Related violations: <none>

TIMING-18#123 Warning
Missing input or output delay  
An output delay is missing on time_ns[27] relative to the rising and/or falling clock edge(s) of net_clk.
Related violations: <none>

TIMING-18#124 Warning
Missing input or output delay  
An output delay is missing on time_ns[28] relative to the rising and/or falling clock edge(s) of net_clk.
Related violations: <none>

TIMING-18#125 Warning
Missing input or output delay  
An output delay is missing on time_ns[29] relative to the rising and/or falling clock edge(s) of net_clk.
Related violations: <none>

TIMING-18#126 Warning
Missing input or output delay  
An output delay is missing on time_ns[2] relative to the rising and/or falling clock edge(s) of net_clk.
Related violations: <none>

TIMING-18#127 Warning
Missing input or output delay  
An output delay is missing on time_ns[30] relative to the rising and/or falling clock edge(s) of net_clk.
Related violations: <none>

TIMING-18#128 Warning
Missing input or output delay  
An output delay is missing on time_ns[31] relative to the rising and/or falling clock edge(s) of net_clk.
Related violations: <none>

TIMING-18#129 Warning
Missing input or output delay  
An output delay is missing on time_ns[3] relative to the rising and/or falling clock edge(s) of net_clk.
Related violations: <none>

TIMING-18#130 Warning
Missing input or output delay  
An output delay is missing on time_ns[4] relative to the rising and/or falling clock edge(s) of net_clk.
Related violations: <none>

TIMING-18#131 Warning
Missing input or output delay  
An output delay is missing on time_ns[5] relative to the rising and/or falling clock edge(s) of net_clk.
Related violations: <none>

TIMING-18#132 Warning
Missing input or output delay  
An output delay is missing on time_ns[6] relative to the rising and/or falling clock edge(s) of net_clk.
Related violations: <none>

TIMING-18#133 Warning
Missing input or output delay  
An output delay is missing on time_ns[7] relative to the rising and/or falling clock edge(s) of net_clk.
Related violations: <none>

TIMING-18#134 Warning
Missing input or output delay  
An output delay is missing on time_ns[8] relative to the rising and/or falling clock edge(s) of net_clk.
Related violations: <none>

TIMING-18#135 Warning
Missing input or output delay  
An output delay is missing on time_ns[9] relative to the rising and/or falling clock edge(s) of net_clk.
Related violations: <none>

TIMING-18#136 Warning
Missing input or output delay  
An output delay is missing on time_sec[0] relative to the rising and/or falling clock edge(s) of net_clk.
Related violations: <none>

TIMING-18#137 Warning
Missing input or output delay  
An output delay is missing on time_sec[10] relative to the rising and/or falling clock edge(s) of net_clk.
Related violations: <none>

TIMING-18#138 Warning
Missing input or output delay  
An output delay is missing on time_sec[11] relative to the rising and/or falling clock edge(s) of net_clk.
Related violations: <none>

TIMING-18#139 Warning
Missing input or output delay  
An output delay is missing on time_sec[12] relative to the rising and/or falling clock edge(s) of net_clk.
Related violations: <none>

TIMING-18#140 Warning
Missing input or output delay  
An output delay is missing on time_sec[13] relative to the rising and/or falling clock edge(s) of net_clk.
Related violations: <none>

TIMING-18#141 Warning
Missing input or output delay  
An output delay is missing on time_sec[14] relative to the rising and/or falling clock edge(s) of net_clk.
Related violations: <none>

TIMING-18#142 Warning
Missing input or output delay  
An output delay is missing on time_sec[15] relative to the rising and/or falling clock edge(s) of net_clk.
Related violations: <none>

TIMING-18#143 Warning
Missing input or output delay  
An output delay is missing on time_sec[16] relative to the rising and/or falling clock edge(s) of net_clk.
Related violations: <none>

TIMING-18#144 Warning
Missing input or output delay  
An output delay is missing on time_sec[17] relative to the rising and/or falling clock edge(s) of net_clk.
Related violations: <none>

TIMING-18#145 Warning
Missing input or output delay  
An output delay is missing on time_sec[18] relative to the rising and/or falling clock edge(s) of net_clk.
Related violations: <none>

TIMING-18#146 Warning
Missing input or output delay  
An output delay is missing on time_sec[19] relative to the rising and/or falling clock edge(s) of net_clk.
Related violations: <none>

TIMING-18#147 Warning
Missing input or output delay  
An output delay is missing on time_sec[1] relative to the rising and/or falling clock edge(s) of net_clk.
Related violations: <none>

TIMING-18#148 Warning
Missing input or output delay  
An output delay is missing on time_sec[20] relative to the rising and/or falling clock edge(s) of net_clk.
Related violations: <none>

TIMING-18#149 Warning
Missing input or output delay  
An output delay is missing on time_sec[21] relative to the rising and/or falling clock edge(s) of net_clk.
Related violations: <none>

TIMING-18#150 Warning
Missing input or output delay  
An output delay is missing on time_sec[22] relative to the rising and/or falling clock edge(s) of net_clk.
Related violations: <none>

TIMING-18#151 Warning
Missing input or output delay  
An output delay is missing on time_sec[23] relative to the rising and/or falling clock edge(s) of net_clk.
Related violations: <none>

TIMING-18#152 Warning
Missing input or output delay  
An output delay is missing on time_sec[24] relative to the rising and/or falling clock edge(s) of net_clk.
Related violations: <none>

TIMING-18#153 Warning
Missing input or output delay  
An output delay is missing on time_sec[25] relative to the rising and/or falling clock edge(s) of net_clk.
Related violations: <none>

TIMING-18#154 Warning
Missing input or output delay  
An output delay is missing on time_sec[26] relative to the rising and/or falling clock edge(s) of net_clk.
Related violations: <none>

TIMING-18#155 Warning
Missing input or output delay  
An output delay is missing on time_sec[27] relative to the rising and/or falling clock edge(s) of net_clk.
Related violations: <none>

TIMING-18#156 Warning
Missing input or output delay  
An output delay is missing on time_sec[28] relative to the rising and/or falling clock edge(s) of net_clk.
Related violations: <none>

TIMING-18#157 Warning
Missing input or output delay  
An output delay is missing on time_sec[29] relative to the rising and/or falling clock edge(s) of net_clk.
Related violations: <none>

TIMING-18#158 Warning
Missing input or output delay  
An output delay is missing on time_sec[2] relative to the rising and/or falling clock edge(s) of net_clk.
Related violations: <none>

TIMING-18#159 Warning
Missing input or output delay  
An output delay is missing on time_sec[30] relative to the rising and/or falling clock edge(s) of net_clk.
Related violations: <none>

TIMING-18#160 Warning
Missing input or output delay  
An output delay is missing on time_sec[31] relative to the rising and/or falling clock edge(s) of net_clk.
Related violations: <none>

TIMING-18#161 Warning
Missing input or output delay  
An output delay is missing on time_sec[32] relative to the rising and/or falling clock edge(s) of net_clk.
Related violations: <none>

TIMING-18#162 Warning
Missing input or output delay  
An output delay is missing on time_sec[33] relative to the rising and/or falling clock edge(s) of net_clk.
Related violations: <none>

TIMING-18#163 Warning
Missing input or output delay  
An output delay is missing on time_sec[34] relative to the rising and/or falling clock edge(s) of net_clk.
Related violations: <none>

TIMING-18#164 Warning
Missing input or output delay  
An output delay is missing on time_sec[35] relative to the rising and/or falling clock edge(s) of net_clk.
Related violations: <none>

TIMING-18#165 Warning
Missing input or output delay  
An output delay is missing on time_sec[36] relative to the rising and/or falling clock edge(s) of net_clk.
Related violations: <none>

TIMING-18#166 Warning
Missing input or output delay  
An output delay is missing on time_sec[37] relative to the rising and/or falling clock edge(s) of net_clk.
Related violations: <none>

TIMING-18#167 Warning
Missing input or output delay  
An output delay is missing on time_sec[38] relative to the rising and/or falling clock edge(s) of net_clk.
Related violations: <none>

TIMING-18#168 Warning
Missing input or output delay  
An output delay is missing on time_sec[39] relative to the rising and/or falling clock edge(s) of net_clk.
Related violations: <none>

TIMING-18#169 Warning
Missing input or output delay  
An output delay is missing on time_sec[3] relative to the rising and/or falling clock edge(s) of net_clk.
Related violations: <none>

TIMING-18#170 Warning
Missing input or output delay  
An output delay is missing on time_sec[40] relative to the rising and/or falling clock edge(s) of net_clk.
Related violations: <none>

TIMING-18#171 Warning
Missing input or output delay  
An output delay is missing on time_sec[41] relative to the rising and/or falling clock edge(s) of net_clk.
Related violations: <none>

TIMING-18#172 Warning
Missing input or output delay  
An output delay is missing on time_sec[42] relative to the rising and/or falling clock edge(s) of net_clk.
Related violations: <none>

TIMING-18#173 Warning
Missing input or output delay  
An output delay is missing on time_sec[43] relative to the rising and/or falling clock edge(s) of net_clk.
Related violations: <none>

TIMING-18#174 Warning
Missing input or output delay  
An output delay is missing on time_sec[44] relative to the rising and/or falling clock edge(s) of net_clk.
Related violations: <none>

TIMING-18#175 Warning
Missing input or output delay  
An output delay is missing on time_sec[45] relative to the rising and/or falling clock edge(s) of net_clk.
Related violations: <none>

TIMING-18#176 Warning
Missing input or output delay  
An output delay is missing on time_sec[46] relative to the rising and/or falling clock edge(s) of net_clk.
Related violations: <none>

TIMING-18#177 Warning
Missing input or output delay  
An output delay is missing on time_sec[47] relative to the rising and/or falling clock edge(s) of net_clk.
Related violations: <none>

TIMING-18#178 Warning
Missing input or output delay  
An output delay is missing on time_sec[4] relative to the rising and/or falling clock edge(s) of net_clk.
Related violations: <none>

TIMING-18#179 Warning
Missing input or output delay  
An output delay is missing on time_sec[5] relative to the rising and/or falling clock edge(s) of net_clk.
Related violations: <none>

TIMING-18#180 Warning
Missing input or output delay  
An output delay is missing on time_sec[6] relative to the rising and/or falling clock edge(s) of net_clk.
Related violations: <none>

TIMING-18#181 Warning
Missing input or output delay  
An output delay is missing on time_sec[7] relative to the rising and/or falling clock edge(s) of net_clk.
Related violations: <none>

TIMING-18#182 Warning
Missing input or output delay  
An output delay is missing on time_sec[8] relative to the rising and/or falling clock edge(s) of net_clk.
Related violations: <none>

TIMING-18#183 Warning
Missing input or output delay  
An output delay is missing on time_sec[9] relative to the rising and/or falling clock edge(s) of net_clk.
Related violations: <none>


