Copyright 1986-2022 Xilinx, Inc. All Rights Reserved. Copyright 2022-2024 Advanced Micro Devices, Inc. All Rights Reserved.
---------------------------------------------------------------------------------------------------------------------------------------------------------------------------
| Tool Version : Vivado v.2024.1 (win64) Build 5076996 Wed May 22 18:37:14 MDT 2024
| Date         : Tue Sep 15 23:08:11 2026
| Host         : SRIKARVELA8715 running 64-bit major release  (build 9200)
| Command      : report_utilization -hierarchical -hierarchical_depth 2 -file C:/work/ptp-timestamping-unit/synth/reports/xc7k160tffg676-2/post_route_utilization_hier.rpt
| Design       : ptp_tsu_top
| Device       : xc7k160tffg676-2
| Speed File   : -2
| Design State : Routed
---------------------------------------------------------------------------------------------------------------------------------------------------------------------------

Utilization Design Information

Table of Contents
-----------------
1. Utilization by Hierarchy

1. Utilization by Hierarchy
---------------------------

+-----------------+-------------------+------------+------------+---------+------+------+--------+--------+------------+
|     Instance    |       Module      | Total LUTs | Logic LUTs | LUTRAMs | SRLs |  FFs | RAMB36 | RAMB18 | DSP Blocks |
+-----------------+-------------------+------------+------------+---------+------+------+--------+--------+------------+
| ptp_tsu_top     |             (top) |       1281 |       1173 |     108 |    0 | 1451 |      0 |      1 |          0 |
|   (ptp_tsu_top) |             (top) |          0 |          0 |       0 |    0 |    0 |      0 |      0 |          0 |
|   u_axi         |     axi_lite_regs |         94 |         94 |       0 |    0 |  210 |      0 |      0 |          0 |
|   u_bridge      |    cdc_bus_bridge |         90 |         90 |       0 |    0 |  164 |      0 |      0 |          0 |
|   u_cap_in      |    ptp_ts_capture |         75 |         21 |      54 |    0 |   27 |      0 |      0 |          0 |
|     (u_cap_in)  |    ptp_ts_capture |          5 |          5 |       0 |    0 |   17 |      0 |      0 |          0 |
|     u_fifo      |       sync_fifo_1 |         70 |         16 |      54 |    0 |   10 |      0 |      0 |          0 |
|   u_cap_out     |  ptp_ts_capture_0 |        155 |        101 |      54 |    0 |   27 |      0 |      0 |          0 |
|     (u_cap_out) |  ptp_ts_capture_0 |          5 |          5 |       0 |    0 |   17 |      0 |      0 |          0 |
|     u_fifo      |         sync_fifo |        150 |         96 |      54 |    0 |   10 |      0 |      0 |          0 |
|   u_clk         |    ptp_clock_core |        326 |        326 |       0 |    0 |  153 |      0 |      0 |          0 |
|   u_hist        |  ptp_latency_hist |        354 |        354 |       0 |    0 |  480 |      0 |      1 |          0 |
|   u_regs        |      ptp_net_regs |        183 |        183 |       0 |    0 |  221 |      0 |      0 |          0 |
|   u_snap        | ptp_time_snapshot |          6 |          6 |       0 |    0 |  169 |      0 |      0 |          0 |
+-----------------+-------------------+------------+------------+---------+------+------+--------+--------+------------+
* Note: The sum of lower-level cells may be larger than their parent cells total, due to cross-hierarchy LUT combining


