Copyright 1986-2022 Xilinx, Inc. All Rights Reserved. Copyright 2022-2024 Advanced Micro Devices, Inc. All Rights Reserved.
---------------------------------------------------------------------------------------------------------------------------------------------------------------------------
| Tool Version : Vivado v.2024.1 (win64) Build 5076996 Wed May 22 18:37:14 MDT 2024
| Date         : Tue Sep 15 23:06:26 2026
| Host         : SRIKARVELA8715 running 64-bit major release  (build 9200)
| Command      : report_timing -delay_type max -max_paths 10 -sort_by group -file C:/work/ptp-timestamping-unit/synth/reports/xc7k160tffg676-2/post_synth_timing_paths.rpt
| Design       : ptp_tsu_top
| Device       : 7k160t-ffg676
| Speed File   : -2  PRODUCTION 1.12 2017-02-17
| Design State : Synthesized
---------------------------------------------------------------------------------------------------------------------------------------------------------------------------

Timing Report

Slack (MET) :             0.453ns  (required time - arrival time)
  Source:                 u_hist/bin_mem_reg/CLKARDCLK
                            (rising edge-triggered cell RAMB18E1 clocked by net_clk  {rise@0.000ns fall@3.200ns period=6.400ns})
  Destination:            u_hist/bin_mem_reg/DIBDI[15]
                            (rising edge-triggered cell RAMB18E1 clocked by net_clk  {rise@0.000ns fall@3.200ns period=6.400ns})
  Path Group:             net_clk
  Path Type:              Setup (Max at Slow Process Corner)
  Requirement:            6.400ns  (net_clk rise@6.400ns - net_clk rise@0.000ns)
  Data Path Delay:        5.703ns  (logic 2.776ns (48.674%)  route 2.927ns (51.326%))
  Logic Levels:           12  (CARRY4=8 LUT2=1 LUT3=1 LUT5=1 LUT6=1)
  Clock Path Skew:        -0.027ns (DCD - SCD + CPR)
    Destination Clock Delay (DCD):    0.510ns = ( 6.910 - 6.400 ) 
    Source Clock Delay      (SCD):    0.537ns
    Clock Pessimism Removal (CPR):    0.000ns
  Clock Uncertainty:      0.035ns  ((TSJ^2 + TIJ^2)^1/2 + DJ) / 2 + PE
    Total System Jitter     (TSJ):    0.071ns
    Total Input Jitter      (TIJ):    0.000ns
    Discrete Jitter          (DJ):    0.000ns
    Phase Error              (PE):    0.000ns

    Location             Delay type                Incr(ns)  Path(ns)    Netlist Resource(s)
  -------------------------------------------------------------------    -------------------
                         (clock net_clk rise edge)    0.000     0.000 r  
                                                      0.000     0.000 r  net_clk (IN)
                         net (fo=1291, unset)         0.537     0.537    u_hist/net_clk
                         RAMB18E1                                     r  u_hist/bin_mem_reg/CLKARDCLK
  -------------------------------------------------------------------    -------------------
                         RAMB18E1 (Prop_ramb18e1_CLKARDCLK_DOADO[10])
                                                      1.800     2.337 f  u_hist/bin_mem_reg/DOADO[10]
                         net (fo=3, unplaced)         0.466     2.803    u_hist/ra_data[10]
                         LUT3 (Prop_lut3_I0_O)        0.043     2.846 r  u_hist/last_data[3]_i_13/O
                         net (fo=1, unplaced)         0.742     3.588    u_hist/last_data[3]_i_13_n_0
                         LUT5 (Prop_lut5_I0_O)        0.043     3.631 r  u_hist/last_data[3]_i_8/O
                         net (fo=1, unplaced)         0.742     4.373    u_hist/last_data[3]_i_8_n_0
                         LUT6 (Prop_lut6_I1_O)        0.043     4.416 r  u_hist/last_data[3]_i_6/O
                         net (fo=1, unplaced)         0.000     4.416    u_hist/last_data[3]_i_6_n_0
                         CARRY4 (Prop_carry4_S[0]_CO[3])
                                                      0.246     4.662 r  u_hist/last_data_reg[3]_i_1/CO[3]
                         net (fo=1, unplaced)         0.007     4.669    u_hist/last_data_reg[3]_i_1_n_0
                         CARRY4 (Prop_carry4_CI_CO[3])
                                                      0.054     4.723 r  u_hist/last_data_reg[7]_i_1/CO[3]
                         net (fo=1, unplaced)         0.000     4.723    u_hist/last_data_reg[7]_i_1_n_0
                         CARRY4 (Prop_carry4_CI_CO[3])
                                                      0.054     4.777 r  u_hist/last_data_reg[11]_i_1/CO[3]
                         net (fo=1, unplaced)         0.000     4.777    u_hist/last_data_reg[11]_i_1_n_0
                         CARRY4 (Prop_carry4_CI_CO[3])
                                                      0.054     4.831 r  u_hist/last_data_reg[15]_i_1/CO[3]
                         net (fo=1, unplaced)         0.000     4.831    u_hist/last_data_reg[15]_i_1_n_0
                         CARRY4 (Prop_carry4_CI_CO[3])
                                                      0.054     4.885 r  u_hist/last_data_reg[19]_i_1/CO[3]
                         net (fo=1, unplaced)         0.000     4.885    u_hist/last_data_reg[19]_i_1_n_0
                         CARRY4 (Prop_carry4_CI_CO[3])
                                                      0.054     4.939 r  u_hist/last_data_reg[23]_i_1/CO[3]
                         net (fo=1, unplaced)         0.000     4.939    u_hist/last_data_reg[23]_i_1_n_0
                         CARRY4 (Prop_carry4_CI_CO[3])
                                                      0.054     4.993 r  u_hist/last_data_reg[27]_i_1/CO[3]
                         net (fo=1, unplaced)         0.000     4.993    u_hist/last_data_reg[27]_i_1_n_0
                         CARRY4 (Prop_carry4_CI_O[3])
                                                      0.157     5.150 r  u_hist/last_data_reg[31]_i_2/O[3]
                         net (fo=2, unplaced)         0.505     5.655    u_hist/new_val[31]
                         LUT2 (Prop_lut2_I0_O)        0.120     5.775 r  u_hist/bin_mem_reg_i_31/O
                         net (fo=1, unplaced)         0.466     6.240    u_hist/wdata[31]
                         RAMB18E1                                     r  u_hist/bin_mem_reg/DIBDI[15]
  -------------------------------------------------------------------    -------------------

                         (clock net_clk rise edge)    6.400     6.400 r  
                                                      0.000     6.400 r  net_clk (IN)
                         net (fo=1291, unset)         0.510     6.910    u_hist/net_clk
                         RAMB18E1                                     r  u_hist/bin_mem_reg/CLKBWRCLK
                         clock pessimism              0.000     6.910    
                         clock uncertainty           -0.035     6.875    
                         RAMB18E1 (Setup_ramb18e1_CLKBWRCLK_DIBDI[15])
                                                     -0.182     6.693    u_hist/bin_mem_reg
  -------------------------------------------------------------------
                         required time                          6.693    
                         arrival time                          -6.240    
  -------------------------------------------------------------------
                         slack                                  0.453    

Slack (MET) :             0.507ns  (required time - arrival time)
  Source:                 u_hist/bin_mem_reg/CLKARDCLK
                            (rising edge-triggered cell RAMB18E1 clocked by net_clk  {rise@0.000ns fall@3.200ns period=6.400ns})
  Destination:            u_hist/bin_mem_reg/DIBDI[11]
                            (rising edge-triggered cell RAMB18E1 clocked by net_clk  {rise@0.000ns fall@3.200ns period=6.400ns})
  Path Group:             net_clk
  Path Type:              Setup (Max at Slow Process Corner)
  Requirement:            6.400ns  (net_clk rise@6.400ns - net_clk rise@0.000ns)
  Data Path Delay:        5.649ns  (logic 2.722ns (48.183%)  route 2.927ns (51.817%))
  Logic Levels:           11  (CARRY4=7 LUT2=1 LUT3=1 LUT5=1 LUT6=1)
  Clock Path Skew:        -0.027ns (DCD - SCD + CPR)
    Destination Clock Delay (DCD):    0.510ns = ( 6.910 - 6.400 ) 
    Source Clock Delay      (SCD):    0.537ns
    Clock Pessimism Removal (CPR):    0.000ns
  Clock Uncertainty:      0.035ns  ((TSJ^2 + TIJ^2)^1/2 + DJ) / 2 + PE
    Total System Jitter     (TSJ):    0.071ns
    Total Input Jitter      (TIJ):    0.000ns
    Discrete Jitter          (DJ):    0.000ns
    Phase Error              (PE):    0.000ns

    Location             Delay type                Incr(ns)  Path(ns)    Netlist Resource(s)
  -------------------------------------------------------------------    -------------------
                         (clock net_clk rise edge)    0.000     0.000 r  
                                                      0.000     0.000 r  net_clk (IN)
                         net (fo=1291, unset)         0.537     0.537    u_hist/net_clk
                         RAMB18E1                                     r  u_hist/bin_mem_reg/CLKARDCLK
  -------------------------------------------------------------------    -------------------
                         RAMB18E1 (Prop_ramb18e1_CLKARDCLK_DOADO[10])
                                                      1.800     2.337 f  u_hist/bin_mem_reg/DOADO[10]
                         net (fo=3, unplaced)         0.466     2.803    u_hist/ra_data[10]
                         LUT3 (Prop_lut3_I0_O)        0.043     2.846 r  u_hist/last_data[3]_i_13/O
                         net (fo=1, unplaced)         0.742     3.588    u_hist/last_data[3]_i_13_n_0
                         LUT5 (Prop_lut5_I0_O)        0.043     3.631 r  u_hist/last_data[3]_i_8/O
                         net (fo=1, unplaced)         0.742     4.373    u_hist/last_data[3]_i_8_n_0
                         LUT6 (Prop_lut6_I1_O)        0.043     4.416 r  u_hist/last_data[3]_i_6/O
                         net (fo=1, unplaced)         0.000     4.416    u_hist/last_data[3]_i_6_n_0
                         CARRY4 (Prop_carry4_S[0]_CO[3])
                                                      0.246     4.662 r  u_hist/last_data_reg[3]_i_1/CO[3]
                         net (fo=1, unplaced)         0.007     4.669    u_hist/last_data_reg[3]_i_1_n_0
                         CARRY4 (Prop_carry4_CI_CO[3])
                                                      0.054     4.723 r  u_hist/last_data_reg[7]_i_1/CO[3]
                         net (fo=1, unplaced)         0.000     4.723    u_hist/last_data_reg[7]_i_1_n_0
                         CARRY4 (Prop_carry4_CI_CO[3])
                                                      0.054     4.777 r  u_hist/last_data_reg[11]_i_1/CO[3]
                         net (fo=1, unplaced)         0.000     4.777    u_hist/last_data_reg[11]_i_1_n_0
                         CARRY4 (Prop_carry4_CI_CO[3])
                                                      0.054     4.831 r  u_hist/last_data_reg[15]_i_1/CO[3]
                         net (fo=1, unplaced)         0.000     4.831    u_hist/last_data_reg[15]_i_1_n_0
                         CARRY4 (Prop_carry4_CI_CO[3])
                                                      0.054     4.885 r  u_hist/last_data_reg[19]_i_1/CO[3]
                         net (fo=1, unplaced)         0.000     4.885    u_hist/last_data_reg[19]_i_1_n_0
                         CARRY4 (Prop_carry4_CI_CO[3])
                                                      0.054     4.939 r  u_hist/last_data_reg[23]_i_1/CO[3]
                         net (fo=1, unplaced)         0.000     4.939    u_hist/last_data_reg[23]_i_1_n_0
                         CARRY4 (Prop_carry4_CI_O[3])
                                                      0.157     5.096 r  u_hist/last_data_reg[27]_i_1/O[3]
                         net (fo=2, unplaced)         0.505     5.601    u_hist/new_val[27]
                         LUT2 (Prop_lut2_I0_O)        0.120     5.721 r  u_hist/bin_mem_reg_i_35/O
                         net (fo=1, unplaced)         0.466     6.186    u_hist/wdata[27]
                         RAMB18E1                                     r  u_hist/bin_mem_reg/DIBDI[11]
  -------------------------------------------------------------------    -------------------

                         (clock net_clk rise edge)    6.400     6.400 r  
                                                      0.000     6.400 r  net_clk (IN)
                         net (fo=1291, unset)         0.510     6.910    u_hist/net_clk
                         RAMB18E1                                     r  u_hist/bin_mem_reg/CLKBWRCLK
                         clock pessimism              0.000     6.910    
                         clock uncertainty           -0.035     6.875    
                         RAMB18E1 (Setup_ramb18e1_CLKBWRCLK_DIBDI[11])
                                                     -0.182     6.693    u_hist/bin_mem_reg
  -------------------------------------------------------------------
                         required time                          6.693    
                         arrival time                          -6.186    
  -------------------------------------------------------------------
                         slack                                  0.507    

Slack (MET) :             0.561ns  (required time - arrival time)
  Source:                 u_hist/bin_mem_reg/CLKARDCLK
                            (rising edge-triggered cell RAMB18E1 clocked by net_clk  {rise@0.000ns fall@3.200ns period=6.400ns})
  Destination:            u_hist/bin_mem_reg/DIBDI[7]
                            (rising edge-triggered cell RAMB18E1 clocked by net_clk  {rise@0.000ns fall@3.200ns period=6.400ns})
  Path Group:             net_clk
  Path Type:              Setup (Max at Slow Process Corner)
  Requirement:            6.400ns  (net_clk rise@6.400ns - net_clk rise@0.000ns)
  Data Path Delay:        5.595ns  (logic 2.668ns (47.683%)  route 2.927ns (52.317%))
  Logic Levels:           10  (CARRY4=6 LUT2=1 LUT3=1 LUT5=1 LUT6=1)
  Clock Path Skew:        -0.027ns (DCD - SCD + CPR)
    Destination Clock Delay (DCD):    0.510ns = ( 6.910 - 6.400 ) 
    Source Clock Delay      (SCD):    0.537ns
    Clock Pessimism Removal (CPR):    0.000ns
  Clock Uncertainty:      0.035ns  ((TSJ^2 + TIJ^2)^1/2 + DJ) / 2 + PE
    Total System Jitter     (TSJ):    0.071ns
    Total Input Jitter      (TIJ):    0.000ns
    Discrete Jitter          (DJ):    0.000ns
    Phase Error              (PE):    0.000ns

    Location             Delay type                Incr(ns)  Path(ns)    Netlist Resource(s)
  -------------------------------------------------------------------    -------------------
                         (clock net_clk rise edge)    0.000     0.000 r  
                                                      0.000     0.000 r  net_clk (IN)
                         net (fo=1291, unset)         0.537     0.537    u_hist/net_clk
                         RAMB18E1                                     r  u_hist/bin_mem_reg/CLKARDCLK
  -------------------------------------------------------------------    -------------------
                         RAMB18E1 (Prop_ramb18e1_CLKARDCLK_DOADO[10])
                                                      1.800     2.337 f  u_hist/bin_mem_reg/DOADO[10]
                         net (fo=3, unplaced)         0.466     2.803    u_hist/ra_data[10]
                         LUT3 (Prop_lut3_I0_O)        0.043     2.846 r  u_hist/last_data[3]_i_13/O
                         net (fo=1, unplaced)         0.742     3.588    u_hist/last_data[3]_i_13_n_0
                         LUT5 (Prop_lut5_I0_O)        0.043     3.631 r  u_hist/last_data[3]_i_8/O
                         net (fo=1, unplaced)         0.742     4.373    u_hist/last_data[3]_i_8_n_0
                         LUT6 (Prop_lut6_I1_O)        0.043     4.416 r  u_hist/last_data[3]_i_6/O
                         net (fo=1, unplaced)         0.000     4.416    u_hist/last_data[3]_i_6_n_0
                         CARRY4 (Prop_carry4_S[0]_CO[3])
                                                      0.246     4.662 r  u_hist/last_data_reg[3]_i_1/CO[3]
                         net (fo=1, unplaced)         0.007     4.669    u_hist/last_data_reg[3]_i_1_n_0
                         CARRY4 (Prop_carry4_CI_CO[3])
                                                      0.054     4.723 r  u_hist/last_data_reg[7]_i_1/CO[3]
                         net (fo=1, unplaced)         0.000     4.723    u_hist/last_data_reg[7]_i_1_n_0
                         CARRY4 (Prop_carry4_CI_CO[3])
                                                      0.054     4.777 r  u_hist/last_data_reg[11]_i_1/CO[3]
                         net (fo=1, unplaced)         0.000     4.777    u_hist/last_data_reg[11]_i_1_n_0
                         CARRY4 (Prop_carry4_CI_CO[3])
                                                      0.054     4.831 r  u_hist/last_data_reg[15]_i_1/CO[3]
                         net (fo=1, unplaced)         0.000     4.831    u_hist/last_data_reg[15]_i_1_n_0
                         CARRY4 (Prop_carry4_CI_CO[3])
                                                      0.054     4.885 r  u_hist/last_data_reg[19]_i_1/CO[3]
                         net (fo=1, unplaced)         0.000     4.885    u_hist/last_data_reg[19]_i_1_n_0
                         CARRY4 (Prop_carry4_CI_O[3])
                                                      0.157     5.042 r  u_hist/last_data_reg[23]_i_1/O[3]
                         net (fo=2, unplaced)         0.505     5.547    u_hist/new_val[23]
                         LUT2 (Prop_lut2_I0_O)        0.120     5.667 r  u_hist/bin_mem_reg_i_39/O
                         net (fo=1, unplaced)         0.466     6.132    u_hist/wdata[23]
                         RAMB18E1                                     r  u_hist/bin_mem_reg/DIBDI[7]
  -------------------------------------------------------------------    -------------------

                         (clock net_clk rise edge)    6.400     6.400 r  
                                                      0.000     6.400 r  net_clk (IN)
                         net (fo=1291, unset)         0.510     6.910    u_hist/net_clk
                         RAMB18E1                                     r  u_hist/bin_mem_reg/CLKBWRCLK
                         clock pessimism              0.000     6.910    
                         clock uncertainty           -0.035     6.875    
                         RAMB18E1 (Setup_ramb18e1_CLKBWRCLK_DIBDI[7])
                                                     -0.182     6.693    u_hist/bin_mem_reg
  -------------------------------------------------------------------
                         required time                          6.693    
                         arrival time                          -6.132    
  -------------------------------------------------------------------
                         slack                                  0.561    

Slack (MET) :             0.615ns  (required time - arrival time)
  Source:                 u_hist/bin_mem_reg/CLKARDCLK
                            (rising edge-triggered cell RAMB18E1 clocked by net_clk  {rise@0.000ns fall@3.200ns period=6.400ns})
  Destination:            u_hist/bin_mem_reg/DIBDI[3]
                            (rising edge-triggered cell RAMB18E1 clocked by net_clk  {rise@0.000ns fall@3.200ns period=6.400ns})
  Path Group:             net_clk
  Path Type:              Setup (Max at Slow Process Corner)
  Requirement:            6.400ns  (net_clk rise@6.400ns - net_clk rise@0.000ns)
  Data Path Delay:        5.541ns  (logic 2.614ns (47.173%)  route 2.927ns (52.827%))
  Logic Levels:           9  (CARRY4=5 LUT2=1 LUT3=1 LUT5=1 LUT6=1)
  Clock Path Skew:        -0.027ns (DCD - SCD + CPR)
    Destination Clock Delay (DCD):    0.510ns = ( 6.910 - 6.400 ) 
    Source Clock Delay      (SCD):    0.537ns
    Clock Pessimism Removal (CPR):    0.000ns
  Clock Uncertainty:      0.035ns  ((TSJ^2 + TIJ^2)^1/2 + DJ) / 2 + PE
    Total System Jitter     (TSJ):    0.071ns
    Total Input Jitter      (TIJ):    0.000ns
    Discrete Jitter          (DJ):    0.000ns
    Phase Error              (PE):    0.000ns

    Location             Delay type                Incr(ns)  Path(ns)    Netlist Resource(s)
  -------------------------------------------------------------------    -------------------
                         (clock net_clk rise edge)    0.000     0.000 r  
                                                      0.000     0.000 r  net_clk (IN)
                         net (fo=1291, unset)         0.537     0.537    u_hist/net_clk
                         RAMB18E1                                     r  u_hist/bin_mem_reg/CLKARDCLK
  -------------------------------------------------------------------    -------------------
                         RAMB18E1 (Prop_ramb18e1_CLKARDCLK_DOADO[10])
                                                      1.800     2.337 f  u_hist/bin_mem_reg/DOADO[10]
                         net (fo=3, unplaced)         0.466     2.803    u_hist/ra_data[10]
                         LUT3 (Prop_lut3_I0_O)        0.043     2.846 r  u_hist/last_data[3]_i_13/O
                         net (fo=1, unplaced)         0.742     3.588    u_hist/last_data[3]_i_13_n_0
                         LUT5 (Prop_lut5_I0_O)        0.043     3.631 r  u_hist/last_data[3]_i_8/O
                         net (fo=1, unplaced)         0.742     4.373    u_hist/last_data[3]_i_8_n_0
                         LUT6 (Prop_lut6_I1_O)        0.043     4.416 r  u_hist/last_data[3]_i_6/O
                         net (fo=1, unplaced)         0.000     4.416    u_hist/last_data[3]_i_6_n_0
                         CARRY4 (Prop_carry4_S[0]_CO[3])
                                                      0.246     4.662 r  u_hist/last_data_reg[3]_i_1/CO[3]
                         net (fo=1, unplaced)         0.007     4.669    u_hist/last_data_reg[3]_i_1_n_0
                         CARRY4 (Prop_carry4_CI_CO[3])
                                                      0.054     4.723 r  u_hist/last_data_reg[7]_i_1/CO[3]
                         net (fo=1, unplaced)         0.000     4.723    u_hist/last_data_reg[7]_i_1_n_0
                         CARRY4 (Prop_carry4_CI_CO[3])
                                                      0.054     4.777 r  u_hist/last_data_reg[11]_i_1/CO[3]
                         net (fo=1, unplaced)         0.000     4.777    u_hist/last_data_reg[11]_i_1_n_0
                         CARRY4 (Prop_carry4_CI_CO[3])
                                                      0.054     4.831 r  u_hist/last_data_reg[15]_i_1/CO[3]
                         net (fo=1, unplaced)         0.000     4.831    u_hist/last_data_reg[15]_i_1_n_0
                         CARRY4 (Prop_carry4_CI_O[3])
                                                      0.157     4.988 r  u_hist/last_data_reg[19]_i_1/O[3]
                         net (fo=2, unplaced)         0.505     5.493    u_hist/new_val[19]
                         LUT2 (Prop_lut2_I0_O)        0.120     5.613 r  u_hist/bin_mem_reg_i_43/O
                         net (fo=1, unplaced)         0.466     6.078    u_hist/wdata[19]
                         RAMB18E1                                     r  u_hist/bin_mem_reg/DIBDI[3]
  -------------------------------------------------------------------    -------------------

                         (clock net_clk rise edge)    6.400     6.400 r  
                                                      0.000     6.400 r  net_clk (IN)
                         net (fo=1291, unset)         0.510     6.910    u_hist/net_clk
                         RAMB18E1                                     r  u_hist/bin_mem_reg/CLKBWRCLK
                         clock pessimism              0.000     6.910    
                         clock uncertainty           -0.035     6.875    
                         RAMB18E1 (Setup_ramb18e1_CLKBWRCLK_DIBDI[3])
                                                     -0.182     6.693    u_hist/bin_mem_reg
  -------------------------------------------------------------------
                         required time                          6.693    
                         arrival time                          -6.078    
  -------------------------------------------------------------------
                         slack                                  0.615    

Slack (MET) :             0.669ns  (required time - arrival time)
  Source:                 u_hist/bin_mem_reg/CLKARDCLK
                            (rising edge-triggered cell RAMB18E1 clocked by net_clk  {rise@0.000ns fall@3.200ns period=6.400ns})
  Destination:            u_hist/bin_mem_reg/DIADI[15]
                            (rising edge-triggered cell RAMB18E1 clocked by net_clk  {rise@0.000ns fall@3.200ns period=6.400ns})
  Path Group:             net_clk
  Path Type:              Setup (Max at Slow Process Corner)
  Requirement:            6.400ns  (net_clk rise@6.400ns - net_clk rise@0.000ns)
  Data Path Delay:        5.487ns  (logic 2.560ns (46.653%)  route 2.927ns (53.347%))
  Logic Levels:           8  (CARRY4=4 LUT2=1 LUT3=1 LUT5=1 LUT6=1)
  Clock Path Skew:        -0.027ns (DCD - SCD + CPR)
    Destination Clock Delay (DCD):    0.510ns = ( 6.910 - 6.400 ) 
    Source Clock Delay      (SCD):    0.537ns
    Clock Pessimism Removal (CPR):    0.000ns
  Clock Uncertainty:      0.035ns  ((TSJ^2 + TIJ^2)^1/2 + DJ) / 2 + PE
    Total System Jitter     (TSJ):    0.071ns
    Total Input Jitter      (TIJ):    0.000ns
    Discrete Jitter          (DJ):    0.000ns
    Phase Error              (PE):    0.000ns

    Location             Delay type                Incr(ns)  Path(ns)    Netlist Resource(s)
  -------------------------------------------------------------------    -------------------
                         (clock net_clk rise edge)    0.000     0.000 r  
                                                      0.000     0.000 r  net_clk (IN)
                         net (fo=1291, unset)         0.537     0.537    u_hist/net_clk
                         RAMB18E1                                     r  u_hist/bin_mem_reg/CLKARDCLK
  -------------------------------------------------------------------    -------------------
                         RAMB18E1 (Prop_ramb18e1_CLKARDCLK_DOADO[10])
                                                      1.800     2.337 f  u_hist/bin_mem_reg/DOADO[10]
                         net (fo=3, unplaced)         0.466     2.803    u_hist/ra_data[10]
                         LUT3 (Prop_lut3_I0_O)        0.043     2.846 r  u_hist/last_data[3]_i_13/O
                         net (fo=1, unplaced)         0.742     3.588    u_hist/last_data[3]_i_13_n_0
                         LUT5 (Prop_lut5_I0_O)        0.043     3.631 r  u_hist/last_data[3]_i_8/O
                         net (fo=1, unplaced)         0.742     4.373    u_hist/last_data[3]_i_8_n_0
                         LUT6 (Prop_lut6_I1_O)        0.043     4.416 r  u_hist/last_data[3]_i_6/O
                         net (fo=1, unplaced)         0.000     4.416    u_hist/last_data[3]_i_6_n_0
                         CARRY4 (Prop_carry4_S[0]_CO[3])
                                                      0.246     4.662 r  u_hist/last_data_reg[3]_i_1/CO[3]
                         net (fo=1, unplaced)         0.007     4.669    u_hist/last_data_reg[3]_i_1_n_0
                         CARRY4 (Prop_carry4_CI_CO[3])
                                                      0.054     4.723 r  u_hist/last_data_reg[7]_i_1/CO[3]
                         net (fo=1, unplaced)         0.000     4.723    u_hist/last_data_reg[7]_i_1_n_0
                         CARRY4 (Prop_carry4_CI_CO[3])
                                                      0.054     4.777 r  u_hist/last_data_reg[11]_i_1/CO[3]
                         net (fo=1, unplaced)         0.000     4.777    u_hist/last_data_reg[11]_i_1_n_0
                         CARRY4 (Prop_carry4_CI_O[3])
                                                      0.157     4.934 r  u_hist/last_data_reg[15]_i_1/O[3]
                         net (fo=2, unplaced)         0.505     5.439    u_hist/new_val[15]
                         LUT2 (Prop_lut2_I0_O)        0.120     5.559 r  u_hist/bin_mem_reg_i_15/O
                         net (fo=1, unplaced)         0.466     6.024    u_hist/wdata[15]
                         RAMB18E1                                     r  u_hist/bin_mem_reg/DIADI[15]
  -------------------------------------------------------------------    -------------------

                         (clock net_clk rise edge)    6.400     6.400 r  
                                                      0.000     6.400 r  net_clk (IN)
                         net (fo=1291, unset)         0.510     6.910    u_hist/net_clk
                         RAMB18E1                                     r  u_hist/bin_mem_reg/CLKBWRCLK
                         clock pessimism              0.000     6.910    
                         clock uncertainty           -0.035     6.875    
                         RAMB18E1 (Setup_ramb18e1_CLKBWRCLK_DIADI[15])
                                                     -0.182     6.693    u_hist/bin_mem_reg
  -------------------------------------------------------------------
                         required time                          6.693    
                         arrival time                          -6.024    
  -------------------------------------------------------------------
                         slack                                  0.669    

Slack (MET) :             0.707ns  (required time - arrival time)
  Source:                 u_hist/bin_mem_reg/CLKARDCLK
                            (rising edge-triggered cell RAMB18E1 clocked by net_clk  {rise@0.000ns fall@3.200ns period=6.400ns})
  Destination:            u_hist/bin_mem_reg/DIBDI[14]
                            (rising edge-triggered cell RAMB18E1 clocked by net_clk  {rise@0.000ns fall@3.200ns period=6.400ns})
  Path Group:             net_clk
  Path Type:              Setup (Max at Slow Process Corner)
  Requirement:            6.400ns  (net_clk rise@6.400ns - net_clk rise@0.000ns)
  Data Path Delay:        5.449ns  (logic 2.746ns (50.392%)  route 2.703ns (49.608%))
  Logic Levels:           12  (CARRY4=8 LUT2=1 LUT3=1 LUT5=1 LUT6=1)
  Clock Path Skew:        -0.027ns (DCD - SCD + CPR)
    Destination Clock Delay (DCD):    0.510ns = ( 6.910 - 6.400 ) 
    Source Clock Delay      (SCD):    0.537ns
    Clock Pessimism Removal (CPR):    0.000ns
  Clock Uncertainty:      0.035ns  ((TSJ^2 + TIJ^2)^1/2 + DJ) / 2 + PE
    Total System Jitter     (TSJ):    0.071ns
    Total Input Jitter      (TIJ):    0.000ns
    Discrete Jitter          (DJ):    0.000ns
    Phase Error              (PE):    0.000ns

    Location             Delay type                Incr(ns)  Path(ns)    Netlist Resource(s)
  -------------------------------------------------------------------    -------------------
                         (clock net_clk rise edge)    0.000     0.000 r  
                                                      0.000     0.000 r  net_clk (IN)
                         net (fo=1291, unset)         0.537     0.537    u_hist/net_clk
                         RAMB18E1                                     r  u_hist/bin_mem_reg/CLKARDCLK
  -------------------------------------------------------------------    -------------------
                         RAMB18E1 (Prop_ramb18e1_CLKARDCLK_DOADO[10])
                                                      1.800     2.337 f  u_hist/bin_mem_reg/DOADO[10]
                         net (fo=3, unplaced)         0.466     2.803    u_hist/ra_data[10]
                         LUT3 (Prop_lut3_I0_O)        0.043     2.846 r  u_hist/last_data[3]_i_13/O
                         net (fo=1, unplaced)         0.742     3.588    u_hist/last_data[3]_i_13_n_0
                         LUT5 (Prop_lut5_I0_O)        0.043     3.631 r  u_hist/last_data[3]_i_8/O
                         net (fo=1, unplaced)         0.742     4.373    u_hist/last_data[3]_i_8_n_0
                         LUT6 (Prop_lut6_I1_O)        0.043     4.416 r  u_hist/last_data[3]_i_6/O
                         net (fo=1, unplaced)         0.000     4.416    u_hist/last_data[3]_i_6_n_0
                         CARRY4 (Prop_carry4_S[0]_CO[3])
                                                      0.246     4.662 r  u_hist/last_data_reg[3]_i_1/CO[3]
                         net (fo=1, unplaced)         0.007     4.669    u_hist/last_data_reg[3]_i_1_n_0
                         CARRY4 (Prop_carry4_CI_CO[3])
                                                      0.054     4.723 r  u_hist/last_data_reg[7]_i_1/CO[3]
                         net (fo=1, unplaced)         0.000     4.723    u_hist/last_data_reg[7]_i_1_n_0
                         CARRY4 (Prop_carry4_CI_CO[3])
                                                      0.054     4.777 r  u_hist/last_data_reg[11]_i_1/CO[3]
                         net (fo=1, unplaced)         0.000     4.777    u_hist/last_data_reg[11]_i_1_n_0
                         CARRY4 (Prop_carry4_CI_CO[3])
                                                      0.054     4.831 r  u_hist/last_data_reg[15]_i_1/CO[3]
                         net (fo=1, unplaced)         0.000     4.831    u_hist/last_data_reg[15]_i_1_n_0
                         CARRY4 (Prop_carry4_CI_CO[3])
                                                      0.054     4.885 r  u_hist/last_data_reg[19]_i_1/CO[3]
                         net (fo=1, unplaced)         0.000     4.885    u_hist/last_data_reg[19]_i_1_n_0
                         CARRY4 (Prop_carry4_CI_CO[3])
                                                      0.054     4.939 r  u_hist/last_data_reg[23]_i_1/CO[3]
                         net (fo=1, unplaced)         0.000     4.939    u_hist/last_data_reg[23]_i_1_n_0
                         CARRY4 (Prop_carry4_CI_CO[3])
                                                      0.054     4.993 r  u_hist/last_data_reg[27]_i_1/CO[3]
                         net (fo=1, unplaced)         0.000     4.993    u_hist/last_data_reg[27]_i_1_n_0
                         CARRY4 (Prop_carry4_CI_O[2])
                                                      0.120     5.113 r  u_hist/last_data_reg[31]_i_2/O[2]
                         net (fo=2, unplaced)         0.281     5.394    u_hist/new_val[30]
                         LUT2 (Prop_lut2_I0_O)        0.127     5.521 r  u_hist/bin_mem_reg_i_32/O
                         net (fo=1, unplaced)         0.466     5.986    u_hist/wdata[30]
                         RAMB18E1                                     r  u_hist/bin_mem_reg/DIBDI[14]
  -------------------------------------------------------------------    -------------------

                         (clock net_clk rise edge)    6.400     6.400 r  
                                                      0.000     6.400 r  net_clk (IN)
                         net (fo=1291, unset)         0.510     6.910    u_hist/net_clk
                         RAMB18E1                                     r  u_hist/bin_mem_reg/CLKBWRCLK
                         clock pessimism              0.000     6.910    
                         clock uncertainty           -0.035     6.875    
                         RAMB18E1 (Setup_ramb18e1_CLKBWRCLK_DIBDI[14])
                                                     -0.182     6.693    u_hist/bin_mem_reg
  -------------------------------------------------------------------
                         required time                          6.693    
                         arrival time                          -5.986    
  -------------------------------------------------------------------
                         slack                                  0.707    

Slack (MET) :             0.723ns  (required time - arrival time)
  Source:                 u_hist/bin_mem_reg/CLKARDCLK
                            (rising edge-triggered cell RAMB18E1 clocked by net_clk  {rise@0.000ns fall@3.200ns period=6.400ns})
  Destination:            u_hist/bin_mem_reg/DIADI[11]
                            (rising edge-triggered cell RAMB18E1 clocked by net_clk  {rise@0.000ns fall@3.200ns period=6.400ns})
  Path Group:             net_clk
  Path Type:              Setup (Max at Slow Process Corner)
  Requirement:            6.400ns  (net_clk rise@6.400ns - net_clk rise@0.000ns)
  Data Path Delay:        5.433ns  (logic 2.506ns (46.123%)  route 2.927ns (53.877%))
  Logic Levels:           7  (CARRY4=3 LUT2=1 LUT3=1 LUT5=1 LUT6=1)
  Clock Path Skew:        -0.027ns (DCD - SCD + CPR)
    Destination Clock Delay (DCD):    0.510ns = ( 6.910 - 6.400 ) 
    Source Clock Delay      (SCD):    0.537ns
    Clock Pessimism Removal (CPR):    0.000ns
  Clock Uncertainty:      0.035ns  ((TSJ^2 + TIJ^2)^1/2 + DJ) / 2 + PE
    Total System Jitter     (TSJ):    0.071ns
    Total Input Jitter      (TIJ):    0.000ns
    Discrete Jitter          (DJ):    0.000ns
    Phase Error              (PE):    0.000ns

    Location             Delay type                Incr(ns)  Path(ns)    Netlist Resource(s)
  -------------------------------------------------------------------    -------------------
                         (clock net_clk rise edge)    0.000     0.000 r  
                                                      0.000     0.000 r  net_clk (IN)
                         net (fo=1291, unset)         0.537     0.537    u_hist/net_clk
                         RAMB18E1                                     r  u_hist/bin_mem_reg/CLKARDCLK
  -------------------------------------------------------------------    -------------------
                         RAMB18E1 (Prop_ramb18e1_CLKARDCLK_DOADO[10])
                                                      1.800     2.337 f  u_hist/bin_mem_reg/DOADO[10]
                         net (fo=3, unplaced)         0.466     2.803    u_hist/ra_data[10]
                         LUT3 (Prop_lut3_I0_O)        0.043     2.846 r  u_hist/last_data[3]_i_13/O
                         net (fo=1, unplaced)         0.742     3.588    u_hist/last_data[3]_i_13_n_0
                         LUT5 (Prop_lut5_I0_O)        0.043     3.631 r  u_hist/last_data[3]_i_8/O
                         net (fo=1, unplaced)         0.742     4.373    u_hist/last_data[3]_i_8_n_0
                         LUT6 (Prop_lut6_I1_O)        0.043     4.416 r  u_hist/last_data[3]_i_6/O
                         net (fo=1, unplaced)         0.000     4.416    u_hist/last_data[3]_i_6_n_0
                         CARRY4 (Prop_carry4_S[0]_CO[3])
                                                      0.246     4.662 r  u_hist/last_data_reg[3]_i_1/CO[3]
                         net (fo=1, unplaced)         0.007     4.669    u_hist/last_data_reg[3]_i_1_n_0
                         CARRY4 (Prop_carry4_CI_CO[3])
                                                      0.054     4.723 r  u_hist/last_data_reg[7]_i_1/CO[3]
                         net (fo=1, unplaced)         0.000     4.723    u_hist/last_data_reg[7]_i_1_n_0
                         CARRY4 (Prop_carry4_CI_O[3])
                                                      0.157     4.880 r  u_hist/last_data_reg[11]_i_1/O[3]
                         net (fo=2, unplaced)         0.505     5.385    u_hist/new_val[11]
                         LUT2 (Prop_lut2_I0_O)        0.120     5.505 r  u_hist/bin_mem_reg_i_19/O
                         net (fo=1, unplaced)         0.466     5.970    u_hist/wdata[11]
                         RAMB18E1                                     r  u_hist/bin_mem_reg/DIADI[11]
  -------------------------------------------------------------------    -------------------

                         (clock net_clk rise edge)    6.400     6.400 r  
                                                      0.000     6.400 r  net_clk (IN)
                         net (fo=1291, unset)         0.510     6.910    u_hist/net_clk
                         RAMB18E1                                     r  u_hist/bin_mem_reg/CLKBWRCLK
                         clock pessimism              0.000     6.910    
                         clock uncertainty           -0.035     6.875    
                         RAMB18E1 (Setup_ramb18e1_CLKBWRCLK_DIADI[11])
                                                     -0.182     6.693    u_hist/bin_mem_reg
  -------------------------------------------------------------------
                         required time                          6.693    
                         arrival time                          -5.970    
  -------------------------------------------------------------------
                         slack                                  0.723    

Slack (MET) :             0.737ns  (required time - arrival time)
  Source:                 u_hist/bin_mem_reg/CLKARDCLK
                            (rising edge-triggered cell RAMB18E1 clocked by net_clk  {rise@0.000ns fall@3.200ns period=6.400ns})
  Destination:            u_hist/bin_mem_reg/DIBDI[13]
                            (rising edge-triggered cell RAMB18E1 clocked by net_clk  {rise@0.000ns fall@3.200ns period=6.400ns})
  Path Group:             net_clk
  Path Type:              Setup (Max at Slow Process Corner)
  Requirement:            6.400ns  (net_clk rise@6.400ns - net_clk rise@0.000ns)
  Data Path Delay:        5.419ns  (logic 2.797ns (51.612%)  route 2.622ns (48.388%))
  Logic Levels:           12  (CARRY4=8 LUT2=1 LUT3=1 LUT5=1 LUT6=1)
  Clock Path Skew:        -0.027ns (DCD - SCD + CPR)
    Destination Clock Delay (DCD):    0.510ns = ( 6.910 - 6.400 ) 
    Source Clock Delay      (SCD):    0.537ns
    Clock Pessimism Removal (CPR):    0.000ns
  Clock Uncertainty:      0.035ns  ((TSJ^2 + TIJ^2)^1/2 + DJ) / 2 + PE
    Total System Jitter     (TSJ):    0.071ns
    Total Input Jitter      (TIJ):    0.000ns
    Discrete Jitter          (DJ):    0.000ns
    Phase Error              (PE):    0.000ns

    Location             Delay type                Incr(ns)  Path(ns)    Netlist Resource(s)
  -------------------------------------------------------------------    -------------------
                         (clock net_clk rise edge)    0.000     0.000 r  
                                                      0.000     0.000 r  net_clk (IN)
                         net (fo=1291, unset)         0.537     0.537    u_hist/net_clk
                         RAMB18E1                                     r  u_hist/bin_mem_reg/CLKARDCLK
  -------------------------------------------------------------------    -------------------
                         RAMB18E1 (Prop_ramb18e1_CLKARDCLK_DOADO[10])
                                                      1.800     2.337 f  u_hist/bin_mem_reg/DOADO[10]
                         net (fo=3, unplaced)         0.466     2.803    u_hist/ra_data[10]
                         LUT3 (Prop_lut3_I0_O)        0.043     2.846 r  u_hist/last_data[3]_i_13/O
                         net (fo=1, unplaced)         0.742     3.588    u_hist/last_data[3]_i_13_n_0
                         LUT5 (Prop_lut5_I0_O)        0.043     3.631 r  u_hist/last_data[3]_i_8/O
                         net (fo=1, unplaced)         0.742     4.373    u_hist/last_data[3]_i_8_n_0
                         LUT6 (Prop_lut6_I1_O)        0.043     4.416 r  u_hist/last_data[3]_i_6/O
                         net (fo=1, unplaced)         0.000     4.416    u_hist/last_data[3]_i_6_n_0
                         CARRY4 (Prop_carry4_S[0]_CO[3])
                                                      0.246     4.662 r  u_hist/last_data_reg[3]_i_1/CO[3]
                         net (fo=1, unplaced)         0.007     4.669    u_hist/last_data_reg[3]_i_1_n_0
                         CARRY4 (Prop_carry4_CI_CO[3])
                                                      0.054     4.723 r  u_hist/last_data_reg[7]_i_1/CO[3]
                         net (fo=1, unplaced)         0.000     4.723    u_hist/last_data_reg[7]_i_1_n_0
                         CARRY4 (Prop_carry4_CI_CO[3])
                                                      0.054     4.777 r  u_hist/last_data_reg[11]_i_1/CO[3]
                         net (fo=1, unplaced)         0.000     4.777    u_hist/last_data_reg[11]_i_1_n_0
                         CARRY4 (Prop_carry4_CI_CO[3])
                                                      0.054     4.831 r  u_hist/last_data_reg[15]_i_1/CO[3]
                         net (fo=1, unplaced)         0.000     4.831    u_hist/last_data_reg[15]_i_1_n_0
                         CARRY4 (Prop_carry4_CI_CO[3])
                                                      0.054     4.885 r  u_hist/last_data_reg[19]_i_1/CO[3]
                         net (fo=1, unplaced)         0.000     4.885    u_hist/last_data_reg[19]_i_1_n_0
                         CARRY4 (Prop_carry4_CI_CO[3])
                                                      0.054     4.939 r  u_hist/last_data_reg[23]_i_1/CO[3]
                         net (fo=1, unplaced)         0.000     4.939    u_hist/last_data_reg[23]_i_1_n_0
                         CARRY4 (Prop_carry4_CI_CO[3])
                                                      0.054     4.993 r  u_hist/last_data_reg[27]_i_1/CO[3]
                         net (fo=1, unplaced)         0.000     4.993    u_hist/last_data_reg[27]_i_1_n_0
                         CARRY4 (Prop_carry4_CI_O[1])
                                                      0.173     5.166 r  u_hist/last_data_reg[31]_i_2/O[1]
                         net (fo=2, unplaced)         0.200     5.366    u_hist/new_val[29]
                         LUT2 (Prop_lut2_I0_O)        0.125     5.491 r  u_hist/bin_mem_reg_i_33/O
                         net (fo=1, unplaced)         0.466     5.956    u_hist/wdata[29]
                         RAMB18E1                                     r  u_hist/bin_mem_reg/DIBDI[13]
  -------------------------------------------------------------------    -------------------

                         (clock net_clk rise edge)    6.400     6.400 r  
                                                      0.000     6.400 r  net_clk (IN)
                         net (fo=1291, unset)         0.510     6.910    u_hist/net_clk
                         RAMB18E1                                     r  u_hist/bin_mem_reg/CLKBWRCLK
                         clock pessimism              0.000     6.910    
                         clock uncertainty           -0.035     6.875    
                         RAMB18E1 (Setup_ramb18e1_CLKBWRCLK_DIBDI[13])
                                                     -0.182     6.693    u_hist/bin_mem_reg
  -------------------------------------------------------------------
                         required time                          6.693    
                         arrival time                          -5.956    
  -------------------------------------------------------------------
                         slack                                  0.737    

Slack (MET) :             0.761ns  (required time - arrival time)
  Source:                 u_hist/bin_mem_reg/CLKARDCLK
                            (rising edge-triggered cell RAMB18E1 clocked by net_clk  {rise@0.000ns fall@3.200ns period=6.400ns})
  Destination:            u_hist/bin_mem_reg/DIBDI[10]
                            (rising edge-triggered cell RAMB18E1 clocked by net_clk  {rise@0.000ns fall@3.200ns period=6.400ns})
  Path Group:             net_clk
  Path Type:              Setup (Max at Slow Process Corner)
  Requirement:            6.400ns  (net_clk rise@6.400ns - net_clk rise@0.000ns)
  Data Path Delay:        5.395ns  (logic 2.692ns (49.895%)  route 2.703ns (50.105%))
  Logic Levels:           11  (CARRY4=7 LUT2=1 LUT3=1 LUT5=1 LUT6=1)
  Clock Path Skew:        -0.027ns (DCD - SCD + CPR)
    Destination Clock Delay (DCD):    0.510ns = ( 6.910 - 6.400 ) 
    Source Clock Delay      (SCD):    0.537ns
    Clock Pessimism Removal (CPR):    0.000ns
  Clock Uncertainty:      0.035ns  ((TSJ^2 + TIJ^2)^1/2 + DJ) / 2 + PE
    Total System Jitter     (TSJ):    0.071ns
    Total Input Jitter      (TIJ):    0.000ns
    Discrete Jitter          (DJ):    0.000ns
    Phase Error              (PE):    0.000ns

    Location             Delay type                Incr(ns)  Path(ns)    Netlist Resource(s)
  -------------------------------------------------------------------    -------------------
                         (clock net_clk rise edge)    0.000     0.000 r  
                                                      0.000     0.000 r  net_clk (IN)
                         net (fo=1291, unset)         0.537     0.537    u_hist/net_clk
                         RAMB18E1                                     r  u_hist/bin_mem_reg/CLKARDCLK
  -------------------------------------------------------------------    -------------------
                         RAMB18E1 (Prop_ramb18e1_CLKARDCLK_DOADO[10])
                                                      1.800     2.337 f  u_hist/bin_mem_reg/DOADO[10]
                         net (fo=3, unplaced)         0.466     2.803    u_hist/ra_data[10]
                         LUT3 (Prop_lut3_I0_O)        0.043     2.846 r  u_hist/last_data[3]_i_13/O
                         net (fo=1, unplaced)         0.742     3.588    u_hist/last_data[3]_i_13_n_0
                         LUT5 (Prop_lut5_I0_O)        0.043     3.631 r  u_hist/last_data[3]_i_8/O
                         net (fo=1, unplaced)         0.742     4.373    u_hist/last_data[3]_i_8_n_0
                         LUT6 (Prop_lut6_I1_O)        0.043     4.416 r  u_hist/last_data[3]_i_6/O
                         net (fo=1, unplaced)         0.000     4.416    u_hist/last_data[3]_i_6_n_0
                         CARRY4 (Prop_carry4_S[0]_CO[3])
                                                      0.246     4.662 r  u_hist/last_data_reg[3]_i_1/CO[3]
                         net (fo=1, unplaced)         0.007     4.669    u_hist/last_data_reg[3]_i_1_n_0
                         CARRY4 (Prop_carry4_CI_CO[3])
                                                      0.054     4.723 r  u_hist/last_data_reg[7]_i_1/CO[3]
                         net (fo=1, unplaced)         0.000     4.723    u_hist/last_data_reg[7]_i_1_n_0
                         CARRY4 (Prop_carry4_CI_CO[3])
                                                      0.054     4.777 r  u_hist/last_data_reg[11]_i_1/CO[3]
                         net (fo=1, unplaced)         0.000     4.777    u_hist/last_data_reg[11]_i_1_n_0
                         CARRY4 (Prop_carry4_CI_CO[3])
                                                      0.054     4.831 r  u_hist/last_data_reg[15]_i_1/CO[3]
                         net (fo=1, unplaced)         0.000     4.831    u_hist/last_data_reg[15]_i_1_n_0
                         CARRY4 (Prop_carry4_CI_CO[3])
                                                      0.054     4.885 r  u_hist/last_data_reg[19]_i_1/CO[3]
                         net (fo=1, unplaced)         0.000     4.885    u_hist/last_data_reg[19]_i_1_n_0
                         CARRY4 (Prop_carry4_CI_CO[3])
                                                      0.054     4.939 r  u_hist/last_data_reg[23]_i_1/CO[3]
                         net (fo=1, unplaced)         0.000     4.939    u_hist/last_data_reg[23]_i_1_n_0
                         CARRY4 (Prop_carry4_CI_O[2])
                                                      0.120     5.059 r  u_hist/last_data_reg[27]_i_1/O[2]
                         net (fo=2, unplaced)         0.281     5.340    u_hist/new_val[26]
                         LUT2 (Prop_lut2_I0_O)        0.127     5.467 r  u_hist/bin_mem_reg_i_36/O
                         net (fo=1, unplaced)         0.466     5.932    u_hist/wdata[26]
                         RAMB18E1                                     r  u_hist/bin_mem_reg/DIBDI[10]
  -------------------------------------------------------------------    -------------------

                         (clock net_clk rise edge)    6.400     6.400 r  
                                                      0.000     6.400 r  net_clk (IN)
                         net (fo=1291, unset)         0.510     6.910    u_hist/net_clk
                         RAMB18E1                                     r  u_hist/bin_mem_reg/CLKBWRCLK
                         clock pessimism              0.000     6.910    
                         clock uncertainty           -0.035     6.875    
                         RAMB18E1 (Setup_ramb18e1_CLKBWRCLK_DIBDI[10])
                                                     -0.182     6.693    u_hist/bin_mem_reg
  -------------------------------------------------------------------
                         required time                          6.693    
                         arrival time                          -5.932    
  -------------------------------------------------------------------
                         slack                                  0.761    

Slack (MET) :             0.777ns  (required time - arrival time)
  Source:                 u_hist/bin_mem_reg/CLKARDCLK
                            (rising edge-triggered cell RAMB18E1 clocked by net_clk  {rise@0.000ns fall@3.200ns period=6.400ns})
  Destination:            u_hist/bin_mem_reg/DIADI[7]
                            (rising edge-triggered cell RAMB18E1 clocked by net_clk  {rise@0.000ns fall@3.200ns period=6.400ns})
  Path Group:             net_clk
  Path Type:              Setup (Max at Slow Process Corner)
  Requirement:            6.400ns  (net_clk rise@6.400ns - net_clk rise@0.000ns)
  Data Path Delay:        5.379ns  (logic 2.452ns (45.582%)  route 2.927ns (54.418%))
  Logic Levels:           6  (CARRY4=2 LUT2=1 LUT3=1 LUT5=1 LUT6=1)
  Clock Path Skew:        -0.027ns (DCD - SCD + CPR)
    Destination Clock Delay (DCD):    0.510ns = ( 6.910 - 6.400 ) 
    Source Clock Delay      (SCD):    0.537ns
    Clock Pessimism Removal (CPR):    0.000ns
  Clock Uncertainty:      0.035ns  ((TSJ^2 + TIJ^2)^1/2 + DJ) / 2 + PE
    Total System Jitter     (TSJ):    0.071ns
    Total Input Jitter      (TIJ):    0.000ns
    Discrete Jitter          (DJ):    0.000ns
    Phase Error              (PE):    0.000ns

    Location             Delay type                Incr(ns)  Path(ns)    Netlist Resource(s)
  -------------------------------------------------------------------    -------------------
                         (clock net_clk rise edge)    0.000     0.000 r  
                                                      0.000     0.000 r  net_clk (IN)
                         net (fo=1291, unset)         0.537     0.537    u_hist/net_clk
                         RAMB18E1                                     r  u_hist/bin_mem_reg/CLKARDCLK
  -------------------------------------------------------------------    -------------------
                         RAMB18E1 (Prop_ramb18e1_CLKARDCLK_DOADO[10])
                                                      1.800     2.337 f  u_hist/bin_mem_reg/DOADO[10]
                         net (fo=3, unplaced)         0.466     2.803    u_hist/ra_data[10]
                         LUT3 (Prop_lut3_I0_O)        0.043     2.846 r  u_hist/last_data[3]_i_13/O
                         net (fo=1, unplaced)         0.742     3.588    u_hist/last_data[3]_i_13_n_0
                         LUT5 (Prop_lut5_I0_O)        0.043     3.631 r  u_hist/last_data[3]_i_8/O
                         net (fo=1, unplaced)         0.742     4.373    u_hist/last_data[3]_i_8_n_0
                         LUT6 (Prop_lut6_I1_O)        0.043     4.416 r  u_hist/last_data[3]_i_6/O
                         net (fo=1, unplaced)         0.000     4.416    u_hist/last_data[3]_i_6_n_0
                         CARRY4 (Prop_carry4_S[0]_CO[3])
                                                      0.246     4.662 r  u_hist/last_data_reg[3]_i_1/CO[3]
                         net (fo=1, unplaced)         0.007     4.669    u_hist/last_data_reg[3]_i_1_n_0
                         CARRY4 (Prop_carry4_CI_O[3])
                                                      0.157     4.826 r  u_hist/last_data_reg[7]_i_1/O[3]
                         net (fo=2, unplaced)         0.505     5.331    u_hist/new_val[7]
                         LUT2 (Prop_lut2_I0_O)        0.120     5.451 r  u_hist/bin_mem_reg_i_23/O
                         net (fo=1, unplaced)         0.466     5.916    u_hist/wdata[7]
                         RAMB18E1                                     r  u_hist/bin_mem_reg/DIADI[7]
  -------------------------------------------------------------------    -------------------

                         (clock net_clk rise edge)    6.400     6.400 r  
                                                      0.000     6.400 r  net_clk (IN)
                         net (fo=1291, unset)         0.510     6.910    u_hist/net_clk
                         RAMB18E1                                     r  u_hist/bin_mem_reg/CLKBWRCLK
                         clock pessimism              0.000     6.910    
                         clock uncertainty           -0.035     6.875    
                         RAMB18E1 (Setup_ramb18e1_CLKBWRCLK_DIADI[7])
                                                     -0.182     6.693    u_hist/bin_mem_reg
  -------------------------------------------------------------------
                         required time                          6.693    
                         arrival time                          -5.916    
  -------------------------------------------------------------------
                         slack                                  0.777    

Slack (MET) :             5.885ns  (required time - arrival time)
  Source:                 u_bridge/rdata_hold_reg[0]/C
                            (rising edge-triggered cell FDRE clocked by net_clk  {rise@0.000ns fall@3.200ns period=6.400ns})
  Destination:            u_bridge/m_rdata_reg[0]/D
                            (rising edge-triggered cell FDRE clocked by aclk  {rise@0.000ns fall@5.000ns period=10.000ns})
  Path Group:             aclk
  Path Type:              Setup (Max at Slow Process Corner)
  Requirement:            6.400ns  (MaxDelay Path 6.400ns)
  Data Path Delay:        0.422ns  (logic 0.233ns (55.213%)  route 0.189ns (44.787%))
  Logic Levels:           0  
  Timing Exception:       MaxDelay Path 6.400ns -datapath_only

    Location             Delay type                Incr(ns)  Path(ns)    Netlist Resource(s)
  -------------------------------------------------------------------    -------------------
                                                      0.000     0.000 r  u_bridge/rdata_hold_reg[0]/C
                         FDRE (Prop_fdre_C_Q)         0.233     0.233 r  u_bridge/rdata_hold_reg[0]/Q
                         net (fo=1, unplaced)         0.189     0.422    u_bridge/rdata_hold[0]
                         FDRE                                         r  u_bridge/m_rdata_reg[0]/D
  -------------------------------------------------------------------    -------------------

                         max delay                    6.400     6.400    
                         FDRE (Setup_fdre_C_D)       -0.093     6.307    u_bridge/m_rdata_reg[0]
  -------------------------------------------------------------------
                         required time                          6.307    
                         arrival time                          -0.422    
  -------------------------------------------------------------------
                         slack                                  5.885    

Slack (MET) :             5.885ns  (required time - arrival time)
  Source:                 u_bridge/rdata_hold_reg[10]/C
                            (rising edge-triggered cell FDRE clocked by net_clk  {rise@0.000ns fall@3.200ns period=6.400ns})
  Destination:            u_bridge/m_rdata_reg[10]/D
                            (rising edge-triggered cell FDRE clocked by aclk  {rise@0.000ns fall@5.000ns period=10.000ns})
  Path Group:             aclk
  Path Type:              Setup (Max at Slow Process Corner)
  Requirement:            6.400ns  (MaxDelay Path 6.400ns)
  Data Path Delay:        0.422ns  (logic 0.233ns (55.213%)  route 0.189ns (44.787%))
  Logic Levels:           0  
  Timing Exception:       MaxDelay Path 6.400ns -datapath_only

    Location             Delay type                Incr(ns)  Path(ns)    Netlist Resource(s)
  -------------------------------------------------------------------    -------------------
                                                      0.000     0.000 r  u_bridge/rdata_hold_reg[10]/C
                         FDRE (Prop_fdre_C_Q)         0.233     0.233 r  u_bridge/rdata_hold_reg[10]/Q
                         net (fo=1, unplaced)         0.189     0.422    u_bridge/rdata_hold[10]
                         FDRE                                         r  u_bridge/m_rdata_reg[10]/D
  -------------------------------------------------------------------    -------------------

                         max delay                    6.400     6.400    
                         FDRE (Setup_fdre_C_D)       -0.093     6.307    u_bridge/m_rdata_reg[10]
  -------------------------------------------------------------------
                         required time                          6.307    
                         arrival time                          -0.422    
  -------------------------------------------------------------------
                         slack                                  5.885    

Slack (MET) :             5.885ns  (required time - arrival time)
  Source:                 u_bridge/rdata_hold_reg[11]/C
                            (rising edge-triggered cell FDRE clocked by net_clk  {rise@0.000ns fall@3.200ns period=6.400ns})
  Destination:            u_bridge/m_rdata_reg[11]/D
                            (rising edge-triggered cell FDRE clocked by aclk  {rise@0.000ns fall@5.000ns period=10.000ns})
  Path Group:             aclk
  Path Type:              Setup (Max at Slow Process Corner)
  Requirement:            6.400ns  (MaxDelay Path 6.400ns)
  Data Path Delay:        0.422ns  (logic 0.233ns (55.213%)  route 0.189ns (44.787%))
  Logic Levels:           0  
  Timing Exception:       MaxDelay Path 6.400ns -datapath_only

    Location             Delay type                Incr(ns)  Path(ns)    Netlist Resource(s)
  -------------------------------------------------------------------    -------------------
                                                      0.000     0.000 r  u_bridge/rdata_hold_reg[11]/C
                         FDRE (Prop_fdre_C_Q)         0.233     0.233 r  u_bridge/rdata_hold_reg[11]/Q
                         net (fo=1, unplaced)         0.189     0.422    u_bridge/rdata_hold[11]
                         FDRE                                         r  u_bridge/m_rdata_reg[11]/D
  -------------------------------------------------------------------    -------------------

                         max delay                    6.400     6.400    
                         FDRE (Setup_fdre_C_D)       -0.093     6.307    u_bridge/m_rdata_reg[11]
  -------------------------------------------------------------------
                         required time                          6.307    
                         arrival time                          -0.422    
  -------------------------------------------------------------------
                         slack                                  5.885    

Slack (MET) :             5.885ns  (required time - arrival time)
  Source:                 u_bridge/rdata_hold_reg[12]/C
                            (rising edge-triggered cell FDRE clocked by net_clk  {rise@0.000ns fall@3.200ns period=6.400ns})
  Destination:            u_bridge/m_rdata_reg[12]/D
                            (rising edge-triggered cell FDRE clocked by aclk  {rise@0.000ns fall@5.000ns period=10.000ns})
  Path Group:             aclk
  Path Type:              Setup (Max at Slow Process Corner)
  Requirement:            6.400ns  (MaxDelay Path 6.400ns)
  Data Path Delay:        0.422ns  (logic 0.233ns (55.213%)  route 0.189ns (44.787%))
  Logic Levels:           0  
  Timing Exception:       MaxDelay Path 6.400ns -datapath_only

    Location             Delay type                Incr(ns)  Path(ns)    Netlist Resource(s)
  -------------------------------------------------------------------    -------------------
                                                      0.000     0.000 r  u_bridge/rdata_hold_reg[12]/C
                         FDRE (Prop_fdre_C_Q)         0.233     0.233 r  u_bridge/rdata_hold_reg[12]/Q
                         net (fo=1, unplaced)         0.189     0.422    u_bridge/rdata_hold[12]
                         FDRE                                         r  u_bridge/m_rdata_reg[12]/D
  -------------------------------------------------------------------    -------------------

                         max delay                    6.400     6.400    
                         FDRE (Setup_fdre_C_D)       -0.093     6.307    u_bridge/m_rdata_reg[12]
  -------------------------------------------------------------------
                         required time                          6.307    
                         arrival time                          -0.422    
  -------------------------------------------------------------------
                         slack                                  5.885    

Slack (MET) :             5.885ns  (required time - arrival time)
  Source:                 u_bridge/rdata_hold_reg[13]/C
                            (rising edge-triggered cell FDRE clocked by net_clk  {rise@0.000ns fall@3.200ns period=6.400ns})
  Destination:            u_bridge/m_rdata_reg[13]/D
                            (rising edge-triggered cell FDRE clocked by aclk  {rise@0.000ns fall@5.000ns period=10.000ns})
  Path Group:             aclk
  Path Type:              Setup (Max at Slow Process Corner)
  Requirement:            6.400ns  (MaxDelay Path 6.400ns)
  Data Path Delay:        0.422ns  (logic 0.233ns (55.213%)  route 0.189ns (44.787%))
  Logic Levels:           0  
  Timing Exception:       MaxDelay Path 6.400ns -datapath_only

    Location             Delay type                Incr(ns)  Path(ns)    Netlist Resource(s)
  -------------------------------------------------------------------    -------------------
                                                      0.000     0.000 r  u_bridge/rdata_hold_reg[13]/C
                         FDRE (Prop_fdre_C_Q)         0.233     0.233 r  u_bridge/rdata_hold_reg[13]/Q
                         net (fo=1, unplaced)         0.189     0.422    u_bridge/rdata_hold[13]
                         FDRE                                         r  u_bridge/m_rdata_reg[13]/D
  -------------------------------------------------------------------    -------------------

                         max delay                    6.400     6.400    
                         FDRE (Setup_fdre_C_D)       -0.093     6.307    u_bridge/m_rdata_reg[13]
  -------------------------------------------------------------------
                         required time                          6.307    
                         arrival time                          -0.422    
  -------------------------------------------------------------------
                         slack                                  5.885    

Slack (MET) :             5.885ns  (required time - arrival time)
  Source:                 u_bridge/rdata_hold_reg[14]/C
                            (rising edge-triggered cell FDRE clocked by net_clk  {rise@0.000ns fall@3.200ns period=6.400ns})
  Destination:            u_bridge/m_rdata_reg[14]/D
                            (rising edge-triggered cell FDRE clocked by aclk  {rise@0.000ns fall@5.000ns period=10.000ns})
  Path Group:             aclk
  Path Type:              Setup (Max at Slow Process Corner)
  Requirement:            6.400ns  (MaxDelay Path 6.400ns)
  Data Path Delay:        0.422ns  (logic 0.233ns (55.213%)  route 0.189ns (44.787%))
  Logic Levels:           0  
  Timing Exception:       MaxDelay Path 6.400ns -datapath_only

    Location             Delay type                Incr(ns)  Path(ns)    Netlist Resource(s)
  -------------------------------------------------------------------    -------------------
                                                      0.000     0.000 r  u_bridge/rdata_hold_reg[14]/C
                         FDRE (Prop_fdre_C_Q)         0.233     0.233 r  u_bridge/rdata_hold_reg[14]/Q
                         net (fo=1, unplaced)         0.189     0.422    u_bridge/rdata_hold[14]
                         FDRE                                         r  u_bridge/m_rdata_reg[14]/D
  -------------------------------------------------------------------    -------------------

                         max delay                    6.400     6.400    
                         FDRE (Setup_fdre_C_D)       -0.093     6.307    u_bridge/m_rdata_reg[14]
  -------------------------------------------------------------------
                         required time                          6.307    
                         arrival time                          -0.422    
  -------------------------------------------------------------------
                         slack                                  5.885    

Slack (MET) :             5.885ns  (required time - arrival time)
  Source:                 u_bridge/rdata_hold_reg[15]/C
                            (rising edge-triggered cell FDRE clocked by net_clk  {rise@0.000ns fall@3.200ns period=6.400ns})
  Destination:            u_bridge/m_rdata_reg[15]/D
                            (rising edge-triggered cell FDRE clocked by aclk  {rise@0.000ns fall@5.000ns period=10.000ns})
  Path Group:             aclk
  Path Type:              Setup (Max at Slow Process Corner)
  Requirement:            6.400ns  (MaxDelay Path 6.400ns)
  Data Path Delay:        0.422ns  (logic 0.233ns (55.213%)  route 0.189ns (44.787%))
  Logic Levels:           0  
  Timing Exception:       MaxDelay Path 6.400ns -datapath_only

    Location             Delay type                Incr(ns)  Path(ns)    Netlist Resource(s)
  -------------------------------------------------------------------    -------------------
                                                      0.000     0.000 r  u_bridge/rdata_hold_reg[15]/C
                         FDRE (Prop_fdre_C_Q)         0.233     0.233 r  u_bridge/rdata_hold_reg[15]/Q
                         net (fo=1, unplaced)         0.189     0.422    u_bridge/rdata_hold[15]
                         FDRE                                         r  u_bridge/m_rdata_reg[15]/D
  -------------------------------------------------------------------    -------------------

                         max delay                    6.400     6.400    
                         FDRE (Setup_fdre_C_D)       -0.093     6.307    u_bridge/m_rdata_reg[15]
  -------------------------------------------------------------------
                         required time                          6.307    
                         arrival time                          -0.422    
  -------------------------------------------------------------------
                         slack                                  5.885    

Slack (MET) :             5.885ns  (required time - arrival time)
  Source:                 u_bridge/rdata_hold_reg[16]/C
                            (rising edge-triggered cell FDRE clocked by net_clk  {rise@0.000ns fall@3.200ns period=6.400ns})
  Destination:            u_bridge/m_rdata_reg[16]/D
                            (rising edge-triggered cell FDRE clocked by aclk  {rise@0.000ns fall@5.000ns period=10.000ns})
  Path Group:             aclk
  Path Type:              Setup (Max at Slow Process Corner)
  Requirement:            6.400ns  (MaxDelay Path 6.400ns)
  Data Path Delay:        0.422ns  (logic 0.233ns (55.213%)  route 0.189ns (44.787%))
  Logic Levels:           0  
  Timing Exception:       MaxDelay Path 6.400ns -datapath_only

    Location             Delay type                Incr(ns)  Path(ns)    Netlist Resource(s)
  -------------------------------------------------------------------    -------------------
                                                      0.000     0.000 r  u_bridge/rdata_hold_reg[16]/C
                         FDRE (Prop_fdre_C_Q)         0.233     0.233 r  u_bridge/rdata_hold_reg[16]/Q
                         net (fo=1, unplaced)         0.189     0.422    u_bridge/rdata_hold[16]
                         FDRE                                         r  u_bridge/m_rdata_reg[16]/D
  -------------------------------------------------------------------    -------------------

                         max delay                    6.400     6.400    
                         FDRE (Setup_fdre_C_D)       -0.093     6.307    u_bridge/m_rdata_reg[16]
  -------------------------------------------------------------------
                         required time                          6.307    
                         arrival time                          -0.422    
  -------------------------------------------------------------------
                         slack                                  5.885    

Slack (MET) :             5.885ns  (required time - arrival time)
  Source:                 u_bridge/rdata_hold_reg[17]/C
                            (rising edge-triggered cell FDRE clocked by net_clk  {rise@0.000ns fall@3.200ns period=6.400ns})
  Destination:            u_bridge/m_rdata_reg[17]/D
                            (rising edge-triggered cell FDRE clocked by aclk  {rise@0.000ns fall@5.000ns period=10.000ns})
  Path Group:             aclk
  Path Type:              Setup (Max at Slow Process Corner)
  Requirement:            6.400ns  (MaxDelay Path 6.400ns)
  Data Path Delay:        0.422ns  (logic 0.233ns (55.213%)  route 0.189ns (44.787%))
  Logic Levels:           0  
  Timing Exception:       MaxDelay Path 6.400ns -datapath_only

    Location             Delay type                Incr(ns)  Path(ns)    Netlist Resource(s)
  -------------------------------------------------------------------    -------------------
                                                      0.000     0.000 r  u_bridge/rdata_hold_reg[17]/C
                         FDRE (Prop_fdre_C_Q)         0.233     0.233 r  u_bridge/rdata_hold_reg[17]/Q
                         net (fo=1, unplaced)         0.189     0.422    u_bridge/rdata_hold[17]
                         FDRE                                         r  u_bridge/m_rdata_reg[17]/D
  -------------------------------------------------------------------    -------------------

                         max delay                    6.400     6.400    
                         FDRE (Setup_fdre_C_D)       -0.093     6.307    u_bridge/m_rdata_reg[17]
  -------------------------------------------------------------------
                         required time                          6.307    
                         arrival time                          -0.422    
  -------------------------------------------------------------------
                         slack                                  5.885    

Slack (MET) :             5.885ns  (required time - arrival time)
  Source:                 u_bridge/rdata_hold_reg[18]/C
                            (rising edge-triggered cell FDRE clocked by net_clk  {rise@0.000ns fall@3.200ns period=6.400ns})
  Destination:            u_bridge/m_rdata_reg[18]/D
                            (rising edge-triggered cell FDRE clocked by aclk  {rise@0.000ns fall@5.000ns period=10.000ns})
  Path Group:             aclk
  Path Type:              Setup (Max at Slow Process Corner)
  Requirement:            6.400ns  (MaxDelay Path 6.400ns)
  Data Path Delay:        0.422ns  (logic 0.233ns (55.213%)  route 0.189ns (44.787%))
  Logic Levels:           0  
  Timing Exception:       MaxDelay Path 6.400ns -datapath_only

    Location             Delay type                Incr(ns)  Path(ns)    Netlist Resource(s)
  -------------------------------------------------------------------    -------------------
                                                      0.000     0.000 r  u_bridge/rdata_hold_reg[18]/C
                         FDRE (Prop_fdre_C_Q)         0.233     0.233 r  u_bridge/rdata_hold_reg[18]/Q
                         net (fo=1, unplaced)         0.189     0.422    u_bridge/rdata_hold[18]
                         FDRE                                         r  u_bridge/m_rdata_reg[18]/D
  -------------------------------------------------------------------    -------------------

                         max delay                    6.400     6.400    
                         FDRE (Setup_fdre_C_D)       -0.093     6.307    u_bridge/m_rdata_reg[18]
  -------------------------------------------------------------------
                         required time                          6.307    
                         arrival time                          -0.422    
  -------------------------------------------------------------------
                         slack                                  5.885    




